Archive member included because of file (symbol)

c:/microsemi/libero_v11.2/softconsole/sourcery-g++/bin/../lib/gcc/arm-none-eabi/4.4.1/../../../../arm-none-eabi/lib/thumb2\libc.a(lib_a-errno.o)
                              ./CMSIS/startup_gcc/newlib_stubs.o (__errno)
c:/microsemi/libero_v11.2/softconsole/sourcery-g++/bin/../lib/gcc/arm-none-eabi/4.4.1/../../../../arm-none-eabi/lib/thumb2\libc.a(lib_a-impure.o)
                              c:/microsemi/libero_v11.2/softconsole/sourcery-g++/bin/../lib/gcc/arm-none-eabi/4.4.1/../../../../arm-none-eabi/lib/thumb2\libc.a(lib_a-errno.o) (_impure_ptr)
c:/microsemi/libero_v11.2/softconsole/sourcery-g++/bin/../lib/gcc/arm-none-eabi/4.4.1/../../../../arm-none-eabi/lib/thumb2\libc.a(lib_a-init.o)
                              ./CMSIS/startup_gcc/startup_m2sxxx.o (__libc_init_array)
c:/microsemi/libero_v11.2/softconsole/sourcery-g++/bin/../lib/gcc/arm-none-eabi/4.4.1/../../../../arm-none-eabi/lib/thumb2\libc.a(lib_a-memcpy.o)
                              ./drivers/mss_sys_services/mss_sys_services.o (memcpy)
c:/microsemi/libero_v11.2/softconsole/sourcery-g++/bin/../lib/gcc/arm-none-eabi/4.4.1/../../../../arm-none-eabi/lib/thumb2\libc.a(lib_a-snprintf.o)
                              ./main.o (snprintf)
c:/microsemi/libero_v11.2/softconsole/sourcery-g++/bin/../lib/gcc/arm-none-eabi/4.4.1/../../../../arm-none-eabi/lib/thumb2\libc.a(lib_a-svfprintf.o)
                              c:/microsemi/libero_v11.2/softconsole/sourcery-g++/bin/../lib/gcc/arm-none-eabi/4.4.1/../../../../arm-none-eabi/lib/thumb2\libc.a(lib_a-snprintf.o) (_svfprintf_r)
c:/microsemi/libero_v11.2/softconsole/sourcery-g++/bin/../lib/gcc/arm-none-eabi/4.4.1/../../../../arm-none-eabi/lib/thumb2\libc.a(lib_a-dtoa.o)
                              c:/microsemi/libero_v11.2/softconsole/sourcery-g++/bin/../lib/gcc/arm-none-eabi/4.4.1/../../../../arm-none-eabi/lib/thumb2\libc.a(lib_a-svfprintf.o) (_dtoa_r)
c:/microsemi/libero_v11.2/softconsole/sourcery-g++/bin/../lib/gcc/arm-none-eabi/4.4.1/../../../../arm-none-eabi/lib/thumb2\libc.a(lib_a-freer.o)
                              c:/microsemi/libero_v11.2/softconsole/sourcery-g++/bin/../lib/gcc/arm-none-eabi/4.4.1/../../../../arm-none-eabi/lib/thumb2\libc.a(lib_a-svfprintf.o) (_free_r)
c:/microsemi/libero_v11.2/softconsole/sourcery-g++/bin/../lib/gcc/arm-none-eabi/4.4.1/../../../../arm-none-eabi/lib/thumb2\libc.a(lib_a-locale.o)
                              c:/microsemi/libero_v11.2/softconsole/sourcery-g++/bin/../lib/gcc/arm-none-eabi/4.4.1/../../../../arm-none-eabi/lib/thumb2\libc.a(lib_a-svfprintf.o) (_localeconv_r)
c:/microsemi/libero_v11.2/softconsole/sourcery-g++/bin/../lib/gcc/arm-none-eabi/4.4.1/../../../../arm-none-eabi/lib/thumb2\libc.a(lib_a-malloc.o)
                              c:/microsemi/libero_v11.2/softconsole/sourcery-g++/bin/../lib/gcc/arm-none-eabi/4.4.1/../../../../arm-none-eabi/lib/thumb2\libc.a(lib_a-dtoa.o) (malloc)
c:/microsemi/libero_v11.2/softconsole/sourcery-g++/bin/../lib/gcc/arm-none-eabi/4.4.1/../../../../arm-none-eabi/lib/thumb2\libc.a(lib_a-mallocr.o)
                              c:/microsemi/libero_v11.2/softconsole/sourcery-g++/bin/../lib/gcc/arm-none-eabi/4.4.1/../../../../arm-none-eabi/lib/thumb2\libc.a(lib_a-svfprintf.o) (_malloc_r)
c:/microsemi/libero_v11.2/softconsole/sourcery-g++/bin/../lib/gcc/arm-none-eabi/4.4.1/../../../../arm-none-eabi/lib/thumb2\libc.a(lib_a-memchr.o)
                              c:/microsemi/libero_v11.2/softconsole/sourcery-g++/bin/../lib/gcc/arm-none-eabi/4.4.1/../../../../arm-none-eabi/lib/thumb2\libc.a(lib_a-svfprintf.o) (memchr)
c:/microsemi/libero_v11.2/softconsole/sourcery-g++/bin/../lib/gcc/arm-none-eabi/4.4.1/../../../../arm-none-eabi/lib/thumb2\libc.a(lib_a-memmove.o)
                              c:/microsemi/libero_v11.2/softconsole/sourcery-g++/bin/../lib/gcc/arm-none-eabi/4.4.1/../../../../arm-none-eabi/lib/thumb2\libc.a(lib_a-svfprintf.o) (memmove)
c:/microsemi/libero_v11.2/softconsole/sourcery-g++/bin/../lib/gcc/arm-none-eabi/4.4.1/../../../../arm-none-eabi/lib/thumb2\libc.a(lib_a-mlock.o)
                              c:/microsemi/libero_v11.2/softconsole/sourcery-g++/bin/../lib/gcc/arm-none-eabi/4.4.1/../../../../arm-none-eabi/lib/thumb2\libc.a(lib_a-freer.o) (__malloc_lock)
c:/microsemi/libero_v11.2/softconsole/sourcery-g++/bin/../lib/gcc/arm-none-eabi/4.4.1/../../../../arm-none-eabi/lib/thumb2\libc.a(lib_a-mprec.o)
                              c:/microsemi/libero_v11.2/softconsole/sourcery-g++/bin/../lib/gcc/arm-none-eabi/4.4.1/../../../../arm-none-eabi/lib/thumb2\libc.a(lib_a-dtoa.o) (__hi0bits)
c:/microsemi/libero_v11.2/softconsole/sourcery-g++/bin/../lib/gcc/arm-none-eabi/4.4.1/../../../../arm-none-eabi/lib/thumb2\libc.a(lib_a-reallocr.o)
                              c:/microsemi/libero_v11.2/softconsole/sourcery-g++/bin/../lib/gcc/arm-none-eabi/4.4.1/../../../../arm-none-eabi/lib/thumb2\libc.a(lib_a-svfprintf.o) (_realloc_r)
c:/microsemi/libero_v11.2/softconsole/sourcery-g++/bin/../lib/gcc/arm-none-eabi/4.4.1/../../../../arm-none-eabi/lib/thumb2\libc.a(lib_a-s_isinfd.o)
                              c:/microsemi/libero_v11.2/softconsole/sourcery-g++/bin/../lib/gcc/arm-none-eabi/4.4.1/../../../../arm-none-eabi/lib/thumb2\libc.a(lib_a-svfprintf.o) (__isinfd)
c:/microsemi/libero_v11.2/softconsole/sourcery-g++/bin/../lib/gcc/arm-none-eabi/4.4.1/../../../../arm-none-eabi/lib/thumb2\libc.a(lib_a-s_isnand.o)
                              c:/microsemi/libero_v11.2/softconsole/sourcery-g++/bin/../lib/gcc/arm-none-eabi/4.4.1/../../../../arm-none-eabi/lib/thumb2\libc.a(lib_a-svfprintf.o) (__isnand)
c:/microsemi/libero_v11.2/softconsole/sourcery-g++/bin/../lib/gcc/arm-none-eabi/4.4.1/../../../../arm-none-eabi/lib/thumb2\libc.a(lib_a-sbrkr.o)
                              c:/microsemi/libero_v11.2/softconsole/sourcery-g++/bin/../lib/gcc/arm-none-eabi/4.4.1/../../../../arm-none-eabi/lib/thumb2\libc.a(lib_a-freer.o) (_sbrk_r)
c:/microsemi/libero_v11.2/softconsole/sourcery-g++/bin/../lib/gcc/arm-none-eabi/4.4.1/../../../../arm-none-eabi/lib/thumb2\libc.a(lib_a-strcmp.o)
                              c:/microsemi/libero_v11.2/softconsole/sourcery-g++/bin/../lib/gcc/arm-none-eabi/4.4.1/../../../../arm-none-eabi/lib/thumb2\libc.a(lib_a-locale.o) (strcmp)
c:/microsemi/libero_v11.2/softconsole/sourcery-g++/bin/../lib/gcc/arm-none-eabi/4.4.1/../../../../arm-none-eabi/lib/thumb2\libc.a(lib_a-strlen.o)
                              c:/microsemi/libero_v11.2/softconsole/sourcery-g++/bin/../lib/gcc/arm-none-eabi/4.4.1/../../../../arm-none-eabi/lib/thumb2\libc.a(lib_a-svfprintf.o) (strlen)
c:/microsemi/libero_v11.2/softconsole/sourcery-g++/bin/../lib/gcc/arm-none-eabi/4.4.1/../../../../arm-none-eabi/lib/thumb2\libc.a(lib_a-callocr.o)
                              c:/microsemi/libero_v11.2/softconsole/sourcery-g++/bin/../lib/gcc/arm-none-eabi/4.4.1/../../../../arm-none-eabi/lib/thumb2\libc.a(lib_a-mprec.o) (_calloc_r)
c:/microsemi/libero_v11.2/softconsole/sourcery-g++/bin/../lib/gcc/arm-none-eabi/4.4.1/../../../../arm-none-eabi/lib/thumb2\libc.a(lib_a-memset.o)
                              c:/microsemi/libero_v11.2/softconsole/sourcery-g++/bin/../lib/gcc/arm-none-eabi/4.4.1/../../../../arm-none-eabi/lib/thumb2\libc.a(lib_a-callocr.o) (memset)
c:/microsemi/libero_v11.2/softconsole/sourcery-g++/bin/../lib/gcc/arm-none-eabi/4.4.1/../../../../arm-none-eabi/lib/thumb2\libc.a(lib_a-reent.o)
                              c:/microsemi/libero_v11.2/softconsole/sourcery-g++/bin/../lib/gcc/arm-none-eabi/4.4.1/../../../../arm-none-eabi/lib/thumb2\libc.a(lib_a-sbrkr.o) (errno)
c:/microsemi/libero_v11.2/softconsole/sourcery-g++/bin/../lib/gcc/arm-none-eabi/4.4.1/thumb2\libgcc.a(_udivsi3.o)
                              c:/microsemi/libero_v11.2/softconsole/sourcery-g++/bin/../lib/gcc/arm-none-eabi/4.4.1/../../../../arm-none-eabi/lib/thumb2\libc.a(lib_a-dtoa.o) (__aeabi_uidiv)
c:/microsemi/libero_v11.2/softconsole/sourcery-g++/bin/../lib/gcc/arm-none-eabi/4.4.1/thumb2\libgcc.a(_dvmd_tls.o)
                              c:/microsemi/libero_v11.2/softconsole/sourcery-g++/bin/../lib/gcc/arm-none-eabi/4.4.1/thumb2\libgcc.a(_udivsi3.o) (__aeabi_idiv0)
c:/microsemi/libero_v11.2/softconsole/sourcery-g++/bin/../lib/gcc/arm-none-eabi/4.4.1/thumb2\libgcc.a(_arm_addsubdf3.o)
                              c:/microsemi/libero_v11.2/softconsole/sourcery-g++/bin/../lib/gcc/arm-none-eabi/4.4.1/../../../../arm-none-eabi/lib/thumb2\libc.a(lib_a-dtoa.o) (__aeabi_dsub)
c:/microsemi/libero_v11.2/softconsole/sourcery-g++/bin/../lib/gcc/arm-none-eabi/4.4.1/thumb2\libgcc.a(_arm_muldivdf3.o)
                              c:/microsemi/libero_v11.2/softconsole/sourcery-g++/bin/../lib/gcc/arm-none-eabi/4.4.1/../../../../arm-none-eabi/lib/thumb2\libc.a(lib_a-dtoa.o) (__aeabi_dmul)
c:/microsemi/libero_v11.2/softconsole/sourcery-g++/bin/../lib/gcc/arm-none-eabi/4.4.1/thumb2\libgcc.a(_arm_cmpdf2.o)
                              c:/microsemi/libero_v11.2/softconsole/sourcery-g++/bin/../lib/gcc/arm-none-eabi/4.4.1/../../../../arm-none-eabi/lib/thumb2\libc.a(lib_a-svfprintf.o) (__aeabi_dcmpeq)
c:/microsemi/libero_v11.2/softconsole/sourcery-g++/bin/../lib/gcc/arm-none-eabi/4.4.1/thumb2\libgcc.a(_arm_fixdfsi.o)
                              c:/microsemi/libero_v11.2/softconsole/sourcery-g++/bin/../lib/gcc/arm-none-eabi/4.4.1/../../../../arm-none-eabi/lib/thumb2\libc.a(lib_a-dtoa.o) (__aeabi_d2iz)
c:/microsemi/libero_v11.2/softconsole/sourcery-g++/bin/../lib/gcc/arm-none-eabi/4.4.1/thumb2\libgcc.a(_aeabi_uldivmod.o)
                              c:/microsemi/libero_v11.2/softconsole/sourcery-g++/bin/../lib/gcc/arm-none-eabi/4.4.1/../../../../arm-none-eabi/lib/thumb2\libc.a(lib_a-svfprintf.o) (__aeabi_uldivmod)
c:/microsemi/libero_v11.2/softconsole/sourcery-g++/bin/../lib/gcc/arm-none-eabi/4.4.1/thumb2\libgcc.a(bpabi.o)
                              c:/microsemi/libero_v11.2/softconsole/sourcery-g++/bin/../lib/gcc/arm-none-eabi/4.4.1/thumb2\libgcc.a(_aeabi_uldivmod.o) (__gnu_uldivmod_helper)
c:/microsemi/libero_v11.2/softconsole/sourcery-g++/bin/../lib/gcc/arm-none-eabi/4.4.1/thumb2\libgcc.a(_divdi3.o)
                              c:/microsemi/libero_v11.2/softconsole/sourcery-g++/bin/../lib/gcc/arm-none-eabi/4.4.1/thumb2\libgcc.a(bpabi.o) (__divdi3)
c:/microsemi/libero_v11.2/softconsole/sourcery-g++/bin/../lib/gcc/arm-none-eabi/4.4.1/thumb2\libgcc.a(_udivdi3.o)
                              c:/microsemi/libero_v11.2/softconsole/sourcery-g++/bin/../lib/gcc/arm-none-eabi/4.4.1/thumb2\libgcc.a(bpabi.o) (__udivdi3)

Allocating common symbols
Common symbol       size              file

errno               0x4               c:/microsemi/libero_v11.2/softconsole/sourcery-g++/bin/../lib/gcc/arm-none-eabi/4.4.1/../../../../arm-none-eabi/lib/thumb2\libc.a(lib_a-reent.o)
g_mss_spi1          0x7c              ./drivers/mss_spi/mss_spi.o
g_mss_uart1         0x40              ./drivers/mss_uart/mss_uart.o
g_mss_uart0         0x40              ./drivers/mss_uart/mss_uart.o
g_mss_spi0          0x7c              ./drivers/mss_spi/mss_spi.o

Discarded input sections

 .text          0x00000000        0x0 c:/microsemi/libero_v11.2/softconsole/sourcery-g++/bin/../lib/gcc/arm-none-eabi/4.4.1/thumb2/crti.o
 .data          0x00000000        0x0 c:/microsemi/libero_v11.2/softconsole/sourcery-g++/bin/../lib/gcc/arm-none-eabi/4.4.1/thumb2/crti.o
 .bss           0x00000000        0x0 c:/microsemi/libero_v11.2/softconsole/sourcery-g++/bin/../lib/gcc/arm-none-eabi/4.4.1/thumb2/crti.o
 .data          0x00000000        0x4 c:/microsemi/libero_v11.2/softconsole/sourcery-g++/bin/../lib/gcc/arm-none-eabi/4.4.1/thumb2/crtbegin.o
 .text          0x00000000       0x18 ./hal/CortexM3/cortex_nvic.o
 .data          0x00000000        0x0 ./hal/CortexM3/cortex_nvic.o
 .bss           0x00000000        0x0 ./hal/CortexM3/cortex_nvic.o
 .text          0x00000000        0xe ./hal/CortexM3/GNU/hal.o
 .data          0x00000000        0x0 ./hal/CortexM3/GNU/hal.o
 .bss           0x00000000        0x0 ./hal/CortexM3/GNU/hal.o
 .text          0x00000000       0x90 ./hal/CortexM3/GNU/hw_reg_access.o
 .data          0x00000000        0x0 ./hal/CortexM3/GNU/hw_reg_access.o
 .bss           0x00000000        0x0 ./hal/CortexM3/GNU/hw_reg_access.o
 .text          0x00000000        0x0 ./drivers_config/sys_config/sys_config.o
 .data          0x00000000        0x0 ./drivers_config/sys_config/sys_config.o
 .bss           0x00000000        0x0 ./drivers_config/sys_config/sys_config.o
 .data          0x00000000        0x0 ./drivers/mss_uart/mss_uart.o
 .bss           0x00000000        0x0 ./drivers/mss_uart/mss_uart.o
 .data          0x00000000        0x0 ./drivers/mss_sys_services/mss_comblk.o
 .data          0x00000000        0x0 ./drivers/mss_spi/mss_spi.o
 .bss           0x00000000        0x0 ./drivers/mss_spi/mss_spi.o
 .text          0x00000000      0x1c8 ./drivers/mss_gpio/mss_gpio.o
 .data          0x00000000        0x0 ./drivers/mss_gpio/mss_gpio.o
 .bss           0x00000000        0x0 ./drivers/mss_gpio/mss_gpio.o
 .rodata        0x00000000       0xa0 ./drivers/mss_gpio/mss_gpio.o
 .data          0x00000000        0x0 ./drivers/at25df641/at25df641.o
 .bss           0x00000000        0x0 ./drivers/at25df641/at25df641.o
 .bss           0x00000000        0x0 ./CMSIS/system_m2sxxx.o
 .data          0x00000000        0x4 ./CMSIS/startup_gcc/newlib_stubs.o
 .text          0x00000000        0x0 ./CMSIS/startup_gcc/startup_m2sxxx.o
 .data          0x00000000        0x0 ./CMSIS/startup_gcc/startup_m2sxxx.o
 .bss           0x00000000        0x0 ./CMSIS/startup_gcc/startup_m2sxxx.o
 .data          0x00000000        0x0 c:/microsemi/libero_v11.2/softconsole/sourcery-g++/bin/../lib/gcc/arm-none-eabi/4.4.1/../../../../arm-none-eabi/lib/thumb2\libc.a(lib_a-errno.o)
 .bss           0x00000000        0x0 c:/microsemi/libero_v11.2/softconsole/sourcery-g++/bin/../lib/gcc/arm-none-eabi/4.4.1/../../../../arm-none-eabi/lib/thumb2\libc.a(lib_a-errno.o)
 .text          0x00000000        0x0 c:/microsemi/libero_v11.2/softconsole/sourcery-g++/bin/../lib/gcc/arm-none-eabi/4.4.1/../../../../arm-none-eabi/lib/thumb2\libc.a(lib_a-impure.o)
 .bss           0x00000000        0x0 c:/microsemi/libero_v11.2/softconsole/sourcery-g++/bin/../lib/gcc/arm-none-eabi/4.4.1/../../../../arm-none-eabi/lib/thumb2\libc.a(lib_a-impure.o)
 .rodata        0x00000000        0x4 c:/microsemi/libero_v11.2/softconsole/sourcery-g++/bin/../lib/gcc/arm-none-eabi/4.4.1/../../../../arm-none-eabi/lib/thumb2\libc.a(lib_a-impure.o)
 .data          0x00000000        0x0 c:/microsemi/libero_v11.2/softconsole/sourcery-g++/bin/../lib/gcc/arm-none-eabi/4.4.1/../../../../arm-none-eabi/lib/thumb2\libc.a(lib_a-init.o)
 .bss           0x00000000        0x0 c:/microsemi/libero_v11.2/softconsole/sourcery-g++/bin/../lib/gcc/arm-none-eabi/4.4.1/../../../../arm-none-eabi/lib/thumb2\libc.a(lib_a-init.o)
 .data          0x00000000        0x0 c:/microsemi/libero_v11.2/softconsole/sourcery-g++/bin/../lib/gcc/arm-none-eabi/4.4.1/../../../../arm-none-eabi/lib/thumb2\libc.a(lib_a-memcpy.o)
 .bss           0x00000000        0x0 c:/microsemi/libero_v11.2/softconsole/sourcery-g++/bin/../lib/gcc/arm-none-eabi/4.4.1/../../../../arm-none-eabi/lib/thumb2\libc.a(lib_a-memcpy.o)
 .data          0x00000000        0x0 c:/microsemi/libero_v11.2/softconsole/sourcery-g++/bin/../lib/gcc/arm-none-eabi/4.4.1/../../../../arm-none-eabi/lib/thumb2\libc.a(lib_a-snprintf.o)
 .bss           0x00000000        0x0 c:/microsemi/libero_v11.2/softconsole/sourcery-g++/bin/../lib/gcc/arm-none-eabi/4.4.1/../../../../arm-none-eabi/lib/thumb2\libc.a(lib_a-snprintf.o)
 .data          0x00000000        0x0 c:/microsemi/libero_v11.2/softconsole/sourcery-g++/bin/../lib/gcc/arm-none-eabi/4.4.1/../../../../arm-none-eabi/lib/thumb2\libc.a(lib_a-svfprintf.o)
 .bss           0x00000000        0x0 c:/microsemi/libero_v11.2/softconsole/sourcery-g++/bin/../lib/gcc/arm-none-eabi/4.4.1/../../../../arm-none-eabi/lib/thumb2\libc.a(lib_a-svfprintf.o)
 .data          0x00000000        0x0 c:/microsemi/libero_v11.2/softconsole/sourcery-g++/bin/../lib/gcc/arm-none-eabi/4.4.1/../../../../arm-none-eabi/lib/thumb2\libc.a(lib_a-dtoa.o)
 .bss           0x00000000        0x0 c:/microsemi/libero_v11.2/softconsole/sourcery-g++/bin/../lib/gcc/arm-none-eabi/4.4.1/../../../../arm-none-eabi/lib/thumb2\libc.a(lib_a-dtoa.o)
 .data          0x00000000        0x0 c:/microsemi/libero_v11.2/softconsole/sourcery-g++/bin/../lib/gcc/arm-none-eabi/4.4.1/../../../../arm-none-eabi/lib/thumb2\libc.a(lib_a-freer.o)
 .bss           0x00000000        0x0 c:/microsemi/libero_v11.2/softconsole/sourcery-g++/bin/../lib/gcc/arm-none-eabi/4.4.1/../../../../arm-none-eabi/lib/thumb2\libc.a(lib_a-freer.o)
 .data          0x00000000       0x10 c:/microsemi/libero_v11.2/softconsole/sourcery-g++/bin/../lib/gcc/arm-none-eabi/4.4.1/../../../../arm-none-eabi/lib/thumb2\libc.a(lib_a-locale.o)
 .bss           0x00000000        0xc c:/microsemi/libero_v11.2/softconsole/sourcery-g++/bin/../lib/gcc/arm-none-eabi/4.4.1/../../../../arm-none-eabi/lib/thumb2\libc.a(lib_a-locale.o)
 .data          0x00000000        0x0 c:/microsemi/libero_v11.2/softconsole/sourcery-g++/bin/../lib/gcc/arm-none-eabi/4.4.1/../../../../arm-none-eabi/lib/thumb2\libc.a(lib_a-malloc.o)
 .bss           0x00000000        0x0 c:/microsemi/libero_v11.2/softconsole/sourcery-g++/bin/../lib/gcc/arm-none-eabi/4.4.1/../../../../arm-none-eabi/lib/thumb2\libc.a(lib_a-malloc.o)
 .data          0x00000000        0x0 c:/microsemi/libero_v11.2/softconsole/sourcery-g++/bin/../lib/gcc/arm-none-eabi/4.4.1/../../../../arm-none-eabi/lib/thumb2\libc.a(lib_a-memchr.o)
 .bss           0x00000000        0x0 c:/microsemi/libero_v11.2/softconsole/sourcery-g++/bin/../lib/gcc/arm-none-eabi/4.4.1/../../../../arm-none-eabi/lib/thumb2\libc.a(lib_a-memchr.o)
 .data          0x00000000        0x0 c:/microsemi/libero_v11.2/softconsole/sourcery-g++/bin/../lib/gcc/arm-none-eabi/4.4.1/../../../../arm-none-eabi/lib/thumb2\libc.a(lib_a-memmove.o)
 .bss           0x00000000        0x0 c:/microsemi/libero_v11.2/softconsole/sourcery-g++/bin/../lib/gcc/arm-none-eabi/4.4.1/../../../../arm-none-eabi/lib/thumb2\libc.a(lib_a-memmove.o)
 .data          0x00000000        0x0 c:/microsemi/libero_v11.2/softconsole/sourcery-g++/bin/../lib/gcc/arm-none-eabi/4.4.1/../../../../arm-none-eabi/lib/thumb2\libc.a(lib_a-mlock.o)
 .bss           0x00000000        0x0 c:/microsemi/libero_v11.2/softconsole/sourcery-g++/bin/../lib/gcc/arm-none-eabi/4.4.1/../../../../arm-none-eabi/lib/thumb2\libc.a(lib_a-mlock.o)
 .data          0x00000000        0x0 c:/microsemi/libero_v11.2/softconsole/sourcery-g++/bin/../lib/gcc/arm-none-eabi/4.4.1/../../../../arm-none-eabi/lib/thumb2\libc.a(lib_a-mprec.o)
 .bss           0x00000000        0x0 c:/microsemi/libero_v11.2/softconsole/sourcery-g++/bin/../lib/gcc/arm-none-eabi/4.4.1/../../../../arm-none-eabi/lib/thumb2\libc.a(lib_a-mprec.o)
 .data          0x00000000        0x0 c:/microsemi/libero_v11.2/softconsole/sourcery-g++/bin/../lib/gcc/arm-none-eabi/4.4.1/../../../../arm-none-eabi/lib/thumb2\libc.a(lib_a-reallocr.o)
 .bss           0x00000000        0x0 c:/microsemi/libero_v11.2/softconsole/sourcery-g++/bin/../lib/gcc/arm-none-eabi/4.4.1/../../../../arm-none-eabi/lib/thumb2\libc.a(lib_a-reallocr.o)
 .data          0x00000000        0x0 c:/microsemi/libero_v11.2/softconsole/sourcery-g++/bin/../lib/gcc/arm-none-eabi/4.4.1/../../../../arm-none-eabi/lib/thumb2\libc.a(lib_a-s_isinfd.o)
 .bss           0x00000000        0x0 c:/microsemi/libero_v11.2/softconsole/sourcery-g++/bin/../lib/gcc/arm-none-eabi/4.4.1/../../../../arm-none-eabi/lib/thumb2\libc.a(lib_a-s_isinfd.o)
 .data          0x00000000        0x0 c:/microsemi/libero_v11.2/softconsole/sourcery-g++/bin/../lib/gcc/arm-none-eabi/4.4.1/../../../../arm-none-eabi/lib/thumb2\libc.a(lib_a-s_isnand.o)
 .bss           0x00000000        0x0 c:/microsemi/libero_v11.2/softconsole/sourcery-g++/bin/../lib/gcc/arm-none-eabi/4.4.1/../../../../arm-none-eabi/lib/thumb2\libc.a(lib_a-s_isnand.o)
 .data          0x00000000        0x0 c:/microsemi/libero_v11.2/softconsole/sourcery-g++/bin/../lib/gcc/arm-none-eabi/4.4.1/../../../../arm-none-eabi/lib/thumb2\libc.a(lib_a-sbrkr.o)
 .bss           0x00000000        0x0 c:/microsemi/libero_v11.2/softconsole/sourcery-g++/bin/../lib/gcc/arm-none-eabi/4.4.1/../../../../arm-none-eabi/lib/thumb2\libc.a(lib_a-sbrkr.o)
 .data          0x00000000        0x0 c:/microsemi/libero_v11.2/softconsole/sourcery-g++/bin/../lib/gcc/arm-none-eabi/4.4.1/../../../../arm-none-eabi/lib/thumb2\libc.a(lib_a-strcmp.o)
 .bss           0x00000000        0x0 c:/microsemi/libero_v11.2/softconsole/sourcery-g++/bin/../lib/gcc/arm-none-eabi/4.4.1/../../../../arm-none-eabi/lib/thumb2\libc.a(lib_a-strcmp.o)
 .data          0x00000000        0x0 c:/microsemi/libero_v11.2/softconsole/sourcery-g++/bin/../lib/gcc/arm-none-eabi/4.4.1/../../../../arm-none-eabi/lib/thumb2\libc.a(lib_a-strlen.o)
 .bss           0x00000000        0x0 c:/microsemi/libero_v11.2/softconsole/sourcery-g++/bin/../lib/gcc/arm-none-eabi/4.4.1/../../../../arm-none-eabi/lib/thumb2\libc.a(lib_a-strlen.o)
 .data          0x00000000        0x0 c:/microsemi/libero_v11.2/softconsole/sourcery-g++/bin/../lib/gcc/arm-none-eabi/4.4.1/../../../../arm-none-eabi/lib/thumb2\libc.a(lib_a-callocr.o)
 .bss           0x00000000        0x0 c:/microsemi/libero_v11.2/softconsole/sourcery-g++/bin/../lib/gcc/arm-none-eabi/4.4.1/../../../../arm-none-eabi/lib/thumb2\libc.a(lib_a-callocr.o)
 .data          0x00000000        0x0 c:/microsemi/libero_v11.2/softconsole/sourcery-g++/bin/../lib/gcc/arm-none-eabi/4.4.1/../../../../arm-none-eabi/lib/thumb2\libc.a(lib_a-memset.o)
 .bss           0x00000000        0x0 c:/microsemi/libero_v11.2/softconsole/sourcery-g++/bin/../lib/gcc/arm-none-eabi/4.4.1/../../../../arm-none-eabi/lib/thumb2\libc.a(lib_a-memset.o)
 .text          0x00000000      0x10c c:/microsemi/libero_v11.2/softconsole/sourcery-g++/bin/../lib/gcc/arm-none-eabi/4.4.1/../../../../arm-none-eabi/lib/thumb2\libc.a(lib_a-reent.o)
 .data          0x00000000        0x0 c:/microsemi/libero_v11.2/softconsole/sourcery-g++/bin/../lib/gcc/arm-none-eabi/4.4.1/../../../../arm-none-eabi/lib/thumb2\libc.a(lib_a-reent.o)
 .bss           0x00000000        0x0 c:/microsemi/libero_v11.2/softconsole/sourcery-g++/bin/../lib/gcc/arm-none-eabi/4.4.1/../../../../arm-none-eabi/lib/thumb2\libc.a(lib_a-reent.o)
 .data          0x00000000        0x0 c:/microsemi/libero_v11.2/softconsole/sourcery-g++/bin/../lib/gcc/arm-none-eabi/4.4.1/thumb2\libgcc.a(_udivsi3.o)
 .bss           0x00000000        0x0 c:/microsemi/libero_v11.2/softconsole/sourcery-g++/bin/../lib/gcc/arm-none-eabi/4.4.1/thumb2\libgcc.a(_udivsi3.o)
 .data          0x00000000        0x0 c:/microsemi/libero_v11.2/softconsole/sourcery-g++/bin/../lib/gcc/arm-none-eabi/4.4.1/thumb2\libgcc.a(_dvmd_tls.o)
 .bss           0x00000000        0x0 c:/microsemi/libero_v11.2/softconsole/sourcery-g++/bin/../lib/gcc/arm-none-eabi/4.4.1/thumb2\libgcc.a(_dvmd_tls.o)
 .data          0x00000000        0x0 c:/microsemi/libero_v11.2/softconsole/sourcery-g++/bin/../lib/gcc/arm-none-eabi/4.4.1/thumb2\libgcc.a(_arm_addsubdf3.o)
 .bss           0x00000000        0x0 c:/microsemi/libero_v11.2/softconsole/sourcery-g++/bin/../lib/gcc/arm-none-eabi/4.4.1/thumb2\libgcc.a(_arm_addsubdf3.o)
 .data          0x00000000        0x0 c:/microsemi/libero_v11.2/softconsole/sourcery-g++/bin/../lib/gcc/arm-none-eabi/4.4.1/thumb2\libgcc.a(_arm_muldivdf3.o)
 .bss           0x00000000        0x0 c:/microsemi/libero_v11.2/softconsole/sourcery-g++/bin/../lib/gcc/arm-none-eabi/4.4.1/thumb2\libgcc.a(_arm_muldivdf3.o)
 .data          0x00000000        0x0 c:/microsemi/libero_v11.2/softconsole/sourcery-g++/bin/../lib/gcc/arm-none-eabi/4.4.1/thumb2\libgcc.a(_arm_cmpdf2.o)
 .bss           0x00000000        0x0 c:/microsemi/libero_v11.2/softconsole/sourcery-g++/bin/../lib/gcc/arm-none-eabi/4.4.1/thumb2\libgcc.a(_arm_cmpdf2.o)
 .data          0x00000000        0x0 c:/microsemi/libero_v11.2/softconsole/sourcery-g++/bin/../lib/gcc/arm-none-eabi/4.4.1/thumb2\libgcc.a(_arm_fixdfsi.o)
 .bss           0x00000000        0x0 c:/microsemi/libero_v11.2/softconsole/sourcery-g++/bin/../lib/gcc/arm-none-eabi/4.4.1/thumb2\libgcc.a(_arm_fixdfsi.o)
 .data          0x00000000        0x0 c:/microsemi/libero_v11.2/softconsole/sourcery-g++/bin/../lib/gcc/arm-none-eabi/4.4.1/thumb2\libgcc.a(_aeabi_uldivmod.o)
 .bss           0x00000000        0x0 c:/microsemi/libero_v11.2/softconsole/sourcery-g++/bin/../lib/gcc/arm-none-eabi/4.4.1/thumb2\libgcc.a(_aeabi_uldivmod.o)
 .data          0x00000000        0x0 c:/microsemi/libero_v11.2/softconsole/sourcery-g++/bin/../lib/gcc/arm-none-eabi/4.4.1/thumb2\libgcc.a(bpabi.o)
 .bss           0x00000000        0x0 c:/microsemi/libero_v11.2/softconsole/sourcery-g++/bin/../lib/gcc/arm-none-eabi/4.4.1/thumb2\libgcc.a(bpabi.o)
 .data          0x00000000        0x0 c:/microsemi/libero_v11.2/softconsole/sourcery-g++/bin/../lib/gcc/arm-none-eabi/4.4.1/thumb2\libgcc.a(_divdi3.o)
 .bss           0x00000000        0x0 c:/microsemi/libero_v11.2/softconsole/sourcery-g++/bin/../lib/gcc/arm-none-eabi/4.4.1/thumb2\libgcc.a(_divdi3.o)
 .ARM.extab     0x00000000        0x0 c:/microsemi/libero_v11.2/softconsole/sourcery-g++/bin/../lib/gcc/arm-none-eabi/4.4.1/thumb2\libgcc.a(_divdi3.o)
 .data          0x00000000        0x0 c:/microsemi/libero_v11.2/softconsole/sourcery-g++/bin/../lib/gcc/arm-none-eabi/4.4.1/thumb2\libgcc.a(_udivdi3.o)
 .bss           0x00000000        0x0 c:/microsemi/libero_v11.2/softconsole/sourcery-g++/bin/../lib/gcc/arm-none-eabi/4.4.1/thumb2\libgcc.a(_udivdi3.o)
 .ARM.extab     0x00000000        0x0 c:/microsemi/libero_v11.2/softconsole/sourcery-g++/bin/../lib/gcc/arm-none-eabi/4.4.1/thumb2\libgcc.a(_udivdi3.o)
 .text          0x00000000        0x0 c:/microsemi/libero_v11.2/softconsole/sourcery-g++/bin/../lib/gcc/arm-none-eabi/4.4.1/thumb2/crtend.o
 .data          0x00000000        0x0 c:/microsemi/libero_v11.2/softconsole/sourcery-g++/bin/../lib/gcc/arm-none-eabi/4.4.1/thumb2/crtend.o
 .bss           0x00000000        0x0 c:/microsemi/libero_v11.2/softconsole/sourcery-g++/bin/../lib/gcc/arm-none-eabi/4.4.1/thumb2/crtend.o
 .text          0x00000000        0x0 c:/microsemi/libero_v11.2/softconsole/sourcery-g++/bin/../lib/gcc/arm-none-eabi/4.4.1/thumb2/crtn.o
 .data          0x00000000        0x0 c:/microsemi/libero_v11.2/softconsole/sourcery-g++/bin/../lib/gcc/arm-none-eabi/4.4.1/thumb2/crtn.o
 .bss           0x00000000        0x0 c:/microsemi/libero_v11.2/softconsole/sourcery-g++/bin/../lib/gcc/arm-none-eabi/4.4.1/thumb2/crtn.o

Memory Configuration

Name             Origin             Length             Attributes
ram              0x20000000         0x00010000         xrw
*default*        0x00000000         0xffffffff

Linker script and memory map

LOAD c:/microsemi/libero_v11.2/softconsole/sourcery-g++/bin/../lib/gcc/arm-none-eabi/4.4.1/thumb2/crti.o
LOAD c:/microsemi/libero_v11.2/softconsole/sourcery-g++/bin/../lib/gcc/arm-none-eabi/4.4.1/thumb2/crtbegin.o
LOAD ./main.o
LOAD ./hal/CortexM3/cortex_nvic.o
LOAD ./hal/CortexM3/GNU/hal.o
LOAD ./hal/CortexM3/GNU/hw_reg_access.o
LOAD ./drivers_config/sys_config/sys_config.o
LOAD ./drivers/mss_uart/mss_uart.o
LOAD ./drivers/mss_sys_services/mss_comblk.o
LOAD ./drivers/mss_sys_services/mss_sys_services.o
LOAD ./drivers/mss_spi/mss_spi.o
LOAD ./drivers/mss_gpio/mss_gpio.o
LOAD ./drivers/at25df641/at25df641.o
LOAD ./CMSIS/system_m2sxxx.o
LOAD ./CMSIS/startup_gcc/newlib_stubs.o
LOAD ./CMSIS/startup_gcc/startup_m2sxxx.o
START GROUP
LOAD c:/microsemi/libero_v11.2/softconsole/sourcery-g++/bin/../lib/gcc/arm-none-eabi/4.4.1/thumb2\libgcc.a
LOAD c:/microsemi/libero_v11.2/softconsole/sourcery-g++/bin/../lib/gcc/arm-none-eabi/4.4.1/../../../../arm-none-eabi/lib/thumb2\libc.a
LOAD c:/microsemi/libero_v11.2/softconsole/sourcery-g++/bin/../lib/gcc/arm-none-eabi/4.4.1/thumb2\libgcc.a
END GROUP
LOAD c:/microsemi/libero_v11.2/softconsole/sourcery-g++/bin/../lib/gcc/arm-none-eabi/4.4.1/thumb2/crtend.o
LOAD c:/microsemi/libero_v11.2/softconsole/sourcery-g++/bin/../lib/gcc/arm-none-eabi/4.4.1/thumb2/crtn.o
START GROUP
LOAD c:/microsemi/libero_v11.2/softconsole/sourcery-g++/bin/../lib/gcc/arm-none-eabi/4.4.1/../../../../arm-none-eabi/lib/thumb2\libc.a
LOAD c:/microsemi/libero_v11.2/softconsole/sourcery-g++/bin/../lib/gcc/arm-none-eabi/4.4.1/thumb2\libgcc.a
LOAD c:/microsemi/libero_v11.2/softconsole/sourcery-g++/bin/../lib/gcc/arm-none-eabi/4.4.1/../../../../arm-none-eabi/lib/thumb2\libm.a
END GROUP
                0x00000000                __DYNAMIC = 0x0
                0x20000000                RAM_START_ADDRESS = 0x20000000
                0x00010000                RAM_SIZE = 0x10000
                0x00001800                MAIN_STACK_SIZE = 0x1800
                0x00000800                PROCESS_STACK_SIZE = 0x800
                0x20010000                PROVIDE (__main_stack_start, (RAM_START_ADDRESS + RAM_SIZE))
                0x2000e800                PROVIDE (__process_stack_start, (__main_stack_start - MAIN_STACK_SIZE))
                0x20010000                PROVIDE (_estack, __main_stack_start)
                0x00000000                PROVIDE (__mirrored_nvm, 0x0)

.text           0x20000000     0xc190
 CREATE_OBJECT_SYMBOLS
                0x20000000                __text_load = LOADADDR (.text)
                0x20000000                __text_start = .
                0x20000000                __vector_table_vma_base_address = .
 *(.isr_vector)
 .isr_vector    0x20000000      0x2f0 ./CMSIS/startup_gcc/startup_m2sxxx.o
                0x20000000                g_pfnVectors
                0x20000188                Reset_Handler
                0x200001f8                NMI_Handler
                0x200001fa                HardFault_Handler
                0x200001fc                MemManage_Handler
                0x200001fe                BusFault_Handler
                0x20000200                UsageFault_Handler
                0x20000202                SVC_Handler
                0x20000204                DebugMon_Handler
                0x20000206                PendSV_Handler
                0x20000208                SysTick_Handler
                0x2000020a                WdogWakeup_IRQHandler
                0x2000020c                RTC_Wakeup_IRQHandler
                0x20000212                I2C0_IRQHandler
                0x20000214                I2C0_SMBAlert_IRQHandler
                0x20000216                I2C0_SMBus_IRQHandler
                0x20000218                I2C1_IRQHandler
                0x2000021a                I2C1_SMBAlert_IRQHandler
                0x2000021c                I2C1_SMBus_IRQHandler
                0x20000222                EthernetMAC_IRQHandler
                0x20000224                DMA_IRQHandler
                0x20000226                Timer1_IRQHandler
                0x20000228                Timer2_IRQHandler
                0x2000022a                CAN_IRQHandler
                0x2000022c                ENVM0_IRQHandler
                0x2000022e                ENVM1_IRQHandler
                0x20000232                USB_IRQHandler
                0x20000234                USB_DMA_IRQHandler
                0x20000236                PLL_Lock_IRQHandler
                0x20000238                PLL_LockLost_IRQHandler
                0x2000023a                CommSwitchError_IRQHandler
                0x2000023c                CacheError_IRQHandler
                0x2000023e                DDR_IRQHandler
                0x20000240                HPDMA_Complete_IRQHandler
                0x20000242                HPDMA_Error_IRQHandler
                0x20000244                ECC_Error_IRQHandler
                0x20000246                MDDR_IOCalib_IRQHandler
                0x20000248                FAB_PLL_Lock_IRQHandler
                0x2000024a                FAB_PLL_LockLost_IRQHandler
                0x2000024c                FIC64_IRQHandler
                0x2000024e                FabricIrq0_IRQHandler
                0x20000250                FabricIrq1_IRQHandler
                0x20000252                FabricIrq2_IRQHandler
                0x20000254                FabricIrq3_IRQHandler
                0x20000256                FabricIrq4_IRQHandler
                0x20000258                FabricIrq5_IRQHandler
                0x2000025a                FabricIrq6_IRQHandler
                0x2000025c                FabricIrq7_IRQHandler
                0x2000025e                FabricIrq8_IRQHandler
                0x20000260                FabricIrq9_IRQHandler
                0x20000262                FabricIrq10_IRQHandler
                0x20000264                FabricIrq11_IRQHandler
                0x20000266                FabricIrq12_IRQHandler
                0x20000268                FabricIrq13_IRQHandler
                0x2000026a                FabricIrq14_IRQHandler
                0x2000026c                FabricIrq15_IRQHandler
                0x2000026e                GPIO0_IRQHandler
                0x20000270                GPIO1_IRQHandler
                0x20000272                GPIO2_IRQHandler
                0x20000274                GPIO3_IRQHandler
                0x20000276                GPIO4_IRQHandler
                0x20000278                GPIO5_IRQHandler
                0x2000027a                GPIO6_IRQHandler
                0x2000027c                GPIO7_IRQHandler
                0x2000027e                GPIO8_IRQHandler
                0x20000280                GPIO9_IRQHandler
                0x20000282                GPIO10_IRQHandler
                0x20000284                GPIO11_IRQHandler
                0x20000286                GPIO12_IRQHandler
                0x20000288                GPIO13_IRQHandler
                0x2000028a                GPIO14_IRQHandler
                0x2000028c                GPIO15_IRQHandler
                0x2000028e                GPIO16_IRQHandler
                0x20000290                GPIO17_IRQHandler
                0x20000292                GPIO18_IRQHandler
                0x20000294                GPIO19_IRQHandler
                0x20000296                GPIO20_IRQHandler
                0x20000298                GPIO21_IRQHandler
                0x2000029a                GPIO22_IRQHandler
                0x2000029c                GPIO23_IRQHandler
                0x2000029e                GPIO24_IRQHandler
                0x200002a0                GPIO25_IRQHandler
                0x200002a2                GPIO26_IRQHandler
                0x200002a4                GPIO27_IRQHandler
                0x200002a6                GPIO28_IRQHandler
                0x200002a8                GPIO29_IRQHandler
                0x200002aa                GPIO30_IRQHandler
                0x200002ac                GPIO31_IRQHandler
                0x200002ae                mscc_post_hw_cfg_init
 *(.text .text.* .gnu.linkonce.t.*)
 .text          0x200002f0       0x30 c:/microsemi/libero_v11.2/softconsole/sourcery-g++/bin/../lib/gcc/arm-none-eabi/4.4.1/thumb2/crtbegin.o
 .text          0x20000320      0xf40 ./main.o
                0x20000320                int_to_hex_int
                0x20000394                delay
                0x2000047c                dump_spi_image
                0x20000538                copy_spi_image
                0x2000065c                press_any_key
                0x20000698                action_menu
                0x200007b8                spi_flash_bootloader
                0x20000838                isp_completion_handler
                0x20000938                main
                0x200011bc                page_read_handler
 .text          0x20001260     0x17c0 ./drivers/mss_uart/mss_uart.o
                0x20001260                MSS_UART_polled_tx
                0x2000132c                MSS_UART_polled_tx_string
                0x200013d8                MSS_UART_irq_tx
                0x2000147c                MSS_UART_tx_complete
                0x200014b8                MSS_UART_get_rx
                0x20001548                MSS_UART_enable_irq
                0x200015d4                MSS_UART_disable_irq
                0x20001640                MSS_UART_set_rx_handler
                0x200016e4                MSS_UART_set_loopback
                0x20001798                MSS_UART_set_rxstatus_handler
                0x20001820                MSS_UART_set_tx_handler
                0x200018b0                MSS_UART_set_modemstatus_handler
                0x20001938                MSS_UART_fill_tx_fifo
                0x200019e4                MSS_UART_get_rx_status
                0x20001a18                MSS_UART_get_modem_status
                0x20001a3c                MSS_UART_get_tx_status
                0x20001a70                MSS_UART_set_break
                0x20001aac                MSS_UART_clear_break
                0x20001ae8                MSS_UART_set_pidpei_handler
                0x20001b70                MSS_UART_set_linbreak_handler
                0x20001bf8                MSS_UART_set_linsync_handler
                0x20001c80                MSS_UART_set_nack_handler
                0x20001d04                MSS_UART_set_rx_timeout_handler
                0x20001d84                MSS_UART_enable_half_duplex
                0x20001dc0                MSS_UART_disable_half_duplex
                0x20001dfc                MSS_UART_set_rx_endian
                0x20001e6c                MSS_UART_set_tx_endian
                0x20001ee0                MSS_UART_set_filter_length
                0x20001f20                MSS_UART_enable_afm
                0x20001f5c                MSS_UART_disable_afm
                0x20001f98                MSS_UART_enable_afclear
                0x20001fd4                MSS_UART_disable_afclear
                0x20002010                MSS_UART_enable_rx_timeout
                0x20002050                MSS_UART_disable_rx_timeout
                0x2000208c                MSS_UART_enable_tx_time_guard
                0x200020cc                MSS_UART_disable_tx_time_guard
                0x20002108                MSS_UART_set_address
                0x2000212c                MSS_UART_set_ready_mode
                0x200021a0                MSS_UART_set_usart_mode
                0x20002344                UART1_IRQHandler
                0x20002364                UART0_IRQHandler
                0x20002780                MSS_UART_smartcard_init
                0x2000280c                MSS_UART_irda_init
                0x20002920                MSS_UART_lin_init
                0x2000299c                MSS_UART_init
 .text          0x20002a20      0x870 ./drivers/mss_sys_services/mss_comblk.o
                0x20002a20                MSS_COMBLK_init
                0x20002ae0                MSS_COMBLK_send_cmd_with_ptr
                0x20002b98                MSS_COMBLK_send_paged_cmd
                0x20002cec                MSS_COMBLK_send_cmd
                0x20002e68                ComBlk_IRQHandler
 .text          0x20003290     0x1acc ./drivers/mss_sys_services/mss_sys_services.o
                0x200033b0                MSS_SYS_clear_mesh_short
                0x200034a0                MSS_SYS_clear_lock_parity
                0x20003594                MSS_SYS_disable_puf_power_down
                0x20003684                MSS_SYS_enable_puf_power_down
                0x20003774                MSS_SYS_stop_clock_monitor
                0x20003860                MSS_SYS_start_clock_monitor
                0x20003954                MSS_SYS_check_digest
                0x20003a50                MSS_SYS_initiate_iap
                0x20003b5c                MSS_SYS_zeroize_device
                0x20003c34                MSS_SYS_nrbg_uninstantiate
                0x20003cac                MSS_SYS_nrbg_self_test
                0x20003d24                MSS_SYS_nrbg_reset
                0x20003da4                MSS_SYS_ecc_get_base_point
                0x20003e40                MSS_SYS_ecc_point_addition
                0x20003f20                MSS_SYS_ecc_point_multiplication
                0x20004000                MSS_SYS_puf_get_random_seed
                0x2000409c                MSS_SYS_puf_fetch_ecc_public_key
                0x20004138                MSS_SYS_puf_import_keycodes
                0x200041dc                MSS_SYS_puf_export_keycodes
                0x20004280                MSS_SYS_puf_fetch_key
                0x20004320                MSS_SYS_puf_delete_key
                0x200043ac                MSS_SYS_puf_enroll_key
                0x2000448c                MSS_SYS_puf_get_number_of_keys
                0x2000452c                MSS_SYS_puf_delete_activation_code
                0x200045b0                MSS_SYS_puf_create_activation_code
                0x20004634                MSS_SYS_nrbg_reseed
                0x2000466c                MSS_SYS_nrbg_generate
                0x200046d0                MSS_SYS_nrbg_instantiate
                0x20004724                MSS_SYS_challenge_response
                0x20004764                MSS_SYS_key_tree
                0x200047ac                MSS_SYS_hmac
                0x20004834                MSS_SYS_sha256
                0x200048a8                MSS_SYS_256bit_aes
                0x20004934                MSS_SYS_128bit_aes
                0x200049c0                MSS_SYS_get_secondary_device_certificate
                0x20004a40                MSS_SYS_get_device_certificate
                0x20004a54                MSS_SYS_get_design_version
                0x20004a68                MSS_SYS_get_user_code
                0x20004a7c                MSS_SYS_get_serial_number
                0x20004a90                MSS_SYS_start_isp
                0x20004b48                MSS_SYS_flash_freeze
                0x20004d30                MSS_SYS_init
 .text          0x20004d5c      0x850 ./drivers/mss_spi/mss_spi.o
                0x20004d5c                MSS_SPI_init
                0x20004ec0                MSS_SPI_configure_slave_mode
                0x20004f2c                MSS_SPI_configure_master_mode
                0x20004f94                MSS_SPI_set_slave_select
                0x20005010                MSS_SPI_clear_slave_select
                0x2000505c                MSS_SPI_transfer_frame
                0x200050b0                MSS_SPI_transfer_block
                0x200051d0                MSS_SPI_set_frame_rx_handler
                0x2000523c                MSS_SPI_set_slave_tx_frame
                0x200052ac                MSS_SPI_set_slave_block_buffers
                0x20005398                MSS_SPI_set_cmd_handler
                0x200053a8                MSS_SPI_set_cmd_response
                0x200053f4                MSS_SPI_enable
                0x20005400                MSS_SPI_disable
                0x2000540c                MSS_SPI_set_transfer_byte_count
                0x20005428                MSS_SPI_tx_done
                0x2000556c                SPI0_IRQHandler
                0x2000558c                SPI1_IRQHandler
 .text          0x200055ac      0x45c ./drivers/at25df641/at25df641.o
                0x200055ac                FLASH_get_status
                0x20005614                FLASH_erase_4k_block
                0x20005680                FLASH_chip_erase
                0x200056dc                FLASH_global_unprotect
                0x20005738                FLASH_read
                0x2000579c                FLASH_read_device_id
                0x200057e8                write_cmd_data
                0x200058a0                FLASH_program
                0x200059dc                FLASH_init
 .text          0x20005a08      0x3bc ./CMSIS/system_m2sxxx.o
                0x20005a08                SystemCoreClockUpdate
                0x20005b2c                SystemCoreClockHardUpdate
                0x20005cc0                DDRInit
                0x20005d28                SystemInit
 .text          0x20005dc4       0xd4 ./CMSIS/startup_gcc/newlib_stubs.o
                0x20005dc4                _close
                0x20005dcc                _exit
                0x20005dd0                _fstat
                0x20005ddc                _getpid
                0x20005de0                _isatty
                0x20005de4                _lseek
                0x20005de8                _open
                0x20005df0                _read
                0x20005df4                _write_r
                0x20005df8                _sbrk
                0x20005e24                _stat
                0x20005e30                _times
                0x20005e38                _wait
                0x20005e48                _unlink
                0x20005e58                _link
                0x20005e68                _kill
                0x20005e78                _fork
                0x20005e88                _execve
 .text          0x20005e98        0xc c:/microsemi/libero_v11.2/softconsole/sourcery-g++/bin/../lib/gcc/arm-none-eabi/4.4.1/../../../../arm-none-eabi/lib/thumb2\libc.a(lib_a-errno.o)
                0x20005e98                __errno
 .text          0x20005ea4       0x50 c:/microsemi/libero_v11.2/softconsole/sourcery-g++/bin/../lib/gcc/arm-none-eabi/4.4.1/../../../../arm-none-eabi/lib/thumb2\libc.a(lib_a-init.o)
                0x20005ea4                __libc_init_array
 .text          0x20005ef4      0x190 c:/microsemi/libero_v11.2/softconsole/sourcery-g++/bin/../lib/gcc/arm-none-eabi/4.4.1/../../../../arm-none-eabi/lib/thumb2\libc.a(lib_a-memcpy.o)
                0x20005ef4                memcpy
 .text          0x20006084       0xdc c:/microsemi/libero_v11.2/softconsole/sourcery-g++/bin/../lib/gcc/arm-none-eabi/4.4.1/../../../../arm-none-eabi/lib/thumb2\libc.a(lib_a-snprintf.o)
                0x20006084                snprintf
                0x200060f8                _snprintf_r
 .text          0x20006160     0x15a8 c:/microsemi/libero_v11.2/softconsole/sourcery-g++/bin/../lib/gcc/arm-none-eabi/4.4.1/../../../../arm-none-eabi/lib/thumb2\libc.a(lib_a-svfprintf.o)
                0x2000627c                _svfprintf_r
 .text          0x20007708      0xfb8 c:/microsemi/libero_v11.2/softconsole/sourcery-g++/bin/../lib/gcc/arm-none-eabi/4.4.1/../../../../arm-none-eabi/lib/thumb2\libc.a(lib_a-dtoa.o)
                0x20007828                _dtoa_r
 .text          0x200086c0      0x268 c:/microsemi/libero_v11.2/softconsole/sourcery-g++/bin/../lib/gcc/arm-none-eabi/4.4.1/../../../../arm-none-eabi/lib/thumb2\libc.a(lib_a-freer.o)
                0x200086c0                _malloc_trim_r
                0x20008768                _free_r
 .text          0x20008928       0x74 c:/microsemi/libero_v11.2/softconsole/sourcery-g++/bin/../lib/gcc/arm-none-eabi/4.4.1/../../../../arm-none-eabi/lib/thumb2\libc.a(lib_a-locale.o)
                0x20008928                __locale_charset
                0x20008934                _localeconv_r
                0x2000893c                localeconv
                0x20008944                _setlocale_r
                0x2000898c                setlocale
 .text          0x2000899c       0x20 c:/microsemi/libero_v11.2/softconsole/sourcery-g++/bin/../lib/gcc/arm-none-eabi/4.4.1/../../../../arm-none-eabi/lib/thumb2\libc.a(lib_a-malloc.o)
                0x2000899c                free
                0x200089ac                malloc
 .text          0x200089bc      0x5a4 c:/microsemi/libero_v11.2/softconsole/sourcery-g++/bin/../lib/gcc/arm-none-eabi/4.4.1/../../../../arm-none-eabi/lib/thumb2\libc.a(lib_a-mallocr.o)
                0x200089bc                _malloc_r
 .text          0x20008f60       0x74 c:/microsemi/libero_v11.2/softconsole/sourcery-g++/bin/../lib/gcc/arm-none-eabi/4.4.1/../../../../arm-none-eabi/lib/thumb2\libc.a(lib_a-memchr.o)
                0x20008f60                memchr
 .text          0x20008fd4       0xb8 c:/microsemi/libero_v11.2/softconsole/sourcery-g++/bin/../lib/gcc/arm-none-eabi/4.4.1/../../../../arm-none-eabi/lib/thumb2\libc.a(lib_a-memmove.o)
                0x20008fd4                memmove
 .text          0x2000908c        0x8 c:/microsemi/libero_v11.2/softconsole/sourcery-g++/bin/../lib/gcc/arm-none-eabi/4.4.1/../../../../arm-none-eabi/lib/thumb2\libc.a(lib_a-mlock.o)
                0x2000908c                __malloc_lock
                0x20009090                __malloc_unlock
 .text          0x20009094      0x958 c:/microsemi/libero_v11.2/softconsole/sourcery-g++/bin/../lib/gcc/arm-none-eabi/4.4.1/../../../../arm-none-eabi/lib/thumb2\libc.a(lib_a-mprec.o)
                0x20009094                __hi0bits
                0x200090d4                __lo0bits
                0x20009138                __mcmp
                0x20009178                __ulp
                0x200091c4                __b2d
                0x2000926c                __ratio
                0x200092cc                _mprec_log10
                0x20009304                __copybits
                0x20009354                __any_on
                0x200093ac                _Bfree
                0x200093e4                _Balloc
                0x20009450                __d2b
                0x20009520                __mdiff
                0x20009618                __lshift
                0x200096d4                __multiply
                0x20009808                __i2b
                0x2000981c                __multadd
                0x200098a4                __pow5mult
                0x20009950                __s2b
 .text          0x200099ec      0x3b4 c:/microsemi/libero_v11.2/softconsole/sourcery-g++/bin/../lib/gcc/arm-none-eabi/4.4.1/../../../../arm-none-eabi/lib/thumb2\libc.a(lib_a-reallocr.o)
                0x200099ec                _realloc_r
 .text          0x20009da0       0x24 c:/microsemi/libero_v11.2/softconsole/sourcery-g++/bin/../lib/gcc/arm-none-eabi/4.4.1/../../../../arm-none-eabi/lib/thumb2\libc.a(lib_a-s_isinfd.o)
                0x20009da0                __isinfd
 .text          0x20009dc4       0x1c c:/microsemi/libero_v11.2/softconsole/sourcery-g++/bin/../lib/gcc/arm-none-eabi/4.4.1/../../../../arm-none-eabi/lib/thumb2\libc.a(lib_a-s_isnand.o)
                0x20009dc4                __isnand
 .text          0x20009de0       0x28 c:/microsemi/libero_v11.2/softconsole/sourcery-g++/bin/../lib/gcc/arm-none-eabi/4.4.1/../../../../arm-none-eabi/lib/thumb2\libc.a(lib_a-sbrkr.o)
                0x20009de0                _sbrk_r
 .text          0x20009e08      0x1dc c:/microsemi/libero_v11.2/softconsole/sourcery-g++/bin/../lib/gcc/arm-none-eabi/4.4.1/../../../../arm-none-eabi/lib/thumb2\libc.a(lib_a-strcmp.o)
                0x20009e08                strcmp
 .text          0x20009fe4       0x60 c:/microsemi/libero_v11.2/softconsole/sourcery-g++/bin/../lib/gcc/arm-none-eabi/4.4.1/../../../../arm-none-eabi/lib/thumb2\libc.a(lib_a-strlen.o)
                0x20009fe4                strlen
 .text          0x2000a044       0x5c c:/microsemi/libero_v11.2/softconsole/sourcery-g++/bin/../lib/gcc/arm-none-eabi/4.4.1/../../../../arm-none-eabi/lib/thumb2\libc.a(lib_a-callocr.o)
                0x2000a044                _calloc_r
 .text          0x2000a0a0       0xd4 c:/microsemi/libero_v11.2/softconsole/sourcery-g++/bin/../lib/gcc/arm-none-eabi/4.4.1/../../../../arm-none-eabi/lib/thumb2\libc.a(lib_a-memset.o)
                0x2000a0a0                memset
 *fill*         0x2000a174        0x4 00
 .text          0x2000a178      0x278 c:/microsemi/libero_v11.2/softconsole/sourcery-g++/bin/../lib/gcc/arm-none-eabi/4.4.1/thumb2\libgcc.a(_udivsi3.o)
                0x2000a178                __aeabi_uidiv
                0x2000a178                __udivsi3
                0x2000a3d4                __aeabi_uidivmod
 .text          0x2000a3f0        0x4 c:/microsemi/libero_v11.2/softconsole/sourcery-g++/bin/../lib/gcc/arm-none-eabi/4.4.1/thumb2\libgcc.a(_dvmd_tls.o)
                0x2000a3f0                __aeabi_idiv0
                0x2000a3f0                __aeabi_ldiv0
 .text          0x2000a3f4      0x370 c:/microsemi/libero_v11.2/softconsole/sourcery-g++/bin/../lib/gcc/arm-none-eabi/4.4.1/thumb2\libgcc.a(_arm_addsubdf3.o)
                0x2000a3f4                __aeabi_drsub
                0x2000a3fc                __aeabi_dsub
                0x2000a3fc                __subdf3
                0x2000a400                __aeabi_dadd
                0x2000a400                __adddf3
                0x2000a678                __floatunsidf
                0x2000a678                __aeabi_ui2d
                0x2000a698                __floatsidf
                0x2000a698                __aeabi_i2d
                0x2000a6bc                __aeabi_f2d
                0x2000a6bc                __extendsfdf2
                0x2000a6f8                __floatundidf
                0x2000a6f8                __aeabi_ul2d
                0x2000a708                __floatdidf
                0x2000a708                __aeabi_l2d
 .text          0x2000a764      0x424 c:/microsemi/libero_v11.2/softconsole/sourcery-g++/bin/../lib/gcc/arm-none-eabi/4.4.1/thumb2\libgcc.a(_arm_muldivdf3.o)
                0x2000a764                __aeabi_dmul
                0x2000a764                __muldf3
                0x2000a9b8                __divdf3
                0x2000a9b8                __aeabi_ddiv
 .text          0x2000ab88      0x110 c:/microsemi/libero_v11.2/softconsole/sourcery-g++/bin/../lib/gcc/arm-none-eabi/4.4.1/thumb2\libgcc.a(_arm_cmpdf2.o)
                0x2000ab88                __gtdf2
                0x2000ab88                __gedf2
                0x2000ab90                __ltdf2
                0x2000ab90                __ledf2
                0x2000ab98                __nedf2
                0x2000ab98                __eqdf2
                0x2000ab98                __cmpdf2
                0x2000ac14                __aeabi_cdrcmple
                0x2000ac24                __aeabi_cdcmpeq
                0x2000ac24                __aeabi_cdcmple
                0x2000ac34                __aeabi_dcmpeq
                0x2000ac48                __aeabi_dcmplt
                0x2000ac5c                __aeabi_dcmple
                0x2000ac70                __aeabi_dcmpge
                0x2000ac84                __aeabi_dcmpgt
 .text          0x2000ac98       0x50 c:/microsemi/libero_v11.2/softconsole/sourcery-g++/bin/../lib/gcc/arm-none-eabi/4.4.1/thumb2\libgcc.a(_arm_fixdfsi.o)
                0x2000ac98                __aeabi_d2iz
                0x2000ac98                __fixdfsi
 .text          0x2000ace8       0x2c c:/microsemi/libero_v11.2/softconsole/sourcery-g++/bin/../lib/gcc/arm-none-eabi/4.4.1/thumb2\libgcc.a(_aeabi_uldivmod.o)
                0x2000ace8                __aeabi_uldivmod
 .text          0x2000ad14       0x58 c:/microsemi/libero_v11.2/softconsole/sourcery-g++/bin/../lib/gcc/arm-none-eabi/4.4.1/thumb2\libgcc.a(bpabi.o)
                0x2000ad14                __gnu_uldivmod_helper
                0x2000ad40                __gnu_ldivmod_helper
 .text          0x2000ad6c      0x364 c:/microsemi/libero_v11.2/softconsole/sourcery-g++/bin/../lib/gcc/arm-none-eabi/4.4.1/thumb2\libgcc.a(_divdi3.o)
                0x2000ad6c                __divdi3
 .text          0x2000b0d0      0x300 c:/microsemi/libero_v11.2/softconsole/sourcery-g++/bin/../lib/gcc/arm-none-eabi/4.4.1/thumb2\libgcc.a(_udivdi3.o)
                0x2000b0d0                __udivdi3
 *(.plt)
 *(.gnu.warning)
 *(.glue_7t)
 .glue_7t       0x00000000        0x0 linker stubs
 *(.glue_7)
 .glue_7        0x00000000        0x0 linker stubs
 *(.vfp11_veneer)
 .vfp11_veneer  0x00000000        0x0 linker stubs
                0x2000b3d0                . = ALIGN (0x4)
 *crtbegin.o(.ctors)
 *(EXCLUDE_FILE(*crtend.o) .ctors)
 *(SORT(.ctors.*))
 *crtend.o(.ctors)
 *crtbegin.o(.dtors)
 *(EXCLUDE_FILE(*crtend.o) .dtors)
 *(SORT(.dtors.*))
 *crtend.o(.dtors)
 *(.rodata .rodata.* .gnu.linkonce.r.*)
 .rodata        0x2000b3d0      0x1b8 ./main.o
                0x2000b3d0                g_greeting_msg
                0x2000b584                gp_my_uart
 .rodata.str1.4
                0x2000b588      0x803 ./main.o
                                0x80c (size before relaxing)
 *fill*         0x2000bd8b        0x1 00
 .rodata        0x2000bd8c      0x110 ./drivers_config/sys_config/sys_config.o
                0x2000bd8c                g_m2s_mddr_addr
                0x2000bd90                g_m2s_mddr_subsys_config
 .rodata        0x2000be9c       0x60 ./drivers/mss_sys_services/mss_sys_services.o
 .rodata.str1.4
                0x2000befc       0x89 ./drivers/mss_sys_services/mss_sys_services.o
                                 0x8c (size before relaxing)
 *fill*         0x2000bf85        0x3 00
 .rodata        0x2000bf88        0x8 ./CMSIS/system_m2sxxx.o
 .rodata.str1.4
                0x2000bf90        0x2 c:/microsemi/libero_v11.2/softconsole/sourcery-g++/bin/../lib/gcc/arm-none-eabi/4.4.1/../../../../arm-none-eabi/lib/thumb2\libc.a(lib_a-impure.o)
                                  0x4 (size before relaxing)
 *fill*         0x2000bf92        0x2 00
 .rodata        0x2000bf94       0x20 c:/microsemi/libero_v11.2/softconsole/sourcery-g++/bin/../lib/gcc/arm-none-eabi/4.4.1/../../../../arm-none-eabi/lib/thumb2\libc.a(lib_a-svfprintf.o)
 .rodata.str1.4
                0x2000bfb4       0x42 c:/microsemi/libero_v11.2/softconsole/sourcery-g++/bin/../lib/gcc/arm-none-eabi/4.4.1/../../../../arm-none-eabi/lib/thumb2\libc.a(lib_a-svfprintf.o)
                                 0x44 (size before relaxing)
 *fill*         0x2000bff6        0x2 00
 .rodata.str1.4
                0x2000bff8       0x10 c:/microsemi/libero_v11.2/softconsole/sourcery-g++/bin/../lib/gcc/arm-none-eabi/4.4.1/../../../../arm-none-eabi/lib/thumb2\libc.a(lib_a-dtoa.o)
                                 0x14 (size before relaxing)
 .rodata        0x2000c008       0x34 c:/microsemi/libero_v11.2/softconsole/sourcery-g++/bin/../lib/gcc/arm-none-eabi/4.4.1/../../../../arm-none-eabi/lib/thumb2\libc.a(lib_a-locale.o)
 .rodata.str1.4
                0x2000c03c        0xc c:/microsemi/libero_v11.2/softconsole/sourcery-g++/bin/../lib/gcc/arm-none-eabi/4.4.1/../../../../arm-none-eabi/lib/thumb2\libc.a(lib_a-locale.o)
                                 0x18 (size before relaxing)
 .rodata        0x2000c048      0x128 c:/microsemi/libero_v11.2/softconsole/sourcery-g++/bin/../lib/gcc/arm-none-eabi/4.4.1/../../../../arm-none-eabi/lib/thumb2\libc.a(lib_a-mprec.o)
                0x2000c048                __mprec_tens
                0x2000c120                __mprec_bigtens
                0x2000c148                __mprec_tinytens
 *(.ARM.extab* .gnu.linkonce.armextab.*)
 *(.gcc_except_table)
 *(.eh_frame_hdr)
 *(.eh_frame)
 *(.init)
 .init          0x2000c170        0x4 c:/microsemi/libero_v11.2/softconsole/sourcery-g++/bin/../lib/gcc/arm-none-eabi/4.4.1/thumb2/crti.o
                0x2000c170                _init
 .init          0x2000c174        0x8 c:/microsemi/libero_v11.2/softconsole/sourcery-g++/bin/../lib/gcc/arm-none-eabi/4.4.1/thumb2/crtn.o
 *(.fini)
 .fini          0x2000c17c        0x4 c:/microsemi/libero_v11.2/softconsole/sourcery-g++/bin/../lib/gcc/arm-none-eabi/4.4.1/thumb2/crti.o
                0x2000c17c                _fini
 .fini          0x2000c180        0x8 c:/microsemi/libero_v11.2/softconsole/sourcery-g++/bin/../lib/gcc/arm-none-eabi/4.4.1/thumb2/crtn.o
                0x2000c188                PROVIDE (__preinit_array_start, .)
 *(.preinit_array)
                0x2000c188                PROVIDE (__preinit_array_end, .)
                0x2000c188                PROVIDE (__init_array_start, .)
 *(SORT(.init_array.*))
 *(.init_array)
 .init_array    0x2000c188        0x4 c:/microsemi/libero_v11.2/softconsole/sourcery-g++/bin/../lib/gcc/arm-none-eabi/4.4.1/thumb2/crtbegin.o
                0x2000c18c                PROVIDE (__init_array_end, .)
                0x2000c18c                PROVIDE (__fini_array_start, .)
 *(.fini_array)
 .fini_array    0x2000c18c        0x4 c:/microsemi/libero_v11.2/softconsole/sourcery-g++/bin/../lib/gcc/arm-none-eabi/4.4.1/thumb2/crtbegin.o
 *(SORT(.fini_array.*))
                0x2000c190                PROVIDE (__fini_array_end, .)
                0x2000c190                __exidx_start = .

.v4_bx          0x2000c190        0x0
 .v4_bx         0x00000000        0x0 linker stubs

.ARM.exidx      0x2000c190        0x8
 *(.ARM.exidx* .gnu.linkonce.armexidx.*)
 .ARM.exidx     0x2000c190        0x8 c:/microsemi/libero_v11.2/softconsole/sourcery-g++/bin/../lib/gcc/arm-none-eabi/4.4.1/thumb2\libgcc.a(_divdi3.o)
 .ARM.exidx     0x2000c198        0x0 c:/microsemi/libero_v11.2/softconsole/sourcery-g++/bin/../lib/gcc/arm-none-eabi/4.4.1/thumb2\libgcc.a(_udivdi3.o)
                                  0x8 (size before relaxing)
                0x2000c198                __exidx_end = .
                0x2000c198                _etext = .
                0x2000c198                PROVIDE (__text_end, .)

.data           0x2000c198      0x538
                0x2000c198                __data_load = LOADADDR (.data)
                0x2000c198                _sidata = LOADADDR (.data)
                0x2000c198                __data_start = .
                0x2000c198                _sdata = .
 *(.jcr)
 .jcr           0x2000c198        0x0 c:/microsemi/libero_v11.2/softconsole/sourcery-g++/bin/../lib/gcc/arm-none-eabi/4.4.1/thumb2/crtbegin.o
 .jcr           0x2000c198        0x4 c:/microsemi/libero_v11.2/softconsole/sourcery-g++/bin/../lib/gcc/arm-none-eabi/4.4.1/thumb2/crtend.o
 *(.got.plt)
 *(.got)
 *(.shdata)
 *(.data .data.* .gnu.linkonce.d.*)
 .data          0x2000c19c        0xc ./main.o
                0x2000c19c                action_code
                0x2000c1a4                g_isp_operation_busy
 .data          0x2000c1a8        0x8 ./drivers/mss_sys_services/mss_sys_services.o
 .data          0x2000c1b0       0x1c ./CMSIS/system_m2sxxx.o
                0x2000c1b0                SystemCoreClock
                0x2000c1b4                g_FrequencyPCLK0
                0x2000c1b8                g_FrequencyPCLK1
                0x2000c1bc                g_FrequencyPCLK2
                0x2000c1c0                g_FrequencyFIC0
                0x2000c1c4                g_FrequencyFIC1
                0x2000c1c8                g_FrequencyFIC64
 .data          0x2000c1cc       0xf4 c:/microsemi/libero_v11.2/softconsole/sourcery-g++/bin/../lib/gcc/arm-none-eabi/4.4.1/../../../../arm-none-eabi/lib/thumb2\libc.a(lib_a-impure.o)
                0x2000c1cc                _impure_ptr
 .data          0x2000c2c0      0x410 c:/microsemi/libero_v11.2/softconsole/sourcery-g++/bin/../lib/gcc/arm-none-eabi/4.4.1/../../../../arm-none-eabi/lib/thumb2\libc.a(lib_a-mallocr.o)
                0x2000c2c0                __malloc_av_
                0x2000c6c8                __malloc_sbrk_base
                0x2000c6cc                __malloc_trim_threshold
                0x2000c6d0                . = ALIGN (0x4)
                0x2000c6d0                _edata = .

.bss            0x2000c6d0      0x418
                0x2000c6d0                __bss_start__ = .
                0x2000c6d0                _sbss = .
 *(.shbss)
 *(.bss .bss.* .gnu.linkonce.b.*)
 .bss           0x2000c6d0        0x1 c:/microsemi/libero_v11.2/softconsole/sourcery-g++/bin/../lib/gcc/arm-none-eabi/4.4.1/thumb2/crtbegin.o
 *fill*         0x2000c6d1        0x3 00
 .bss           0x2000c6d4      0x20c ./main.o
                0x2000c8dc                MDDR_status
 .bss           0x2000c8e0       0x2c ./drivers/mss_sys_services/mss_comblk.o
 .bss           0x2000c90c       0x24 ./drivers/mss_sys_services/mss_sys_services.o
                0x2000c91c                g_isp_completion_handler
                0x2000c928                g_isp_page_read_handler
 .bss           0x2000c930        0x8 ./CMSIS/startup_gcc/newlib_stubs.o
                0x2000c934                __env
 .bss           0x2000c938       0x34 c:/microsemi/libero_v11.2/softconsole/sourcery-g++/bin/../lib/gcc/arm-none-eabi/4.4.1/../../../../arm-none-eabi/lib/thumb2\libc.a(lib_a-mallocr.o)
                0x2000c938                __malloc_top_pad
                0x2000c93c                __malloc_current_mallinfo
                0x2000c964                __malloc_max_sbrked_mem
                0x2000c968                __malloc_max_total_mem
 *(COMMON)
 COMMON         0x2000c96c       0x80 ./drivers/mss_uart/mss_uart.o
                0x2000c96c                g_mss_uart1
                0x2000c9ac                g_mss_uart0
 COMMON         0x2000c9ec       0xf8 ./drivers/mss_spi/mss_spi.o
                0x2000c9ec                g_mss_spi1
                0x2000ca68                g_mss_spi0
 COMMON         0x2000cae4        0x4 c:/microsemi/libero_v11.2/softconsole/sourcery-g++/bin/../lib/gcc/arm-none-eabi/4.4.1/../../../../arm-none-eabi/lib/thumb2\libc.a(lib_a-reent.o)
                0x2000cae4                errno
                0x2000cae8                . = ALIGN (0x8)
                0x2000cae8                __bss_end__ = .
                0x2000cae8                _end = .
                0x2000cae8                __end = _end
                0x2000cae8                _ebss = .
                0x2000cae8                PROVIDE (end, .)

.stack          0x2000cae8     0x2000
                0x2000cae8                . = ALIGN (0x4)
                0x2000d2e8                . = (. + PROCESS_STACK_SIZE)
 *fill*         0x2000cae8      0x800 00
                0x2000d2e8                . = ALIGN (0x4)
                0x2000eae8                . = (. + MAIN_STACK_SIZE)
 *fill*         0x2000d2e8     0x1800 00
                0x2000eae8                . = ALIGN (0x4)

.stab
 *(.stab)

.stabstr
 *(.stabstr)

.debug
 *(.debug)

.line
 *(.line)

.debug_srcinfo
 *(.debug_srcinfo)

.debug_sfnames
 *(.debug_sfnames)

.comment        0x00000000      0x1d9
 .comment       0x00000000       0x2b ./main.o
 .comment       0x0000002b       0x2b ./hal/CortexM3/cortex_nvic.o
 .comment       0x00000056       0x2b ./drivers_config/sys_config/sys_config.o
 .comment       0x00000081       0x2b ./drivers/mss_uart/mss_uart.o
 .comment       0x000000ac       0x2b ./drivers/mss_sys_services/mss_comblk.o
 .comment       0x000000d7       0x2b ./drivers/mss_sys_services/mss_sys_services.o
 .comment       0x00000102       0x2b ./drivers/mss_spi/mss_spi.o
 .comment       0x0000012d       0x2b ./drivers/mss_gpio/mss_gpio.o
 .comment       0x00000158       0x2b ./drivers/at25df641/at25df641.o
 .comment       0x00000183       0x2b ./CMSIS/system_m2sxxx.o
 .comment       0x000001ae       0x2b ./CMSIS/startup_gcc/newlib_stubs.o

.debug_aranges  0x00000000      0x140
 *(.debug_aranges)
 .debug_aranges
                0x00000000       0x20 ./main.o
 .debug_aranges
                0x00000020       0x20 ./hal/CortexM3/cortex_nvic.o
 .debug_aranges
                0x00000040       0x20 ./drivers/mss_uart/mss_uart.o
 .debug_aranges
                0x00000060       0x20 ./drivers/mss_sys_services/mss_comblk.o
 .debug_aranges
                0x00000080       0x20 ./drivers/mss_sys_services/mss_sys_services.o
 .debug_aranges
                0x000000a0       0x20 ./drivers/mss_spi/mss_spi.o
 .debug_aranges
                0x000000c0       0x20 ./drivers/mss_gpio/mss_gpio.o
 .debug_aranges
                0x000000e0       0x20 ./drivers/at25df641/at25df641.o
 .debug_aranges
                0x00000100       0x20 ./CMSIS/system_m2sxxx.o
 .debug_aranges
                0x00000120       0x20 ./CMSIS/startup_gcc/newlib_stubs.o

.debug_pubnames
                0x00000000     0x1227
 *(.debug_pubnames)
 .debug_pubnames
                0x00000000      0x125 ./main.o
 .debug_pubnames
                0x00000125       0x99 ./hal/CortexM3/cortex_nvic.o
 .debug_pubnames
                0x000001be       0x43 ./drivers_config/sys_config/sys_config.o
 .debug_pubnames
                0x00000201      0x50f ./drivers/mss_uart/mss_uart.o
 .debug_pubnames
                0x00000710       0x93 ./drivers/mss_sys_services/mss_comblk.o
 .debug_pubnames
                0x000007a3      0x50d ./drivers/mss_sys_services/mss_sys_services.o
 .debug_pubnames
                0x00000cb0      0x21a ./drivers/mss_spi/mss_spi.o
 .debug_pubnames
                0x00000eca       0xb1 ./drivers/mss_gpio/mss_gpio.o
 .debug_pubnames
                0x00000f7b       0xcc ./drivers/at25df641/at25df641.o
 .debug_pubnames
                0x00001047       0xf5 ./CMSIS/system_m2sxxx.o
 .debug_pubnames
                0x0000113c       0xeb ./CMSIS/startup_gcc/newlib_stubs.o

.debug_info     0x00000000     0xe2fb
 *(.debug_info .gnu.linkonce.wi.*)
 .debug_info    0x00000000     0x15c8 ./main.o
 .debug_info    0x000015c8      0x17b ./hal/CortexM3/cortex_nvic.o
 .debug_info    0x00001743     0x132c ./drivers_config/sys_config/sys_config.o
 .debug_info    0x00002a6f     0x29d9 ./drivers/mss_uart/mss_uart.o
 .debug_info    0x00005448      0xdcf ./drivers/mss_sys_services/mss_comblk.o
 .debug_info    0x00006217     0x27ed ./drivers/mss_sys_services/mss_sys_services.o
 .debug_info    0x00008a04     0x1749 ./drivers/mss_spi/mss_spi.o
 .debug_info    0x0000a14d     0x1132 ./drivers/mss_gpio/mss_gpio.o
 .debug_info    0x0000b27f      0x9e2 ./drivers/at25df641/at25df641.o
 .debug_info    0x0000bc61     0x1fc1 ./CMSIS/system_m2sxxx.o
 .debug_info    0x0000dc22      0x6d9 ./CMSIS/startup_gcc/newlib_stubs.o

.debug_abbrev   0x00000000     0x19c1
 *(.debug_abbrev)
 .debug_abbrev  0x00000000      0x329 ./main.o
 .debug_abbrev  0x00000329       0x99 ./hal/CortexM3/cortex_nvic.o
 .debug_abbrev  0x000003c2      0x10a ./drivers_config/sys_config/sys_config.o
 .debug_abbrev  0x000004cc      0x3ae ./drivers/mss_uart/mss_uart.o
 .debug_abbrev  0x0000087a      0x2ae ./drivers/mss_sys_services/mss_comblk.o
 .debug_abbrev  0x00000b28      0x319 ./drivers/mss_sys_services/mss_sys_services.o
 .debug_abbrev  0x00000e41      0x309 ./drivers/mss_spi/mss_spi.o
 .debug_abbrev  0x0000114a      0x1c2 ./drivers/mss_gpio/mss_gpio.o
 .debug_abbrev  0x0000130c      0x1f8 ./drivers/at25df641/at25df641.o
 .debug_abbrev  0x00001504      0x2c0 ./CMSIS/system_m2sxxx.o
 .debug_abbrev  0x000017c4      0x1fd ./CMSIS/startup_gcc/newlib_stubs.o

.debug_line     0x00000000     0x405a
 *(.debug_line)
 .debug_line    0x00000000      0x733 ./main.o
 .debug_line    0x00000733      0x264 ./hal/CortexM3/cortex_nvic.o
 .debug_line    0x00000997      0x193 ./drivers_config/sys_config/sys_config.o
 .debug_line    0x00000b2a      0xd94 ./drivers/mss_uart/mss_uart.o
 .debug_line    0x000018be      0x641 ./drivers/mss_sys_services/mss_comblk.o
 .debug_line    0x00001eff      0xd29 ./drivers/mss_sys_services/mss_sys_services.o
 .debug_line    0x00002c28      0x60b ./drivers/mss_spi/mss_spi.o
 .debug_line    0x00003233      0x367 ./drivers/mss_gpio/mss_gpio.o
 .debug_line    0x0000359a      0x467 ./drivers/at25df641/at25df641.o
 .debug_line    0x00003a01      0x2dc ./CMSIS/system_m2sxxx.o
 .debug_line    0x00003cdd      0x37d ./CMSIS/startup_gcc/newlib_stubs.o

.debug_frame    0x00000000     0x1bf0
 *(.debug_frame)
 .debug_frame   0x00000000      0x190 ./main.o
 .debug_frame   0x00000190       0x70 ./hal/CortexM3/cortex_nvic.o
 .debug_frame   0x00000200      0x454 ./drivers/mss_uart/mss_uart.o
 .debug_frame   0x00000654      0x10c ./drivers/mss_sys_services/mss_comblk.o
 .debug_frame   0x00000760      0x65c ./drivers/mss_sys_services/mss_sys_services.o
 .debug_frame   0x00000dbc      0x200 ./drivers/mss_spi/mss_spi.o
 .debug_frame   0x00000fbc       0x9c ./drivers/mss_gpio/mss_gpio.o
 .debug_frame   0x00001058      0x168 ./drivers/at25df641/at25df641.o
 .debug_frame   0x000011c0       0x9c ./CMSIS/system_m2sxxx.o
 .debug_frame   0x0000125c      0x160 ./CMSIS/startup_gcc/newlib_stubs.o
 .debug_frame   0x000013bc       0x20 c:/microsemi/libero_v11.2/softconsole/sourcery-g++/bin/../lib/gcc/arm-none-eabi/4.4.1/../../../../arm-none-eabi/lib/thumb2\libc.a(lib_a-errno.o)
 .debug_frame   0x000013dc       0x2c c:/microsemi/libero_v11.2/softconsole/sourcery-g++/bin/../lib/gcc/arm-none-eabi/4.4.1/../../../../arm-none-eabi/lib/thumb2\libc.a(lib_a-init.o)
 .debug_frame   0x00001408       0x34 c:/microsemi/libero_v11.2/softconsole/sourcery-g++/bin/../lib/gcc/arm-none-eabi/4.4.1/../../../../arm-none-eabi/lib/thumb2\libc.a(lib_a-memcpy.o)
 .debug_frame   0x0000143c       0x64 c:/microsemi/libero_v11.2/softconsole/sourcery-g++/bin/../lib/gcc/arm-none-eabi/4.4.1/../../../../arm-none-eabi/lib/thumb2\libc.a(lib_a-snprintf.o)
 .debug_frame   0x000014a0       0x68 c:/microsemi/libero_v11.2/softconsole/sourcery-g++/bin/../lib/gcc/arm-none-eabi/4.4.1/../../../../arm-none-eabi/lib/thumb2\libc.a(lib_a-svfprintf.o)
 .debug_frame   0x00001508       0x64 c:/microsemi/libero_v11.2/softconsole/sourcery-g++/bin/../lib/gcc/arm-none-eabi/4.4.1/../../../../arm-none-eabi/lib/thumb2\libc.a(lib_a-dtoa.o)
 .debug_frame   0x0000156c       0x50 c:/microsemi/libero_v11.2/softconsole/sourcery-g++/bin/../lib/gcc/arm-none-eabi/4.4.1/../../../../arm-none-eabi/lib/thumb2\libc.a(lib_a-freer.o)
 .debug_frame   0x000015bc       0x6c c:/microsemi/libero_v11.2/softconsole/sourcery-g++/bin/../lib/gcc/arm-none-eabi/4.4.1/../../../../arm-none-eabi/lib/thumb2\libc.a(lib_a-locale.o)
 .debug_frame   0x00001628       0x30 c:/microsemi/libero_v11.2/softconsole/sourcery-g++/bin/../lib/gcc/arm-none-eabi/4.4.1/../../../../arm-none-eabi/lib/thumb2\libc.a(lib_a-malloc.o)
 .debug_frame   0x00001658       0x3c c:/microsemi/libero_v11.2/softconsole/sourcery-g++/bin/../lib/gcc/arm-none-eabi/4.4.1/../../../../arm-none-eabi/lib/thumb2\libc.a(lib_a-mallocr.o)
 .debug_frame   0x00001694       0x28 c:/microsemi/libero_v11.2/softconsole/sourcery-g++/bin/../lib/gcc/arm-none-eabi/4.4.1/../../../../arm-none-eabi/lib/thumb2\libc.a(lib_a-memchr.o)
 .debug_frame   0x000016bc       0x2c c:/microsemi/libero_v11.2/softconsole/sourcery-g++/bin/../lib/gcc/arm-none-eabi/4.4.1/../../../../arm-none-eabi/lib/thumb2\libc.a(lib_a-memmove.o)
 .debug_frame   0x000016e8       0x30 c:/microsemi/libero_v11.2/softconsole/sourcery-g++/bin/../lib/gcc/arm-none-eabi/4.4.1/../../../../arm-none-eabi/lib/thumb2\libc.a(lib_a-mlock.o)
 .debug_frame   0x00001718      0x240 c:/microsemi/libero_v11.2/softconsole/sourcery-g++/bin/../lib/gcc/arm-none-eabi/4.4.1/../../../../arm-none-eabi/lib/thumb2\libc.a(lib_a-mprec.o)
 .debug_frame   0x00001958       0x3c c:/microsemi/libero_v11.2/softconsole/sourcery-g++/bin/../lib/gcc/arm-none-eabi/4.4.1/../../../../arm-none-eabi/lib/thumb2\libc.a(lib_a-reallocr.o)
 .debug_frame   0x00001994       0x20 c:/microsemi/libero_v11.2/softconsole/sourcery-g++/bin/../lib/gcc/arm-none-eabi/4.4.1/../../../../arm-none-eabi/lib/thumb2\libc.a(lib_a-s_isinfd.o)
 .debug_frame   0x000019b4       0x20 c:/microsemi/libero_v11.2/softconsole/sourcery-g++/bin/../lib/gcc/arm-none-eabi/4.4.1/../../../../arm-none-eabi/lib/thumb2\libc.a(lib_a-s_isnand.o)
 .debug_frame   0x000019d4       0x2c c:/microsemi/libero_v11.2/softconsole/sourcery-g++/bin/../lib/gcc/arm-none-eabi/4.4.1/../../../../arm-none-eabi/lib/thumb2\libc.a(lib_a-sbrkr.o)
 .debug_frame   0x00001a00       0x30 c:/microsemi/libero_v11.2/softconsole/sourcery-g++/bin/../lib/gcc/arm-none-eabi/4.4.1/../../../../arm-none-eabi/lib/thumb2\libc.a(lib_a-strcmp.o)
 .debug_frame   0x00001a30       0x20 c:/microsemi/libero_v11.2/softconsole/sourcery-g++/bin/../lib/gcc/arm-none-eabi/4.4.1/../../../../arm-none-eabi/lib/thumb2\libc.a(lib_a-strlen.o)
 .debug_frame   0x00001a50       0x2c c:/microsemi/libero_v11.2/softconsole/sourcery-g++/bin/../lib/gcc/arm-none-eabi/4.4.1/../../../../arm-none-eabi/lib/thumb2\libc.a(lib_a-callocr.o)
 .debug_frame   0x00001a7c       0x28 c:/microsemi/libero_v11.2/softconsole/sourcery-g++/bin/../lib/gcc/arm-none-eabi/4.4.1/../../../../arm-none-eabi/lib/thumb2\libc.a(lib_a-memset.o)
 .debug_frame   0x00001aa4       0x64 c:/microsemi/libero_v11.2/softconsole/sourcery-g++/bin/../lib/gcc/arm-none-eabi/4.4.1/../../../../arm-none-eabi/lib/thumb2\libc.a(lib_a-reent.o)
 .debug_frame   0x00001b08       0x20 c:/microsemi/libero_v11.2/softconsole/sourcery-g++/bin/../lib/gcc/arm-none-eabi/4.4.1/thumb2\libgcc.a(_udivsi3.o)
 .debug_frame   0x00001b28       0x50 c:/microsemi/libero_v11.2/softconsole/sourcery-g++/bin/../lib/gcc/arm-none-eabi/4.4.1/thumb2\libgcc.a(bpabi.o)
 .debug_frame   0x00001b78       0x3c c:/microsemi/libero_v11.2/softconsole/sourcery-g++/bin/../lib/gcc/arm-none-eabi/4.4.1/thumb2\libgcc.a(_divdi3.o)
 .debug_frame   0x00001bb4       0x3c c:/microsemi/libero_v11.2/softconsole/sourcery-g++/bin/../lib/gcc/arm-none-eabi/4.4.1/thumb2\libgcc.a(_udivdi3.o)

.debug_str      0x00000000     0x484d
 *(.debug_str)
 .debug_str     0x00000000     0x1102 ./main.o
                               0x1252 (size before relaxing)
 .debug_str     0x00001102       0xc4 ./hal/CortexM3/cortex_nvic.o
                                0x1bb (size before relaxing)
 .debug_str     0x000011c6      0xf17 ./drivers_config/sys_config/sys_config.o
                               0x104d (size before relaxing)
 .debug_str     0x000020dd      0xa71 ./drivers/mss_uart/mss_uart.o
                               0x1987 (size before relaxing)
 .debug_str     0x00002b4e      0x30c ./drivers/mss_sys_services/mss_comblk.o
                                0xa54 (size before relaxing)
 .debug_str     0x00002e5a      0x91c ./drivers/mss_sys_services/mss_sys_services.o
                               0x190a (size before relaxing)
 .debug_str     0x00003776      0x6c9 ./drivers/mss_spi/mss_spi.o
                               0x153d (size before relaxing)
 .debug_str     0x00003e3f      0x472 ./drivers/mss_gpio/mss_gpio.o
                               0x11f1 (size before relaxing)
 .debug_str     0x000042b1      0x157 ./drivers/at25df641/at25df641.o
                                0xb28 (size before relaxing)
 .debug_str     0x00004408      0x263 ./CMSIS/system_m2sxxx.o
                               0x19a3 (size before relaxing)
 .debug_str     0x0000466b      0x1e2 ./CMSIS/startup_gcc/newlib_stubs.o
                                0x30e (size before relaxing)

.debug_loc      0x00000000     0x4100
 *(.debug_loc)
 .debug_loc     0x00000000      0x7d9 ./main.o
 .debug_loc     0x000007d9      0xdfe ./drivers/mss_uart/mss_uart.o
 .debug_loc     0x000015d7      0x7ef ./drivers/mss_sys_services/mss_comblk.o
 .debug_loc     0x00001dc6     0x1343 ./drivers/mss_sys_services/mss_sys_services.o
 .debug_loc     0x00003109      0x6f8 ./drivers/mss_spi/mss_spi.o
 .debug_loc     0x00003801      0x1f9 ./drivers/mss_gpio/mss_gpio.o
 .debug_loc     0x000039fa      0x3f8 ./drivers/at25df641/at25df641.o
 .debug_loc     0x00003df2       0xeb ./CMSIS/system_m2sxxx.o
 .debug_loc     0x00003edd      0x223 ./CMSIS/startup_gcc/newlib_stubs.o

.debug_macinfo  0x00000000    0x57f44
 *(.debug_macinfo)
 .debug_macinfo
                0x00000000     0xbb0a ./main.o
 .debug_macinfo
                0x0000bb0a     0x193e ./hal/CortexM3/cortex_nvic.o
 .debug_macinfo
                0x0000d448     0x9595 ./drivers_config/sys_config/sys_config.o
 .debug_macinfo
                0x000169dd     0x8880 ./drivers/mss_uart/mss_uart.o
 .debug_macinfo
                0x0001f25d     0x7b9a ./drivers/mss_sys_services/mss_comblk.o
 .debug_macinfo
                0x00026df7     0xbae9 ./drivers/mss_sys_services/mss_sys_services.o
 .debug_macinfo
                0x000328e0     0x7cad ./drivers/mss_spi/mss_spi.o
 .debug_macinfo
                0x0003a58d     0x7e5b ./drivers/mss_gpio/mss_gpio.o
 .debug_macinfo
                0x000423e8     0x9485 ./drivers/at25df641/at25df641.o
 .debug_macinfo
                0x0004b86d     0x7ae8 ./CMSIS/system_m2sxxx.o
 .debug_macinfo
                0x00053355     0x4bef ./CMSIS/startup_gcc/newlib_stubs.o

.debug_weaknames
 *(.debug_weaknames)

.debug_funcnames
 *(.debug_funcnames)

.debug_typenames
 *(.debug_typenames)

.debug_varnames
 *(.debug_varnames)

.note.gnu.arm.ident
 *(.note.gnu.arm.ident)

.ARM.attributes
                0x00000000       0x25
 *(.ARM.attributes)
 .ARM.attributes
                0x00000000       0x19 c:/microsemi/libero_v11.2/softconsole/sourcery-g++/bin/../lib/gcc/arm-none-eabi/4.4.1/thumb2/crti.o
 .ARM.attributes
                0x00000019       0x29 c:/microsemi/libero_v11.2/softconsole/sourcery-g++/bin/../lib/gcc/arm-none-eabi/4.4.1/thumb2/crtbegin.o
 .ARM.attributes
                0x00000042       0x31 ./main.o
 .ARM.attributes
                0x00000073       0x31 ./hal/CortexM3/cortex_nvic.o
 .ARM.attributes
                0x000000a4       0x21 ./hal/CortexM3/GNU/hal.o
 .ARM.attributes
                0x000000c5       0x21 ./hal/CortexM3/GNU/hw_reg_access.o
 .ARM.attributes
                0x000000e6       0x31 ./drivers_config/sys_config/sys_config.o
 .ARM.attributes
                0x00000117       0x31 ./drivers/mss_uart/mss_uart.o
 .ARM.attributes
                0x00000148       0x31 ./drivers/mss_sys_services/mss_comblk.o
 .ARM.attributes
                0x00000179       0x31 ./drivers/mss_sys_services/mss_sys_services.o
 .ARM.attributes
                0x000001aa       0x31 ./drivers/mss_spi/mss_spi.o
 .ARM.attributes
                0x000001db       0x31 ./drivers/mss_gpio/mss_gpio.o
 .ARM.attributes
                0x0000020c       0x31 ./drivers/at25df641/at25df641.o
 .ARM.attributes
                0x0000023d       0x31 ./CMSIS/system_m2sxxx.o
 .ARM.attributes
                0x0000026e       0x31 ./CMSIS/startup_gcc/newlib_stubs.o
 .ARM.attributes
                0x0000029f       0x21 ./CMSIS/startup_gcc/startup_m2sxxx.o
 .ARM.attributes
                0x000002c0       0x29 c:/microsemi/libero_v11.2/softconsole/sourcery-g++/bin/../lib/gcc/arm-none-eabi/4.4.1/../../../../arm-none-eabi/lib/thumb2\libc.a(lib_a-errno.o)
 .ARM.attributes
                0x000002e9       0x29 c:/microsemi/libero_v11.2/softconsole/sourcery-g++/bin/../lib/gcc/arm-none-eabi/4.4.1/../../../../arm-none-eabi/lib/thumb2\libc.a(lib_a-impure.o)
 .ARM.attributes
                0x00000312       0x29 c:/microsemi/libero_v11.2/softconsole/sourcery-g++/bin/../lib/gcc/arm-none-eabi/4.4.1/../../../../arm-none-eabi/lib/thumb2\libc.a(lib_a-init.o)
 .ARM.attributes
                0x0000033b       0x29 c:/microsemi/libero_v11.2/softconsole/sourcery-g++/bin/../lib/gcc/arm-none-eabi/4.4.1/../../../../arm-none-eabi/lib/thumb2\libc.a(lib_a-memcpy.o)
 .ARM.attributes
                0x00000364       0x29 c:/microsemi/libero_v11.2/softconsole/sourcery-g++/bin/../lib/gcc/arm-none-eabi/4.4.1/../../../../arm-none-eabi/lib/thumb2\libc.a(lib_a-snprintf.o)
 .ARM.attributes
                0x0000038d       0x29 c:/microsemi/libero_v11.2/softconsole/sourcery-g++/bin/../lib/gcc/arm-none-eabi/4.4.1/../../../../arm-none-eabi/lib/thumb2\libc.a(lib_a-svfprintf.o)
 .ARM.attributes
                0x000003b6       0x29 c:/microsemi/libero_v11.2/softconsole/sourcery-g++/bin/../lib/gcc/arm-none-eabi/4.4.1/../../../../arm-none-eabi/lib/thumb2\libc.a(lib_a-dtoa.o)
 .ARM.attributes
                0x000003df       0x29 c:/microsemi/libero_v11.2/softconsole/sourcery-g++/bin/../lib/gcc/arm-none-eabi/4.4.1/../../../../arm-none-eabi/lib/thumb2\libc.a(lib_a-freer.o)
 .ARM.attributes
                0x00000408       0x29 c:/microsemi/libero_v11.2/softconsole/sourcery-g++/bin/../lib/gcc/arm-none-eabi/4.4.1/../../../../arm-none-eabi/lib/thumb2\libc.a(lib_a-locale.o)
 .ARM.attributes
                0x00000431       0x29 c:/microsemi/libero_v11.2/softconsole/sourcery-g++/bin/../lib/gcc/arm-none-eabi/4.4.1/../../../../arm-none-eabi/lib/thumb2\libc.a(lib_a-malloc.o)
 .ARM.attributes
                0x0000045a       0x29 c:/microsemi/libero_v11.2/softconsole/sourcery-g++/bin/../lib/gcc/arm-none-eabi/4.4.1/../../../../arm-none-eabi/lib/thumb2\libc.a(lib_a-mallocr.o)
 .ARM.attributes
                0x00000483       0x29 c:/microsemi/libero_v11.2/softconsole/sourcery-g++/bin/../lib/gcc/arm-none-eabi/4.4.1/../../../../arm-none-eabi/lib/thumb2\libc.a(lib_a-memchr.o)
 .ARM.attributes
                0x000004ac       0x29 c:/microsemi/libero_v11.2/softconsole/sourcery-g++/bin/../lib/gcc/arm-none-eabi/4.4.1/../../../../arm-none-eabi/lib/thumb2\libc.a(lib_a-memmove.o)
 .ARM.attributes
                0x000004d5       0x29 c:/microsemi/libero_v11.2/softconsole/sourcery-g++/bin/../lib/gcc/arm-none-eabi/4.4.1/../../../../arm-none-eabi/lib/thumb2\libc.a(lib_a-mlock.o)
 .ARM.attributes
                0x000004fe       0x29 c:/microsemi/libero_v11.2/softconsole/sourcery-g++/bin/../lib/gcc/arm-none-eabi/4.4.1/../../../../arm-none-eabi/lib/thumb2\libc.a(lib_a-mprec.o)
 .ARM.attributes
                0x00000527       0x29 c:/microsemi/libero_v11.2/softconsole/sourcery-g++/bin/../lib/gcc/arm-none-eabi/4.4.1/../../../../arm-none-eabi/lib/thumb2\libc.a(lib_a-reallocr.o)
 .ARM.attributes
                0x00000550       0x29 c:/microsemi/libero_v11.2/softconsole/sourcery-g++/bin/../lib/gcc/arm-none-eabi/4.4.1/../../../../arm-none-eabi/lib/thumb2\libc.a(lib_a-s_isinfd.o)
 .ARM.attributes
                0x00000579       0x29 c:/microsemi/libero_v11.2/softconsole/sourcery-g++/bin/../lib/gcc/arm-none-eabi/4.4.1/../../../../arm-none-eabi/lib/thumb2\libc.a(lib_a-s_isnand.o)
 .ARM.attributes
                0x000005a2       0x29 c:/microsemi/libero_v11.2/softconsole/sourcery-g++/bin/../lib/gcc/arm-none-eabi/4.4.1/../../../../arm-none-eabi/lib/thumb2\libc.a(lib_a-sbrkr.o)
 .ARM.attributes
                0x000005cb       0x29 c:/microsemi/libero_v11.2/softconsole/sourcery-g++/bin/../lib/gcc/arm-none-eabi/4.4.1/../../../../arm-none-eabi/lib/thumb2\libc.a(lib_a-strcmp.o)
 .ARM.attributes
                0x000005f4       0x29 c:/microsemi/libero_v11.2/softconsole/sourcery-g++/bin/../lib/gcc/arm-none-eabi/4.4.1/../../../../arm-none-eabi/lib/thumb2\libc.a(lib_a-strlen.o)
 .ARM.attributes
                0x0000061d       0x29 c:/microsemi/libero_v11.2/softconsole/sourcery-g++/bin/../lib/gcc/arm-none-eabi/4.4.1/../../../../arm-none-eabi/lib/thumb2\libc.a(lib_a-callocr.o)
 .ARM.attributes
                0x00000646       0x29 c:/microsemi/libero_v11.2/softconsole/sourcery-g++/bin/../lib/gcc/arm-none-eabi/4.4.1/../../../../arm-none-eabi/lib/thumb2\libc.a(lib_a-memset.o)
 .ARM.attributes
                0x0000066f       0x29 c:/microsemi/libero_v11.2/softconsole/sourcery-g++/bin/../lib/gcc/arm-none-eabi/4.4.1/../../../../arm-none-eabi/lib/thumb2\libc.a(lib_a-reent.o)
 .ARM.attributes
                0x00000698       0x1b c:/microsemi/libero_v11.2/softconsole/sourcery-g++/bin/../lib/gcc/arm-none-eabi/4.4.1/thumb2\libgcc.a(_udivsi3.o)
 .ARM.attributes
                0x000006b3       0x1b c:/microsemi/libero_v11.2/softconsole/sourcery-g++/bin/../lib/gcc/arm-none-eabi/4.4.1/thumb2\libgcc.a(_dvmd_tls.o)
 .ARM.attributes
                0x000006ce       0x1b c:/microsemi/libero_v11.2/softconsole/sourcery-g++/bin/../lib/gcc/arm-none-eabi/4.4.1/thumb2\libgcc.a(_arm_addsubdf3.o)
 .ARM.attributes
                0x000006e9       0x1b c:/microsemi/libero_v11.2/softconsole/sourcery-g++/bin/../lib/gcc/arm-none-eabi/4.4.1/thumb2\libgcc.a(_arm_muldivdf3.o)
 .ARM.attributes
                0x00000704       0x1b c:/microsemi/libero_v11.2/softconsole/sourcery-g++/bin/../lib/gcc/arm-none-eabi/4.4.1/thumb2\libgcc.a(_arm_cmpdf2.o)
 .ARM.attributes
                0x0000071f       0x1b c:/microsemi/libero_v11.2/softconsole/sourcery-g++/bin/../lib/gcc/arm-none-eabi/4.4.1/thumb2\libgcc.a(_arm_fixdfsi.o)
 .ARM.attributes
                0x0000073a       0x1b c:/microsemi/libero_v11.2/softconsole/sourcery-g++/bin/../lib/gcc/arm-none-eabi/4.4.1/thumb2\libgcc.a(_aeabi_uldivmod.o)
 .ARM.attributes
                0x00000755       0x29 c:/microsemi/libero_v11.2/softconsole/sourcery-g++/bin/../lib/gcc/arm-none-eabi/4.4.1/thumb2\libgcc.a(bpabi.o)
 .ARM.attributes
                0x0000077e       0x29 c:/microsemi/libero_v11.2/softconsole/sourcery-g++/bin/../lib/gcc/arm-none-eabi/4.4.1/thumb2\libgcc.a(_divdi3.o)
 .ARM.attributes
                0x000007a7       0x29 c:/microsemi/libero_v11.2/softconsole/sourcery-g++/bin/../lib/gcc/arm-none-eabi/4.4.1/thumb2\libgcc.a(_udivdi3.o)
 .ARM.attributes
                0x000007d0       0x29 c:/microsemi/libero_v11.2/softconsole/sourcery-g++/bin/../lib/gcc/arm-none-eabi/4.4.1/thumb2/crtend.o
 .ARM.attributes
                0x000007f9       0x19 c:/microsemi/libero_v11.2/softconsole/sourcery-g++/bin/../lib/gcc/arm-none-eabi/4.4.1/thumb2/crtn.o

/DISCARD/
 *(.note.GNU-stack)
 *(.isr_vector)
OUTPUT(ISP_USB_SPI_FLASH elf32-littlearm)

.debug_ranges   0x00000000     0x1740
 .debug_ranges  0x00000000       0x88 ./main.o
 .debug_ranges  0x00000088      0xac8 ./drivers/mss_uart/mss_uart.o
 .debug_ranges  0x00000b50      0x3c0 ./drivers/mss_sys_services/mss_comblk.o
 .debug_ranges  0x00000f10      0x5d8 ./drivers/mss_sys_services/mss_sys_services.o
 .debug_ranges  0x000014e8      0x110 ./drivers/mss_spi/mss_spi.o
 .debug_ranges  0x000015f8       0x68 ./drivers/mss_gpio/mss_gpio.o
 .debug_ranges  0x00001660       0xe0 ./CMSIS/system_m2sxxx.o
