Archive member included because of file (symbol)

c:/microsemi/libero_v11.2/softconsole/sourcery-g++/bin/../lib/gcc/arm-none-eabi/4.4.1/../../../../arm-none-eabi/lib/thumb2\libc.a(lib_a-errno.o)
                              ./CMSIS/startup_gcc/newlib_stubs.o (__errno)
c:/microsemi/libero_v11.2/softconsole/sourcery-g++/bin/../lib/gcc/arm-none-eabi/4.4.1/../../../../arm-none-eabi/lib/thumb2\libc.a(lib_a-impure.o)
                              c:/microsemi/libero_v11.2/softconsole/sourcery-g++/bin/../lib/gcc/arm-none-eabi/4.4.1/../../../../arm-none-eabi/lib/thumb2\libc.a(lib_a-errno.o) (_impure_ptr)
c:/microsemi/libero_v11.2/softconsole/sourcery-g++/bin/../lib/gcc/arm-none-eabi/4.4.1/../../../../arm-none-eabi/lib/thumb2\libc.a(lib_a-init.o)
                              ./CMSIS/startup_gcc/startup_m2sxxx.o (__libc_init_array)
c:/microsemi/libero_v11.2/softconsole/sourcery-g++/bin/../lib/gcc/arm-none-eabi/4.4.1/../../../../arm-none-eabi/lib/thumb2\libc.a(lib_a-memcpy.o)
                              ./drivers/mss_sys_services/mss_sys_services.o (memcpy)
c:/microsemi/libero_v11.2/softconsole/sourcery-g++/bin/../lib/gcc/arm-none-eabi/4.4.1/../../../../arm-none-eabi/lib/thumb2\libc.a(lib_a-snprintf.o)
                              ./main.o (snprintf)
c:/microsemi/libero_v11.2/softconsole/sourcery-g++/bin/../lib/gcc/arm-none-eabi/4.4.1/../../../../arm-none-eabi/lib/thumb2\libc.a(lib_a-svfprintf.o)
                              c:/microsemi/libero_v11.2/softconsole/sourcery-g++/bin/../lib/gcc/arm-none-eabi/4.4.1/../../../../arm-none-eabi/lib/thumb2\libc.a(lib_a-snprintf.o) (_svfprintf_r)
c:/microsemi/libero_v11.2/softconsole/sourcery-g++/bin/../lib/gcc/arm-none-eabi/4.4.1/../../../../arm-none-eabi/lib/thumb2\libc.a(lib_a-dtoa.o)
                              c:/microsemi/libero_v11.2/softconsole/sourcery-g++/bin/../lib/gcc/arm-none-eabi/4.4.1/../../../../arm-none-eabi/lib/thumb2\libc.a(lib_a-svfprintf.o) (_dtoa_r)
c:/microsemi/libero_v11.2/softconsole/sourcery-g++/bin/../lib/gcc/arm-none-eabi/4.4.1/../../../../arm-none-eabi/lib/thumb2\libc.a(lib_a-freer.o)
                              c:/microsemi/libero_v11.2/softconsole/sourcery-g++/bin/../lib/gcc/arm-none-eabi/4.4.1/../../../../arm-none-eabi/lib/thumb2\libc.a(lib_a-svfprintf.o) (_free_r)
c:/microsemi/libero_v11.2/softconsole/sourcery-g++/bin/../lib/gcc/arm-none-eabi/4.4.1/../../../../arm-none-eabi/lib/thumb2\libc.a(lib_a-locale.o)
                              c:/microsemi/libero_v11.2/softconsole/sourcery-g++/bin/../lib/gcc/arm-none-eabi/4.4.1/../../../../arm-none-eabi/lib/thumb2\libc.a(lib_a-svfprintf.o) (_localeconv_r)
c:/microsemi/libero_v11.2/softconsole/sourcery-g++/bin/../lib/gcc/arm-none-eabi/4.4.1/../../../../arm-none-eabi/lib/thumb2\libc.a(lib_a-malloc.o)
                              c:/microsemi/libero_v11.2/softconsole/sourcery-g++/bin/../lib/gcc/arm-none-eabi/4.4.1/../../../../arm-none-eabi/lib/thumb2\libc.a(lib_a-dtoa.o) (malloc)
c:/microsemi/libero_v11.2/softconsole/sourcery-g++/bin/../lib/gcc/arm-none-eabi/4.4.1/../../../../arm-none-eabi/lib/thumb2\libc.a(lib_a-mallocr.o)
                              c:/microsemi/libero_v11.2/softconsole/sourcery-g++/bin/../lib/gcc/arm-none-eabi/4.4.1/../../../../arm-none-eabi/lib/thumb2\libc.a(lib_a-svfprintf.o) (_malloc_r)
c:/microsemi/libero_v11.2/softconsole/sourcery-g++/bin/../lib/gcc/arm-none-eabi/4.4.1/../../../../arm-none-eabi/lib/thumb2\libc.a(lib_a-memchr.o)
                              c:/microsemi/libero_v11.2/softconsole/sourcery-g++/bin/../lib/gcc/arm-none-eabi/4.4.1/../../../../arm-none-eabi/lib/thumb2\libc.a(lib_a-svfprintf.o) (memchr)
c:/microsemi/libero_v11.2/softconsole/sourcery-g++/bin/../lib/gcc/arm-none-eabi/4.4.1/../../../../arm-none-eabi/lib/thumb2\libc.a(lib_a-memmove.o)
                              c:/microsemi/libero_v11.2/softconsole/sourcery-g++/bin/../lib/gcc/arm-none-eabi/4.4.1/../../../../arm-none-eabi/lib/thumb2\libc.a(lib_a-svfprintf.o) (memmove)
c:/microsemi/libero_v11.2/softconsole/sourcery-g++/bin/../lib/gcc/arm-none-eabi/4.4.1/../../../../arm-none-eabi/lib/thumb2\libc.a(lib_a-mlock.o)
                              c:/microsemi/libero_v11.2/softconsole/sourcery-g++/bin/../lib/gcc/arm-none-eabi/4.4.1/../../../../arm-none-eabi/lib/thumb2\libc.a(lib_a-freer.o) (__malloc_lock)
c:/microsemi/libero_v11.2/softconsole/sourcery-g++/bin/../lib/gcc/arm-none-eabi/4.4.1/../../../../arm-none-eabi/lib/thumb2\libc.a(lib_a-mprec.o)
                              c:/microsemi/libero_v11.2/softconsole/sourcery-g++/bin/../lib/gcc/arm-none-eabi/4.4.1/../../../../arm-none-eabi/lib/thumb2\libc.a(lib_a-dtoa.o) (__hi0bits)
c:/microsemi/libero_v11.2/softconsole/sourcery-g++/bin/../lib/gcc/arm-none-eabi/4.4.1/../../../../arm-none-eabi/lib/thumb2\libc.a(lib_a-reallocr.o)
                              c:/microsemi/libero_v11.2/softconsole/sourcery-g++/bin/../lib/gcc/arm-none-eabi/4.4.1/../../../../arm-none-eabi/lib/thumb2\libc.a(lib_a-svfprintf.o) (_realloc_r)
c:/microsemi/libero_v11.2/softconsole/sourcery-g++/bin/../lib/gcc/arm-none-eabi/4.4.1/../../../../arm-none-eabi/lib/thumb2\libc.a(lib_a-s_isinfd.o)
                              c:/microsemi/libero_v11.2/softconsole/sourcery-g++/bin/../lib/gcc/arm-none-eabi/4.4.1/../../../../arm-none-eabi/lib/thumb2\libc.a(lib_a-svfprintf.o) (__isinfd)
c:/microsemi/libero_v11.2/softconsole/sourcery-g++/bin/../lib/gcc/arm-none-eabi/4.4.1/../../../../arm-none-eabi/lib/thumb2\libc.a(lib_a-s_isnand.o)
                              c:/microsemi/libero_v11.2/softconsole/sourcery-g++/bin/../lib/gcc/arm-none-eabi/4.4.1/../../../../arm-none-eabi/lib/thumb2\libc.a(lib_a-svfprintf.o) (__isnand)
c:/microsemi/libero_v11.2/softconsole/sourcery-g++/bin/../lib/gcc/arm-none-eabi/4.4.1/../../../../arm-none-eabi/lib/thumb2\libc.a(lib_a-sbrkr.o)
                              c:/microsemi/libero_v11.2/softconsole/sourcery-g++/bin/../lib/gcc/arm-none-eabi/4.4.1/../../../../arm-none-eabi/lib/thumb2\libc.a(lib_a-freer.o) (_sbrk_r)
c:/microsemi/libero_v11.2/softconsole/sourcery-g++/bin/../lib/gcc/arm-none-eabi/4.4.1/../../../../arm-none-eabi/lib/thumb2\libc.a(lib_a-strcmp.o)
                              c:/microsemi/libero_v11.2/softconsole/sourcery-g++/bin/../lib/gcc/arm-none-eabi/4.4.1/../../../../arm-none-eabi/lib/thumb2\libc.a(lib_a-locale.o) (strcmp)
c:/microsemi/libero_v11.2/softconsole/sourcery-g++/bin/../lib/gcc/arm-none-eabi/4.4.1/../../../../arm-none-eabi/lib/thumb2\libc.a(lib_a-strlen.o)
                              c:/microsemi/libero_v11.2/softconsole/sourcery-g++/bin/../lib/gcc/arm-none-eabi/4.4.1/../../../../arm-none-eabi/lib/thumb2\libc.a(lib_a-svfprintf.o) (strlen)
c:/microsemi/libero_v11.2/softconsole/sourcery-g++/bin/../lib/gcc/arm-none-eabi/4.4.1/../../../../arm-none-eabi/lib/thumb2\libc.a(lib_a-callocr.o)
                              c:/microsemi/libero_v11.2/softconsole/sourcery-g++/bin/../lib/gcc/arm-none-eabi/4.4.1/../../../../arm-none-eabi/lib/thumb2\libc.a(lib_a-mprec.o) (_calloc_r)
c:/microsemi/libero_v11.2/softconsole/sourcery-g++/bin/../lib/gcc/arm-none-eabi/4.4.1/../../../../arm-none-eabi/lib/thumb2\libc.a(lib_a-memset.o)
                              c:/microsemi/libero_v11.2/softconsole/sourcery-g++/bin/../lib/gcc/arm-none-eabi/4.4.1/../../../../arm-none-eabi/lib/thumb2\libc.a(lib_a-callocr.o) (memset)
c:/microsemi/libero_v11.2/softconsole/sourcery-g++/bin/../lib/gcc/arm-none-eabi/4.4.1/../../../../arm-none-eabi/lib/thumb2\libc.a(lib_a-reent.o)
                              c:/microsemi/libero_v11.2/softconsole/sourcery-g++/bin/../lib/gcc/arm-none-eabi/4.4.1/../../../../arm-none-eabi/lib/thumb2\libc.a(lib_a-sbrkr.o) (errno)
c:/microsemi/libero_v11.2/softconsole/sourcery-g++/bin/../lib/gcc/arm-none-eabi/4.4.1/thumb2\libgcc.a(_udivsi3.o)
                              c:/microsemi/libero_v11.2/softconsole/sourcery-g++/bin/../lib/gcc/arm-none-eabi/4.4.1/../../../../arm-none-eabi/lib/thumb2\libc.a(lib_a-dtoa.o) (__aeabi_uidiv)
c:/microsemi/libero_v11.2/softconsole/sourcery-g++/bin/../lib/gcc/arm-none-eabi/4.4.1/thumb2\libgcc.a(_dvmd_tls.o)
                              c:/microsemi/libero_v11.2/softconsole/sourcery-g++/bin/../lib/gcc/arm-none-eabi/4.4.1/thumb2\libgcc.a(_udivsi3.o) (__aeabi_idiv0)
c:/microsemi/libero_v11.2/softconsole/sourcery-g++/bin/../lib/gcc/arm-none-eabi/4.4.1/thumb2\libgcc.a(_arm_addsubdf3.o)
                              c:/microsemi/libero_v11.2/softconsole/sourcery-g++/bin/../lib/gcc/arm-none-eabi/4.4.1/../../../../arm-none-eabi/lib/thumb2\libc.a(lib_a-dtoa.o) (__aeabi_dsub)
c:/microsemi/libero_v11.2/softconsole/sourcery-g++/bin/../lib/gcc/arm-none-eabi/4.4.1/thumb2\libgcc.a(_arm_muldivdf3.o)
                              c:/microsemi/libero_v11.2/softconsole/sourcery-g++/bin/../lib/gcc/arm-none-eabi/4.4.1/../../../../arm-none-eabi/lib/thumb2\libc.a(lib_a-dtoa.o) (__aeabi_dmul)
c:/microsemi/libero_v11.2/softconsole/sourcery-g++/bin/../lib/gcc/arm-none-eabi/4.4.1/thumb2\libgcc.a(_arm_cmpdf2.o)
                              c:/microsemi/libero_v11.2/softconsole/sourcery-g++/bin/../lib/gcc/arm-none-eabi/4.4.1/../../../../arm-none-eabi/lib/thumb2\libc.a(lib_a-svfprintf.o) (__aeabi_dcmpeq)
c:/microsemi/libero_v11.2/softconsole/sourcery-g++/bin/../lib/gcc/arm-none-eabi/4.4.1/thumb2\libgcc.a(_arm_fixdfsi.o)
                              c:/microsemi/libero_v11.2/softconsole/sourcery-g++/bin/../lib/gcc/arm-none-eabi/4.4.1/../../../../arm-none-eabi/lib/thumb2\libc.a(lib_a-dtoa.o) (__aeabi_d2iz)
c:/microsemi/libero_v11.2/softconsole/sourcery-g++/bin/../lib/gcc/arm-none-eabi/4.4.1/thumb2\libgcc.a(_aeabi_uldivmod.o)
                              c:/microsemi/libero_v11.2/softconsole/sourcery-g++/bin/../lib/gcc/arm-none-eabi/4.4.1/../../../../arm-none-eabi/lib/thumb2\libc.a(lib_a-svfprintf.o) (__aeabi_uldivmod)
c:/microsemi/libero_v11.2/softconsole/sourcery-g++/bin/../lib/gcc/arm-none-eabi/4.4.1/thumb2\libgcc.a(bpabi.o)
                              c:/microsemi/libero_v11.2/softconsole/sourcery-g++/bin/../lib/gcc/arm-none-eabi/4.4.1/thumb2\libgcc.a(_aeabi_uldivmod.o) (__gnu_uldivmod_helper)
c:/microsemi/libero_v11.2/softconsole/sourcery-g++/bin/../lib/gcc/arm-none-eabi/4.4.1/thumb2\libgcc.a(_divdi3.o)
                              c:/microsemi/libero_v11.2/softconsole/sourcery-g++/bin/../lib/gcc/arm-none-eabi/4.4.1/thumb2\libgcc.a(bpabi.o) (__divdi3)
c:/microsemi/libero_v11.2/softconsole/sourcery-g++/bin/../lib/gcc/arm-none-eabi/4.4.1/thumb2\libgcc.a(_udivdi3.o)
                              c:/microsemi/libero_v11.2/softconsole/sourcery-g++/bin/../lib/gcc/arm-none-eabi/4.4.1/thumb2\libgcc.a(bpabi.o) (__udivdi3)

Allocating common symbols
Common symbol       size              file

errno               0x4               c:/microsemi/libero_v11.2/softconsole/sourcery-g++/bin/../lib/gcc/arm-none-eabi/4.4.1/../../../../arm-none-eabi/lib/thumb2\libc.a(lib_a-reent.o)
g_mss_spi1          0x7c              ./drivers/mss_spi/mss_spi.o
g_mss_uart1         0x40              ./drivers/mss_uart/mss_uart.o
g_mss_uart0         0x40              ./drivers/mss_uart/mss_uart.o
g_mss_spi0          0x7c              ./drivers/mss_spi/mss_spi.o

Discarded input sections

 .text          0x00000000        0x0 c:/microsemi/libero_v11.2/softconsole/sourcery-g++/bin/../lib/gcc/arm-none-eabi/4.4.1/thumb2/crti.o
 .data          0x00000000        0x0 c:/microsemi/libero_v11.2/softconsole/sourcery-g++/bin/../lib/gcc/arm-none-eabi/4.4.1/thumb2/crti.o
 .bss           0x00000000        0x0 c:/microsemi/libero_v11.2/softconsole/sourcery-g++/bin/../lib/gcc/arm-none-eabi/4.4.1/thumb2/crti.o
 .data          0x00000000        0x4 c:/microsemi/libero_v11.2/softconsole/sourcery-g++/bin/../lib/gcc/arm-none-eabi/4.4.1/thumb2/crtbegin.o
 .text          0x00000000       0x18 ./hal/CortexM3/cortex_nvic.o
 .data          0x00000000        0x0 ./hal/CortexM3/cortex_nvic.o
 .bss           0x00000000        0x0 ./hal/CortexM3/cortex_nvic.o
 .text          0x00000000        0xe ./hal/CortexM3/GNU/hal.o
 .data          0x00000000        0x0 ./hal/CortexM3/GNU/hal.o
 .bss           0x00000000        0x0 ./hal/CortexM3/GNU/hal.o
 .text          0x00000000       0x90 ./hal/CortexM3/GNU/hw_reg_access.o
 .data          0x00000000        0x0 ./hal/CortexM3/GNU/hw_reg_access.o
 .bss           0x00000000        0x0 ./hal/CortexM3/GNU/hw_reg_access.o
 .text          0x00000000        0x0 ./drivers_config/sys_config/sys_config.o
 .data          0x00000000        0x0 ./drivers_config/sys_config/sys_config.o
 .bss           0x00000000        0x0 ./drivers_config/sys_config/sys_config.o
 .data          0x00000000        0x0 ./drivers/mss_uart/mss_uart.o
 .bss           0x00000000        0x0 ./drivers/mss_uart/mss_uart.o
 .data          0x00000000        0x0 ./drivers/mss_sys_services/mss_comblk.o
 .data          0x00000000        0x0 ./drivers/mss_spi/mss_spi.o
 .bss           0x00000000        0x0 ./drivers/mss_spi/mss_spi.o
 .text          0x00000000      0x1c8 ./drivers/mss_gpio/mss_gpio.o
 .data          0x00000000        0x0 ./drivers/mss_gpio/mss_gpio.o
 .bss           0x00000000        0x0 ./drivers/mss_gpio/mss_gpio.o
 .rodata        0x00000000       0xa0 ./drivers/mss_gpio/mss_gpio.o
 .data          0x00000000        0x0 ./drivers/at25df641/at25df641.o
 .bss           0x00000000        0x0 ./drivers/at25df641/at25df641.o
 .bss           0x00000000        0x0 ./CMSIS/system_m2sxxx.o
 .data          0x00000000        0x4 ./CMSIS/startup_gcc/newlib_stubs.o
 .text          0x00000000        0x0 ./CMSIS/startup_gcc/startup_m2sxxx.o
 .data          0x00000000        0x0 ./CMSIS/startup_gcc/startup_m2sxxx.o
 .bss           0x00000000        0x0 ./CMSIS/startup_gcc/startup_m2sxxx.o
 .data          0x00000000        0x0 c:/microsemi/libero_v11.2/softconsole/sourcery-g++/bin/../lib/gcc/arm-none-eabi/4.4.1/../../../../arm-none-eabi/lib/thumb2\libc.a(lib_a-errno.o)
 .bss           0x00000000        0x0 c:/microsemi/libero_v11.2/softconsole/sourcery-g++/bin/../lib/gcc/arm-none-eabi/4.4.1/../../../../arm-none-eabi/lib/thumb2\libc.a(lib_a-errno.o)
 .text          0x00000000        0x0 c:/microsemi/libero_v11.2/softconsole/sourcery-g++/bin/../lib/gcc/arm-none-eabi/4.4.1/../../../../arm-none-eabi/lib/thumb2\libc.a(lib_a-impure.o)
 .bss           0x00000000        0x0 c:/microsemi/libero_v11.2/softconsole/sourcery-g++/bin/../lib/gcc/arm-none-eabi/4.4.1/../../../../arm-none-eabi/lib/thumb2\libc.a(lib_a-impure.o)
 .rodata        0x00000000        0x4 c:/microsemi/libero_v11.2/softconsole/sourcery-g++/bin/../lib/gcc/arm-none-eabi/4.4.1/../../../../arm-none-eabi/lib/thumb2\libc.a(lib_a-impure.o)
 .data          0x00000000        0x0 c:/microsemi/libero_v11.2/softconsole/sourcery-g++/bin/../lib/gcc/arm-none-eabi/4.4.1/../../../../arm-none-eabi/lib/thumb2\libc.a(lib_a-init.o)
 .bss           0x00000000        0x0 c:/microsemi/libero_v11.2/softconsole/sourcery-g++/bin/../lib/gcc/arm-none-eabi/4.4.1/../../../../arm-none-eabi/lib/thumb2\libc.a(lib_a-init.o)
 .data          0x00000000        0x0 c:/microsemi/libero_v11.2/softconsole/sourcery-g++/bin/../lib/gcc/arm-none-eabi/4.4.1/../../../../arm-none-eabi/lib/thumb2\libc.a(lib_a-memcpy.o)
 .bss           0x00000000        0x0 c:/microsemi/libero_v11.2/softconsole/sourcery-g++/bin/../lib/gcc/arm-none-eabi/4.4.1/../../../../arm-none-eabi/lib/thumb2\libc.a(lib_a-memcpy.o)
 .data          0x00000000        0x0 c:/microsemi/libero_v11.2/softconsole/sourcery-g++/bin/../lib/gcc/arm-none-eabi/4.4.1/../../../../arm-none-eabi/lib/thumb2\libc.a(lib_a-snprintf.o)
 .bss           0x00000000        0x0 c:/microsemi/libero_v11.2/softconsole/sourcery-g++/bin/../lib/gcc/arm-none-eabi/4.4.1/../../../../arm-none-eabi/lib/thumb2\libc.a(lib_a-snprintf.o)
 .data          0x00000000        0x0 c:/microsemi/libero_v11.2/softconsole/sourcery-g++/bin/../lib/gcc/arm-none-eabi/4.4.1/../../../../arm-none-eabi/lib/thumb2\libc.a(lib_a-svfprintf.o)
 .bss           0x00000000        0x0 c:/microsemi/libero_v11.2/softconsole/sourcery-g++/bin/../lib/gcc/arm-none-eabi/4.4.1/../../../../arm-none-eabi/lib/thumb2\libc.a(lib_a-svfprintf.o)
 .data          0x00000000        0x0 c:/microsemi/libero_v11.2/softconsole/sourcery-g++/bin/../lib/gcc/arm-none-eabi/4.4.1/../../../../arm-none-eabi/lib/thumb2\libc.a(lib_a-dtoa.o)
 .bss           0x00000000        0x0 c:/microsemi/libero_v11.2/softconsole/sourcery-g++/bin/../lib/gcc/arm-none-eabi/4.4.1/../../../../arm-none-eabi/lib/thumb2\libc.a(lib_a-dtoa.o)
 .data          0x00000000        0x0 c:/microsemi/libero_v11.2/softconsole/sourcery-g++/bin/../lib/gcc/arm-none-eabi/4.4.1/../../../../arm-none-eabi/lib/thumb2\libc.a(lib_a-freer.o)
 .bss           0x00000000        0x0 c:/microsemi/libero_v11.2/softconsole/sourcery-g++/bin/../lib/gcc/arm-none-eabi/4.4.1/../../../../arm-none-eabi/lib/thumb2\libc.a(lib_a-freer.o)
 .data          0x00000000       0x10 c:/microsemi/libero_v11.2/softconsole/sourcery-g++/bin/../lib/gcc/arm-none-eabi/4.4.1/../../../../arm-none-eabi/lib/thumb2\libc.a(lib_a-locale.o)
 .bss           0x00000000        0xc c:/microsemi/libero_v11.2/softconsole/sourcery-g++/bin/../lib/gcc/arm-none-eabi/4.4.1/../../../../arm-none-eabi/lib/thumb2\libc.a(lib_a-locale.o)
 .data          0x00000000        0x0 c:/microsemi/libero_v11.2/softconsole/sourcery-g++/bin/../lib/gcc/arm-none-eabi/4.4.1/../../../../arm-none-eabi/lib/thumb2\libc.a(lib_a-malloc.o)
 .bss           0x00000000        0x0 c:/microsemi/libero_v11.2/softconsole/sourcery-g++/bin/../lib/gcc/arm-none-eabi/4.4.1/../../../../arm-none-eabi/lib/thumb2\libc.a(lib_a-malloc.o)
 .data          0x00000000        0x0 c:/microsemi/libero_v11.2/softconsole/sourcery-g++/bin/../lib/gcc/arm-none-eabi/4.4.1/../../../../arm-none-eabi/lib/thumb2\libc.a(lib_a-memchr.o)
 .bss           0x00000000        0x0 c:/microsemi/libero_v11.2/softconsole/sourcery-g++/bin/../lib/gcc/arm-none-eabi/4.4.1/../../../../arm-none-eabi/lib/thumb2\libc.a(lib_a-memchr.o)
 .data          0x00000000        0x0 c:/microsemi/libero_v11.2/softconsole/sourcery-g++/bin/../lib/gcc/arm-none-eabi/4.4.1/../../../../arm-none-eabi/lib/thumb2\libc.a(lib_a-memmove.o)
 .bss           0x00000000        0x0 c:/microsemi/libero_v11.2/softconsole/sourcery-g++/bin/../lib/gcc/arm-none-eabi/4.4.1/../../../../arm-none-eabi/lib/thumb2\libc.a(lib_a-memmove.o)
 .data          0x00000000        0x0 c:/microsemi/libero_v11.2/softconsole/sourcery-g++/bin/../lib/gcc/arm-none-eabi/4.4.1/../../../../arm-none-eabi/lib/thumb2\libc.a(lib_a-mlock.o)
 .bss           0x00000000        0x0 c:/microsemi/libero_v11.2/softconsole/sourcery-g++/bin/../lib/gcc/arm-none-eabi/4.4.1/../../../../arm-none-eabi/lib/thumb2\libc.a(lib_a-mlock.o)
 .data          0x00000000        0x0 c:/microsemi/libero_v11.2/softconsole/sourcery-g++/bin/../lib/gcc/arm-none-eabi/4.4.1/../../../../arm-none-eabi/lib/thumb2\libc.a(lib_a-mprec.o)
 .bss           0x00000000        0x0 c:/microsemi/libero_v11.2/softconsole/sourcery-g++/bin/../lib/gcc/arm-none-eabi/4.4.1/../../../../arm-none-eabi/lib/thumb2\libc.a(lib_a-mprec.o)
 .data          0x00000000        0x0 c:/microsemi/libero_v11.2/softconsole/sourcery-g++/bin/../lib/gcc/arm-none-eabi/4.4.1/../../../../arm-none-eabi/lib/thumb2\libc.a(lib_a-reallocr.o)
 .bss           0x00000000        0x0 c:/microsemi/libero_v11.2/softconsole/sourcery-g++/bin/../lib/gcc/arm-none-eabi/4.4.1/../../../../arm-none-eabi/lib/thumb2\libc.a(lib_a-reallocr.o)
 .data          0x00000000        0x0 c:/microsemi/libero_v11.2/softconsole/sourcery-g++/bin/../lib/gcc/arm-none-eabi/4.4.1/../../../../arm-none-eabi/lib/thumb2\libc.a(lib_a-s_isinfd.o)
 .bss           0x00000000        0x0 c:/microsemi/libero_v11.2/softconsole/sourcery-g++/bin/../lib/gcc/arm-none-eabi/4.4.1/../../../../arm-none-eabi/lib/thumb2\libc.a(lib_a-s_isinfd.o)
 .data          0x00000000        0x0 c:/microsemi/libero_v11.2/softconsole/sourcery-g++/bin/../lib/gcc/arm-none-eabi/4.4.1/../../../../arm-none-eabi/lib/thumb2\libc.a(lib_a-s_isnand.o)
 .bss           0x00000000        0x0 c:/microsemi/libero_v11.2/softconsole/sourcery-g++/bin/../lib/gcc/arm-none-eabi/4.4.1/../../../../arm-none-eabi/lib/thumb2\libc.a(lib_a-s_isnand.o)
 .data          0x00000000        0x0 c:/microsemi/libero_v11.2/softconsole/sourcery-g++/bin/../lib/gcc/arm-none-eabi/4.4.1/../../../../arm-none-eabi/lib/thumb2\libc.a(lib_a-sbrkr.o)
 .bss           0x00000000        0x0 c:/microsemi/libero_v11.2/softconsole/sourcery-g++/bin/../lib/gcc/arm-none-eabi/4.4.1/../../../../arm-none-eabi/lib/thumb2\libc.a(lib_a-sbrkr.o)
 .data          0x00000000        0x0 c:/microsemi/libero_v11.2/softconsole/sourcery-g++/bin/../lib/gcc/arm-none-eabi/4.4.1/../../../../arm-none-eabi/lib/thumb2\libc.a(lib_a-strcmp.o)
 .bss           0x00000000        0x0 c:/microsemi/libero_v11.2/softconsole/sourcery-g++/bin/../lib/gcc/arm-none-eabi/4.4.1/../../../../arm-none-eabi/lib/thumb2\libc.a(lib_a-strcmp.o)
 .data          0x00000000        0x0 c:/microsemi/libero_v11.2/softconsole/sourcery-g++/bin/../lib/gcc/arm-none-eabi/4.4.1/../../../../arm-none-eabi/lib/thumb2\libc.a(lib_a-strlen.o)
 .bss           0x00000000        0x0 c:/microsemi/libero_v11.2/softconsole/sourcery-g++/bin/../lib/gcc/arm-none-eabi/4.4.1/../../../../arm-none-eabi/lib/thumb2\libc.a(lib_a-strlen.o)
 .data          0x00000000        0x0 c:/microsemi/libero_v11.2/softconsole/sourcery-g++/bin/../lib/gcc/arm-none-eabi/4.4.1/../../../../arm-none-eabi/lib/thumb2\libc.a(lib_a-callocr.o)
 .bss           0x00000000        0x0 c:/microsemi/libero_v11.2/softconsole/sourcery-g++/bin/../lib/gcc/arm-none-eabi/4.4.1/../../../../arm-none-eabi/lib/thumb2\libc.a(lib_a-callocr.o)
 .data          0x00000000        0x0 c:/microsemi/libero_v11.2/softconsole/sourcery-g++/bin/../lib/gcc/arm-none-eabi/4.4.1/../../../../arm-none-eabi/lib/thumb2\libc.a(lib_a-memset.o)
 .bss           0x00000000        0x0 c:/microsemi/libero_v11.2/softconsole/sourcery-g++/bin/../lib/gcc/arm-none-eabi/4.4.1/../../../../arm-none-eabi/lib/thumb2\libc.a(lib_a-memset.o)
 .text          0x00000000      0x10c c:/microsemi/libero_v11.2/softconsole/sourcery-g++/bin/../lib/gcc/arm-none-eabi/4.4.1/../../../../arm-none-eabi/lib/thumb2\libc.a(lib_a-reent.o)
 .data          0x00000000        0x0 c:/microsemi/libero_v11.2/softconsole/sourcery-g++/bin/../lib/gcc/arm-none-eabi/4.4.1/../../../../arm-none-eabi/lib/thumb2\libc.a(lib_a-reent.o)
 .bss           0x00000000        0x0 c:/microsemi/libero_v11.2/softconsole/sourcery-g++/bin/../lib/gcc/arm-none-eabi/4.4.1/../../../../arm-none-eabi/lib/thumb2\libc.a(lib_a-reent.o)
 .data          0x00000000        0x0 c:/microsemi/libero_v11.2/softconsole/sourcery-g++/bin/../lib/gcc/arm-none-eabi/4.4.1/thumb2\libgcc.a(_udivsi3.o)
 .bss           0x00000000        0x0 c:/microsemi/libero_v11.2/softconsole/sourcery-g++/bin/../lib/gcc/arm-none-eabi/4.4.1/thumb2\libgcc.a(_udivsi3.o)
 .data          0x00000000        0x0 c:/microsemi/libero_v11.2/softconsole/sourcery-g++/bin/../lib/gcc/arm-none-eabi/4.4.1/thumb2\libgcc.a(_dvmd_tls.o)
 .bss           0x00000000        0x0 c:/microsemi/libero_v11.2/softconsole/sourcery-g++/bin/../lib/gcc/arm-none-eabi/4.4.1/thumb2\libgcc.a(_dvmd_tls.o)
 .data          0x00000000        0x0 c:/microsemi/libero_v11.2/softconsole/sourcery-g++/bin/../lib/gcc/arm-none-eabi/4.4.1/thumb2\libgcc.a(_arm_addsubdf3.o)
 .bss           0x00000000        0x0 c:/microsemi/libero_v11.2/softconsole/sourcery-g++/bin/../lib/gcc/arm-none-eabi/4.4.1/thumb2\libgcc.a(_arm_addsubdf3.o)
 .data          0x00000000        0x0 c:/microsemi/libero_v11.2/softconsole/sourcery-g++/bin/../lib/gcc/arm-none-eabi/4.4.1/thumb2\libgcc.a(_arm_muldivdf3.o)
 .bss           0x00000000        0x0 c:/microsemi/libero_v11.2/softconsole/sourcery-g++/bin/../lib/gcc/arm-none-eabi/4.4.1/thumb2\libgcc.a(_arm_muldivdf3.o)
 .data          0x00000000        0x0 c:/microsemi/libero_v11.2/softconsole/sourcery-g++/bin/../lib/gcc/arm-none-eabi/4.4.1/thumb2\libgcc.a(_arm_cmpdf2.o)
 .bss           0x00000000        0x0 c:/microsemi/libero_v11.2/softconsole/sourcery-g++/bin/../lib/gcc/arm-none-eabi/4.4.1/thumb2\libgcc.a(_arm_cmpdf2.o)
 .data          0x00000000        0x0 c:/microsemi/libero_v11.2/softconsole/sourcery-g++/bin/../lib/gcc/arm-none-eabi/4.4.1/thumb2\libgcc.a(_arm_fixdfsi.o)
 .bss           0x00000000        0x0 c:/microsemi/libero_v11.2/softconsole/sourcery-g++/bin/../lib/gcc/arm-none-eabi/4.4.1/thumb2\libgcc.a(_arm_fixdfsi.o)
 .data          0x00000000        0x0 c:/microsemi/libero_v11.2/softconsole/sourcery-g++/bin/../lib/gcc/arm-none-eabi/4.4.1/thumb2\libgcc.a(_aeabi_uldivmod.o)
 .bss           0x00000000        0x0 c:/microsemi/libero_v11.2/softconsole/sourcery-g++/bin/../lib/gcc/arm-none-eabi/4.4.1/thumb2\libgcc.a(_aeabi_uldivmod.o)
 .data          0x00000000        0x0 c:/microsemi/libero_v11.2/softconsole/sourcery-g++/bin/../lib/gcc/arm-none-eabi/4.4.1/thumb2\libgcc.a(bpabi.o)
 .bss           0x00000000        0x0 c:/microsemi/libero_v11.2/softconsole/sourcery-g++/bin/../lib/gcc/arm-none-eabi/4.4.1/thumb2\libgcc.a(bpabi.o)
 .data          0x00000000        0x0 c:/microsemi/libero_v11.2/softconsole/sourcery-g++/bin/../lib/gcc/arm-none-eabi/4.4.1/thumb2\libgcc.a(_divdi3.o)
 .bss           0x00000000        0x0 c:/microsemi/libero_v11.2/softconsole/sourcery-g++/bin/../lib/gcc/arm-none-eabi/4.4.1/thumb2\libgcc.a(_divdi3.o)
 .ARM.extab     0x00000000        0x0 c:/microsemi/libero_v11.2/softconsole/sourcery-g++/bin/../lib/gcc/arm-none-eabi/4.4.1/thumb2\libgcc.a(_divdi3.o)
 .data          0x00000000        0x0 c:/microsemi/libero_v11.2/softconsole/sourcery-g++/bin/../lib/gcc/arm-none-eabi/4.4.1/thumb2\libgcc.a(_udivdi3.o)
 .bss           0x00000000        0x0 c:/microsemi/libero_v11.2/softconsole/sourcery-g++/bin/../lib/gcc/arm-none-eabi/4.4.1/thumb2\libgcc.a(_udivdi3.o)
 .ARM.extab     0x00000000        0x0 c:/microsemi/libero_v11.2/softconsole/sourcery-g++/bin/../lib/gcc/arm-none-eabi/4.4.1/thumb2\libgcc.a(_udivdi3.o)
 .text          0x00000000        0x0 c:/microsemi/libero_v11.2/softconsole/sourcery-g++/bin/../lib/gcc/arm-none-eabi/4.4.1/thumb2/crtend.o
 .data          0x00000000        0x0 c:/microsemi/libero_v11.2/softconsole/sourcery-g++/bin/../lib/gcc/arm-none-eabi/4.4.1/thumb2/crtend.o
 .bss           0x00000000        0x0 c:/microsemi/libero_v11.2/softconsole/sourcery-g++/bin/../lib/gcc/arm-none-eabi/4.4.1/thumb2/crtend.o
 .text          0x00000000        0x0 c:/microsemi/libero_v11.2/softconsole/sourcery-g++/bin/../lib/gcc/arm-none-eabi/4.4.1/thumb2/crtn.o
 .data          0x00000000        0x0 c:/microsemi/libero_v11.2/softconsole/sourcery-g++/bin/../lib/gcc/arm-none-eabi/4.4.1/thumb2/crtn.o
 .bss           0x00000000        0x0 c:/microsemi/libero_v11.2/softconsole/sourcery-g++/bin/../lib/gcc/arm-none-eabi/4.4.1/thumb2/crtn.o

Memory Configuration

Name             Origin             Length             Attributes
ram              0x20000000         0x00010000         xrw
*default*        0x00000000         0xffffffff

Linker script and memory map

LOAD c:/microsemi/libero_v11.2/softconsole/sourcery-g++/bin/../lib/gcc/arm-none-eabi/4.4.1/thumb2/crti.o
LOAD c:/microsemi/libero_v11.2/softconsole/sourcery-g++/bin/../lib/gcc/arm-none-eabi/4.4.1/thumb2/crtbegin.o
LOAD ./main.o
LOAD ./hal/CortexM3/cortex_nvic.o
LOAD ./hal/CortexM3/GNU/hal.o
LOAD ./hal/CortexM3/GNU/hw_reg_access.o
LOAD ./drivers_config/sys_config/sys_config.o
LOAD ./drivers/mss_uart/mss_uart.o
LOAD ./drivers/mss_sys_services/mss_comblk.o
LOAD ./drivers/mss_sys_services/mss_sys_services.o
LOAD ./drivers/mss_spi/mss_spi.o
LOAD ./drivers/mss_gpio/mss_gpio.o
LOAD ./drivers/at25df641/at25df641.o
LOAD ./CMSIS/system_m2sxxx.o
LOAD ./CMSIS/startup_gcc/newlib_stubs.o
LOAD ./CMSIS/startup_gcc/startup_m2sxxx.o
START GROUP
LOAD c:/microsemi/libero_v11.2/softconsole/sourcery-g++/bin/../lib/gcc/arm-none-eabi/4.4.1/thumb2\libgcc.a
LOAD c:/microsemi/libero_v11.2/softconsole/sourcery-g++/bin/../lib/gcc/arm-none-eabi/4.4.1/../../../../arm-none-eabi/lib/thumb2\libc.a
LOAD c:/microsemi/libero_v11.2/softconsole/sourcery-g++/bin/../lib/gcc/arm-none-eabi/4.4.1/thumb2\libgcc.a
END GROUP
LOAD c:/microsemi/libero_v11.2/softconsole/sourcery-g++/bin/../lib/gcc/arm-none-eabi/4.4.1/thumb2/crtend.o
LOAD c:/microsemi/libero_v11.2/softconsole/sourcery-g++/bin/../lib/gcc/arm-none-eabi/4.4.1/thumb2/crtn.o
START GROUP
LOAD c:/microsemi/libero_v11.2/softconsole/sourcery-g++/bin/../lib/gcc/arm-none-eabi/4.4.1/../../../../arm-none-eabi/lib/thumb2\libc.a
LOAD c:/microsemi/libero_v11.2/softconsole/sourcery-g++/bin/../lib/gcc/arm-none-eabi/4.4.1/thumb2\libgcc.a
LOAD c:/microsemi/libero_v11.2/softconsole/sourcery-g++/bin/../lib/gcc/arm-none-eabi/4.4.1/../../../../arm-none-eabi/lib/thumb2\libm.a
END GROUP
                0x00000000                __DYNAMIC = 0x0
                0x20000000                RAM_START_ADDRESS = 0x20000000
                0x00010000                RAM_SIZE = 0x10000
                0x00001800                MAIN_STACK_SIZE = 0x1800
                0x00000800                PROCESS_STACK_SIZE = 0x800
                0x20010000                PROVIDE (__main_stack_start, (RAM_START_ADDRESS + RAM_SIZE))
                0x2000e800                PROVIDE (__process_stack_start, (__main_stack_start - MAIN_STACK_SIZE))
                0x20010000                PROVIDE (_estack, __main_stack_start)
                0x00000000                PROVIDE (__mirrored_nvm, 0x0)

.text           0x20000000     0xb678
 CREATE_OBJECT_SYMBOLS
                0x20000000                __text_load = LOADADDR (.text)
                0x20000000                __text_start = .
                0x20000000                __vector_table_vma_base_address = .
 *(.isr_vector)
 .isr_vector    0x20000000      0x2f0 ./CMSIS/startup_gcc/startup_m2sxxx.o
                0x20000000                g_pfnVectors
                0x20000188                Reset_Handler
                0x200001f8                NMI_Handler
                0x200001fa                HardFault_Handler
                0x200001fc                MemManage_Handler
                0x200001fe                BusFault_Handler
                0x20000200                UsageFault_Handler
                0x20000202                SVC_Handler
                0x20000204                DebugMon_Handler
                0x20000206                PendSV_Handler
                0x20000208                SysTick_Handler
                0x2000020a                WdogWakeup_IRQHandler
                0x2000020c                RTC_Wakeup_IRQHandler
                0x20000212                I2C0_IRQHandler
                0x20000214                I2C0_SMBAlert_IRQHandler
                0x20000216                I2C0_SMBus_IRQHandler
                0x20000218                I2C1_IRQHandler
                0x2000021a                I2C1_SMBAlert_IRQHandler
                0x2000021c                I2C1_SMBus_IRQHandler
                0x20000222                EthernetMAC_IRQHandler
                0x20000224                DMA_IRQHandler
                0x20000226                Timer1_IRQHandler
                0x20000228                Timer2_IRQHandler
                0x2000022a                CAN_IRQHandler
                0x2000022c                ENVM0_IRQHandler
                0x2000022e                ENVM1_IRQHandler
                0x20000232                USB_IRQHandler
                0x20000234                USB_DMA_IRQHandler
                0x20000236                PLL_Lock_IRQHandler
                0x20000238                PLL_LockLost_IRQHandler
                0x2000023a                CommSwitchError_IRQHandler
                0x2000023c                CacheError_IRQHandler
                0x2000023e                DDR_IRQHandler
                0x20000240                HPDMA_Complete_IRQHandler
                0x20000242                HPDMA_Error_IRQHandler
                0x20000244                ECC_Error_IRQHandler
                0x20000246                MDDR_IOCalib_IRQHandler
                0x20000248                FAB_PLL_Lock_IRQHandler
                0x2000024a                FAB_PLL_LockLost_IRQHandler
                0x2000024c                FIC64_IRQHandler
                0x2000024e                FabricIrq0_IRQHandler
                0x20000250                FabricIrq1_IRQHandler
                0x20000252                FabricIrq2_IRQHandler
                0x20000254                FabricIrq3_IRQHandler
                0x20000256                FabricIrq4_IRQHandler
                0x20000258                FabricIrq5_IRQHandler
                0x2000025a                FabricIrq6_IRQHandler
                0x2000025c                FabricIrq7_IRQHandler
                0x2000025e                FabricIrq8_IRQHandler
                0x20000260                FabricIrq9_IRQHandler
                0x20000262                FabricIrq10_IRQHandler
                0x20000264                FabricIrq11_IRQHandler
                0x20000266                FabricIrq12_IRQHandler
                0x20000268                FabricIrq13_IRQHandler
                0x2000026a                FabricIrq14_IRQHandler
                0x2000026c                FabricIrq15_IRQHandler
                0x2000026e                GPIO0_IRQHandler
                0x20000270                GPIO1_IRQHandler
                0x20000272                GPIO2_IRQHandler
                0x20000274                GPIO3_IRQHandler
                0x20000276                GPIO4_IRQHandler
                0x20000278                GPIO5_IRQHandler
                0x2000027a                GPIO6_IRQHandler
                0x2000027c                GPIO7_IRQHandler
                0x2000027e                GPIO8_IRQHandler
                0x20000280                GPIO9_IRQHandler
                0x20000282                GPIO10_IRQHandler
                0x20000284                GPIO11_IRQHandler
                0x20000286                GPIO12_IRQHandler
                0x20000288                GPIO13_IRQHandler
                0x2000028a                GPIO14_IRQHandler
                0x2000028c                GPIO15_IRQHandler
                0x2000028e                GPIO16_IRQHandler
                0x20000290                GPIO17_IRQHandler
                0x20000292                GPIO18_IRQHandler
                0x20000294                GPIO19_IRQHandler
                0x20000296                GPIO20_IRQHandler
                0x20000298                GPIO21_IRQHandler
                0x2000029a                GPIO22_IRQHandler
                0x2000029c                GPIO23_IRQHandler
                0x2000029e                GPIO24_IRQHandler
                0x200002a0                GPIO25_IRQHandler
                0x200002a2                GPIO26_IRQHandler
                0x200002a4                GPIO27_IRQHandler
                0x200002a6                GPIO28_IRQHandler
                0x200002a8                GPIO29_IRQHandler
                0x200002aa                GPIO30_IRQHandler
                0x200002ac                GPIO31_IRQHandler
                0x200002ae                mscc_post_hw_cfg_init
 *(.text .text.* .gnu.linkonce.t.*)
 .text          0x200002f0       0x30 c:/microsemi/libero_v11.2/softconsole/sourcery-g++/bin/../lib/gcc/arm-none-eabi/4.4.1/thumb2/crtbegin.o
 .text          0x20000320      0x9d8 ./main.o
                0x20000320                delay
                0x20000344                wait_for_irq
                0x20000358                int_to_hex_int
                0x200003cc                UART_Polled_Rx
                0x20000408                spi_data_checker
                0x200005e0                dump_ddr_data
                0x20000638                copy_spi_image
                0x200006bc                spi_flash_bootloader
                0x20000714                read_prog_data
                0x20000784                dump_spi_image
                0x200008a4                press_any_key
                0x20000958                action_menu
                0x200009c4                init_system
                0x200009f0                main
 .text          0x20000cf8     0x17a8 ./drivers/mss_uart/mss_uart.o
                0x20000cf8                MSS_UART_polled_tx
                0x20000dc4                MSS_UART_polled_tx_string
                0x20000e58                MSS_UART_irq_tx
                0x20000efc                MSS_UART_tx_complete
                0x20000f38                MSS_UART_get_rx
                0x20000fc8                MSS_UART_enable_irq
                0x20001054                MSS_UART_disable_irq
                0x200010c0                MSS_UART_set_rx_handler
                0x20001164                MSS_UART_set_loopback
                0x20001218                MSS_UART_set_rxstatus_handler
                0x200012a0                MSS_UART_set_tx_handler
                0x20001330                MSS_UART_set_modemstatus_handler
                0x200013b8                MSS_UART_fill_tx_fifo
                0x20001464                MSS_UART_get_rx_status
                0x20001498                MSS_UART_get_modem_status
                0x200014bc                MSS_UART_get_tx_status
                0x200014f0                MSS_UART_set_break
                0x2000152c                MSS_UART_clear_break
                0x20001568                MSS_UART_set_pidpei_handler
                0x200015f0                MSS_UART_set_linbreak_handler
                0x20001678                MSS_UART_set_linsync_handler
                0x20001700                MSS_UART_set_nack_handler
                0x20001784                MSS_UART_set_rx_timeout_handler
                0x20001804                MSS_UART_enable_half_duplex
                0x20001840                MSS_UART_disable_half_duplex
                0x2000187c                MSS_UART_set_rx_endian
                0x200018ec                MSS_UART_set_tx_endian
                0x20001960                MSS_UART_set_filter_length
                0x200019a0                MSS_UART_enable_afm
                0x200019dc                MSS_UART_disable_afm
                0x20001a18                MSS_UART_enable_afclear
                0x20001a54                MSS_UART_disable_afclear
                0x20001a90                MSS_UART_enable_rx_timeout
                0x20001ad0                MSS_UART_disable_rx_timeout
                0x20001b0c                MSS_UART_enable_tx_time_guard
                0x20001b4c                MSS_UART_disable_tx_time_guard
                0x20001b88                MSS_UART_set_address
                0x20001bac                MSS_UART_set_ready_mode
                0x20001c20                MSS_UART_set_usart_mode
                0x20001dc4                UART1_IRQHandler
                0x20001de4                UART0_IRQHandler
                0x20002200                MSS_UART_smartcard_init
                0x2000228c                MSS_UART_irda_init
                0x200023a0                MSS_UART_lin_init
                0x2000241c                MSS_UART_init
 .text          0x200024a0      0x870 ./drivers/mss_sys_services/mss_comblk.o
                0x200024a0                MSS_COMBLK_init
                0x20002560                MSS_COMBLK_send_cmd_with_ptr
                0x20002618                MSS_COMBLK_send_paged_cmd
                0x2000276c                MSS_COMBLK_send_cmd
                0x200028e8                ComBlk_IRQHandler
 .text          0x20002d10     0x1a64 ./drivers/mss_sys_services/mss_sys_services.o
                0x20002e30                MSS_SYS_clear_mesh_short
                0x20002f20                MSS_SYS_clear_lock_parity
                0x20003014                MSS_SYS_disable_puf_power_down
                0x20003104                MSS_SYS_enable_puf_power_down
                0x200031f4                MSS_SYS_stop_clock_monitor
                0x200032e0                MSS_SYS_start_clock_monitor
                0x200033d4                MSS_SYS_check_digest
                0x200034d0                MSS_SYS_initiate_iap
                0x200035dc                MSS_SYS_zeroize_device
                0x200036b4                MSS_SYS_nrbg_uninstantiate
                0x2000372c                MSS_SYS_nrbg_self_test
                0x200037a4                MSS_SYS_nrbg_reset
                0x20003824                MSS_SYS_flash_freeze
                0x200038f8                MSS_SYS_ecc_get_base_point
                0x20003994                MSS_SYS_ecc_point_addition
                0x20003a74                MSS_SYS_ecc_point_multiplication
                0x20003b54                MSS_SYS_puf_get_random_seed
                0x20003bf0                MSS_SYS_puf_fetch_ecc_public_key
                0x20003c8c                MSS_SYS_puf_import_keycodes
                0x20003d30                MSS_SYS_puf_export_keycodes
                0x20003dd4                MSS_SYS_puf_fetch_key
                0x20003e74                MSS_SYS_puf_delete_key
                0x20003f00                MSS_SYS_puf_enroll_key
                0x20003fe0                MSS_SYS_puf_get_number_of_keys
                0x20004080                MSS_SYS_puf_delete_activation_code
                0x20004104                MSS_SYS_puf_create_activation_code
                0x20004188                MSS_SYS_nrbg_reseed
                0x200041c0                MSS_SYS_nrbg_generate
                0x20004224                MSS_SYS_nrbg_instantiate
                0x20004278                MSS_SYS_challenge_response
                0x200042b8                MSS_SYS_key_tree
                0x20004300                MSS_SYS_hmac
                0x20004388                MSS_SYS_sha256
                0x200043fc                MSS_SYS_256bit_aes
                0x20004488                MSS_SYS_128bit_aes
                0x20004514                MSS_SYS_get_secondary_device_certificate
                0x20004594                MSS_SYS_get_device_certificate
                0x200045a8                MSS_SYS_get_design_version
                0x200045bc                MSS_SYS_get_user_code
                0x200045d0                MSS_SYS_get_serial_number
                0x200045e4                MSS_SYS_start_isp
                0x20004748                MSS_SYS_init
 .text          0x20004774      0x850 ./drivers/mss_spi/mss_spi.o
                0x20004774                MSS_SPI_init
                0x200048d8                MSS_SPI_configure_slave_mode
                0x20004944                MSS_SPI_configure_master_mode
                0x200049ac                MSS_SPI_set_slave_select
                0x20004a28                MSS_SPI_clear_slave_select
                0x20004a74                MSS_SPI_transfer_frame
                0x20004ac8                MSS_SPI_transfer_block
                0x20004be8                MSS_SPI_set_frame_rx_handler
                0x20004c54                MSS_SPI_set_slave_tx_frame
                0x20004cc4                MSS_SPI_set_slave_block_buffers
                0x20004db0                MSS_SPI_set_cmd_handler
                0x20004dc0                MSS_SPI_set_cmd_response
                0x20004e0c                MSS_SPI_enable
                0x20004e18                MSS_SPI_disable
                0x20004e24                MSS_SPI_set_transfer_byte_count
                0x20004e40                MSS_SPI_tx_done
                0x20004f84                SPI0_IRQHandler
                0x20004fa4                SPI1_IRQHandler
 .text          0x20004fc4      0x458 ./drivers/at25df641/at25df641.o
                0x20004fc4                FLASH_get_status
                0x2000502c                FLASH_erase_4k_block
                0x20005098                FLASH_chip_erase
                0x200050f4                FLASH_global_unprotect
                0x20005150                FLASH_read
                0x200051b4                FLASH_read_device_id
                0x20005200                write_cmd_data
                0x200052b8                FLASH_program
                0x200053f4                FLASH_init
 .text          0x2000541c      0x2f4 ./CMSIS/system_m2sxxx.o
                0x2000541c                SystemCoreClockUpdate
                0x2000552c                SystemInit
 .text          0x20005710       0xd4 ./CMSIS/startup_gcc/newlib_stubs.o
                0x20005710                _close
                0x20005718                _exit
                0x2000571c                _fstat
                0x20005728                _getpid
                0x2000572c                _isatty
                0x20005730                _lseek
                0x20005734                _open
                0x2000573c                _read
                0x20005740                _write_r
                0x20005744                _sbrk
                0x20005770                _stat
                0x2000577c                _times
                0x20005784                _wait
                0x20005794                _unlink
                0x200057a4                _link
                0x200057b4                _kill
                0x200057c4                _fork
                0x200057d4                _execve
 .text          0x200057e4        0xc c:/microsemi/libero_v11.2/softconsole/sourcery-g++/bin/../lib/gcc/arm-none-eabi/4.4.1/../../../../arm-none-eabi/lib/thumb2\libc.a(lib_a-errno.o)
                0x200057e4                __errno
 .text          0x200057f0       0x50 c:/microsemi/libero_v11.2/softconsole/sourcery-g++/bin/../lib/gcc/arm-none-eabi/4.4.1/../../../../arm-none-eabi/lib/thumb2\libc.a(lib_a-init.o)
                0x200057f0                __libc_init_array
 .text          0x20005840      0x190 c:/microsemi/libero_v11.2/softconsole/sourcery-g++/bin/../lib/gcc/arm-none-eabi/4.4.1/../../../../arm-none-eabi/lib/thumb2\libc.a(lib_a-memcpy.o)
                0x20005840                memcpy
 .text          0x200059d0       0xdc c:/microsemi/libero_v11.2/softconsole/sourcery-g++/bin/../lib/gcc/arm-none-eabi/4.4.1/../../../../arm-none-eabi/lib/thumb2\libc.a(lib_a-snprintf.o)
                0x200059d0                snprintf
                0x20005a44                _snprintf_r
 .text          0x20005aac     0x15a8 c:/microsemi/libero_v11.2/softconsole/sourcery-g++/bin/../lib/gcc/arm-none-eabi/4.4.1/../../../../arm-none-eabi/lib/thumb2\libc.a(lib_a-svfprintf.o)
                0x20005bc8                _svfprintf_r
 *fill*         0x20007054        0x4 00
 .text          0x20007058      0xfb8 c:/microsemi/libero_v11.2/softconsole/sourcery-g++/bin/../lib/gcc/arm-none-eabi/4.4.1/../../../../arm-none-eabi/lib/thumb2\libc.a(lib_a-dtoa.o)
                0x20007178                _dtoa_r
 .text          0x20008010      0x268 c:/microsemi/libero_v11.2/softconsole/sourcery-g++/bin/../lib/gcc/arm-none-eabi/4.4.1/../../../../arm-none-eabi/lib/thumb2\libc.a(lib_a-freer.o)
                0x20008010                _malloc_trim_r
                0x200080b8                _free_r
 .text          0x20008278       0x74 c:/microsemi/libero_v11.2/softconsole/sourcery-g++/bin/../lib/gcc/arm-none-eabi/4.4.1/../../../../arm-none-eabi/lib/thumb2\libc.a(lib_a-locale.o)
                0x20008278                __locale_charset
                0x20008284                _localeconv_r
                0x2000828c                localeconv
                0x20008294                _setlocale_r
                0x200082dc                setlocale
 .text          0x200082ec       0x20 c:/microsemi/libero_v11.2/softconsole/sourcery-g++/bin/../lib/gcc/arm-none-eabi/4.4.1/../../../../arm-none-eabi/lib/thumb2\libc.a(lib_a-malloc.o)
                0x200082ec                free
                0x200082fc                malloc
 .text          0x2000830c      0x5a4 c:/microsemi/libero_v11.2/softconsole/sourcery-g++/bin/../lib/gcc/arm-none-eabi/4.4.1/../../../../arm-none-eabi/lib/thumb2\libc.a(lib_a-mallocr.o)
                0x2000830c                _malloc_r
 .text          0x200088b0       0x74 c:/microsemi/libero_v11.2/softconsole/sourcery-g++/bin/../lib/gcc/arm-none-eabi/4.4.1/../../../../arm-none-eabi/lib/thumb2\libc.a(lib_a-memchr.o)
                0x200088b0                memchr
 .text          0x20008924       0xb8 c:/microsemi/libero_v11.2/softconsole/sourcery-g++/bin/../lib/gcc/arm-none-eabi/4.4.1/../../../../arm-none-eabi/lib/thumb2\libc.a(lib_a-memmove.o)
                0x20008924                memmove
 .text          0x200089dc        0x8 c:/microsemi/libero_v11.2/softconsole/sourcery-g++/bin/../lib/gcc/arm-none-eabi/4.4.1/../../../../arm-none-eabi/lib/thumb2\libc.a(lib_a-mlock.o)
                0x200089dc                __malloc_lock
                0x200089e0                __malloc_unlock
 .text          0x200089e4      0x958 c:/microsemi/libero_v11.2/softconsole/sourcery-g++/bin/../lib/gcc/arm-none-eabi/4.4.1/../../../../arm-none-eabi/lib/thumb2\libc.a(lib_a-mprec.o)
                0x200089e4                __hi0bits
                0x20008a24                __lo0bits
                0x20008a88                __mcmp
                0x20008ac8                __ulp
                0x20008b14                __b2d
                0x20008bbc                __ratio
                0x20008c1c                _mprec_log10
                0x20008c54                __copybits
                0x20008ca4                __any_on
                0x20008cfc                _Bfree
                0x20008d34                _Balloc
                0x20008da0                __d2b
                0x20008e70                __mdiff
                0x20008f68                __lshift
                0x20009024                __multiply
                0x20009158                __i2b
                0x2000916c                __multadd
                0x200091f4                __pow5mult
                0x200092a0                __s2b
 .text          0x2000933c      0x3b4 c:/microsemi/libero_v11.2/softconsole/sourcery-g++/bin/../lib/gcc/arm-none-eabi/4.4.1/../../../../arm-none-eabi/lib/thumb2\libc.a(lib_a-reallocr.o)
                0x2000933c                _realloc_r
 .text          0x200096f0       0x24 c:/microsemi/libero_v11.2/softconsole/sourcery-g++/bin/../lib/gcc/arm-none-eabi/4.4.1/../../../../arm-none-eabi/lib/thumb2\libc.a(lib_a-s_isinfd.o)
                0x200096f0                __isinfd
 .text          0x20009714       0x1c c:/microsemi/libero_v11.2/softconsole/sourcery-g++/bin/../lib/gcc/arm-none-eabi/4.4.1/../../../../arm-none-eabi/lib/thumb2\libc.a(lib_a-s_isnand.o)
                0x20009714                __isnand
 .text          0x20009730       0x28 c:/microsemi/libero_v11.2/softconsole/sourcery-g++/bin/../lib/gcc/arm-none-eabi/4.4.1/../../../../arm-none-eabi/lib/thumb2\libc.a(lib_a-sbrkr.o)
                0x20009730                _sbrk_r
 .text          0x20009758      0x1dc c:/microsemi/libero_v11.2/softconsole/sourcery-g++/bin/../lib/gcc/arm-none-eabi/4.4.1/../../../../arm-none-eabi/lib/thumb2\libc.a(lib_a-strcmp.o)
                0x20009758                strcmp
 .text          0x20009934       0x60 c:/microsemi/libero_v11.2/softconsole/sourcery-g++/bin/../lib/gcc/arm-none-eabi/4.4.1/../../../../arm-none-eabi/lib/thumb2\libc.a(lib_a-strlen.o)
                0x20009934                strlen
 .text          0x20009994       0x5c c:/microsemi/libero_v11.2/softconsole/sourcery-g++/bin/../lib/gcc/arm-none-eabi/4.4.1/../../../../arm-none-eabi/lib/thumb2\libc.a(lib_a-callocr.o)
                0x20009994                _calloc_r
 .text          0x200099f0       0xd4 c:/microsemi/libero_v11.2/softconsole/sourcery-g++/bin/../lib/gcc/arm-none-eabi/4.4.1/../../../../arm-none-eabi/lib/thumb2\libc.a(lib_a-memset.o)
                0x200099f0                memset
 *fill*         0x20009ac4        0x4 00
 .text          0x20009ac8      0x278 c:/microsemi/libero_v11.2/softconsole/sourcery-g++/bin/../lib/gcc/arm-none-eabi/4.4.1/thumb2\libgcc.a(_udivsi3.o)
                0x20009ac8                __aeabi_uidiv
                0x20009ac8                __udivsi3
                0x20009d24                __aeabi_uidivmod
 .text          0x20009d40        0x4 c:/microsemi/libero_v11.2/softconsole/sourcery-g++/bin/../lib/gcc/arm-none-eabi/4.4.1/thumb2\libgcc.a(_dvmd_tls.o)
                0x20009d40                __aeabi_idiv0
                0x20009d40                __aeabi_ldiv0
 .text          0x20009d44      0x370 c:/microsemi/libero_v11.2/softconsole/sourcery-g++/bin/../lib/gcc/arm-none-eabi/4.4.1/thumb2\libgcc.a(_arm_addsubdf3.o)
                0x20009d44                __aeabi_drsub
                0x20009d4c                __aeabi_dsub
                0x20009d4c                __subdf3
                0x20009d50                __aeabi_dadd
                0x20009d50                __adddf3
                0x20009fc8                __floatunsidf
                0x20009fc8                __aeabi_ui2d
                0x20009fe8                __floatsidf
                0x20009fe8                __aeabi_i2d
                0x2000a00c                __aeabi_f2d
                0x2000a00c                __extendsfdf2
                0x2000a048                __floatundidf
                0x2000a048                __aeabi_ul2d
                0x2000a058                __floatdidf
                0x2000a058                __aeabi_l2d
 .text          0x2000a0b4      0x424 c:/microsemi/libero_v11.2/softconsole/sourcery-g++/bin/../lib/gcc/arm-none-eabi/4.4.1/thumb2\libgcc.a(_arm_muldivdf3.o)
                0x2000a0b4                __aeabi_dmul
                0x2000a0b4                __muldf3
                0x2000a308                __divdf3
                0x2000a308                __aeabi_ddiv
 .text          0x2000a4d8      0x110 c:/microsemi/libero_v11.2/softconsole/sourcery-g++/bin/../lib/gcc/arm-none-eabi/4.4.1/thumb2\libgcc.a(_arm_cmpdf2.o)
                0x2000a4d8                __gtdf2
                0x2000a4d8                __gedf2
                0x2000a4e0                __ltdf2
                0x2000a4e0                __ledf2
                0x2000a4e8                __nedf2
                0x2000a4e8                __eqdf2
                0x2000a4e8                __cmpdf2
                0x2000a564                __aeabi_cdrcmple
                0x2000a574                __aeabi_cdcmpeq
                0x2000a574                __aeabi_cdcmple
                0x2000a584                __aeabi_dcmpeq
                0x2000a598                __aeabi_dcmplt
                0x2000a5ac                __aeabi_dcmple
                0x2000a5c0                __aeabi_dcmpge
                0x2000a5d4                __aeabi_dcmpgt
 .text          0x2000a5e8       0x50 c:/microsemi/libero_v11.2/softconsole/sourcery-g++/bin/../lib/gcc/arm-none-eabi/4.4.1/thumb2\libgcc.a(_arm_fixdfsi.o)
                0x2000a5e8                __aeabi_d2iz
                0x2000a5e8                __fixdfsi
 .text          0x2000a638       0x2c c:/microsemi/libero_v11.2/softconsole/sourcery-g++/bin/../lib/gcc/arm-none-eabi/4.4.1/thumb2\libgcc.a(_aeabi_uldivmod.o)
                0x2000a638                __aeabi_uldivmod
 .text          0x2000a664       0x58 c:/microsemi/libero_v11.2/softconsole/sourcery-g++/bin/../lib/gcc/arm-none-eabi/4.4.1/thumb2\libgcc.a(bpabi.o)
                0x2000a664                __gnu_uldivmod_helper
                0x2000a690                __gnu_ldivmod_helper
 .text          0x2000a6bc      0x364 c:/microsemi/libero_v11.2/softconsole/sourcery-g++/bin/../lib/gcc/arm-none-eabi/4.4.1/thumb2\libgcc.a(_divdi3.o)
                0x2000a6bc                __divdi3
 .text          0x2000aa20      0x300 c:/microsemi/libero_v11.2/softconsole/sourcery-g++/bin/../lib/gcc/arm-none-eabi/4.4.1/thumb2\libgcc.a(_udivdi3.o)
                0x2000aa20                __udivdi3
 *(.plt)
 *(.gnu.warning)
 *(.glue_7t)
 .glue_7t       0x00000000        0x0 linker stubs
 *(.glue_7)
 .glue_7        0x00000000        0x0 linker stubs
 *(.vfp11_veneer)
 .vfp11_veneer  0x00000000        0x0 linker stubs
                0x2000ad20                . = ALIGN (0x4)
 *crtbegin.o(.ctors)
 *(EXCLUDE_FILE(*crtend.o) .ctors)
 *(SORT(.ctors.*))
 *crtend.o(.ctors)
 *crtbegin.o(.dtors)
 *(EXCLUDE_FILE(*crtend.o) .dtors)
 *(SORT(.dtors.*))
 *crtend.o(.dtors)
 *(.rodata .rodata.* .gnu.linkonce.r.*)
 .rodata        0x2000ad20       0x24 ./main.o
                0x2000ad40                gp_my_uart
 .rodata.str1.4
                0x2000ad44      0x575 ./main.o
                                0x5c8 (size before relaxing)
 *fill*         0x2000b2b9        0x3 00
 .rodata        0x2000b2bc      0x110 ./drivers_config/sys_config/sys_config.o
                0x2000b2bc                g_m2s_mddr_addr
                0x2000b2c0                g_m2s_mddr_subsys_config
 .rodata        0x2000b3cc       0x60 ./drivers/mss_sys_services/mss_sys_services.o
 .rodata.str1.4
                0x2000b42c       0x3f ./drivers/mss_sys_services/mss_sys_services.o
                                 0x40 (size before relaxing)
 *fill*         0x2000b46b        0x1 00
 .rodata        0x2000b46c        0x8 ./CMSIS/system_m2sxxx.o
 .rodata.str1.4
                0x2000b474        0x2 c:/microsemi/libero_v11.2/softconsole/sourcery-g++/bin/../lib/gcc/arm-none-eabi/4.4.1/../../../../arm-none-eabi/lib/thumb2\libc.a(lib_a-impure.o)
                                  0x4 (size before relaxing)
 *fill*         0x2000b476        0x2 00
 .rodata        0x2000b478       0x20 c:/microsemi/libero_v11.2/softconsole/sourcery-g++/bin/../lib/gcc/arm-none-eabi/4.4.1/../../../../arm-none-eabi/lib/thumb2\libc.a(lib_a-svfprintf.o)
 .rodata.str1.4
                0x2000b498       0x42 c:/microsemi/libero_v11.2/softconsole/sourcery-g++/bin/../lib/gcc/arm-none-eabi/4.4.1/../../../../arm-none-eabi/lib/thumb2\libc.a(lib_a-svfprintf.o)
                                 0x44 (size before relaxing)
 *fill*         0x2000b4da        0x2 00
 .rodata.str1.4
                0x2000b4dc       0x10 c:/microsemi/libero_v11.2/softconsole/sourcery-g++/bin/../lib/gcc/arm-none-eabi/4.4.1/../../../../arm-none-eabi/lib/thumb2\libc.a(lib_a-dtoa.o)
                                 0x14 (size before relaxing)
 .rodata        0x2000b4ec       0x34 c:/microsemi/libero_v11.2/softconsole/sourcery-g++/bin/../lib/gcc/arm-none-eabi/4.4.1/../../../../arm-none-eabi/lib/thumb2\libc.a(lib_a-locale.o)
 .rodata.str1.4
                0x2000b520        0xc c:/microsemi/libero_v11.2/softconsole/sourcery-g++/bin/../lib/gcc/arm-none-eabi/4.4.1/../../../../arm-none-eabi/lib/thumb2\libc.a(lib_a-locale.o)
                                 0x18 (size before relaxing)
 *fill*         0x2000b52c        0x4 00
 .rodata        0x2000b530      0x128 c:/microsemi/libero_v11.2/softconsole/sourcery-g++/bin/../lib/gcc/arm-none-eabi/4.4.1/../../../../arm-none-eabi/lib/thumb2\libc.a(lib_a-mprec.o)
                0x2000b530                __mprec_tens
                0x2000b608                __mprec_bigtens
                0x2000b630                __mprec_tinytens
 *(.ARM.extab* .gnu.linkonce.armextab.*)
 *(.gcc_except_table)
 *(.eh_frame_hdr)
 *(.eh_frame)
 *(.init)
 .init          0x2000b658        0x4 c:/microsemi/libero_v11.2/softconsole/sourcery-g++/bin/../lib/gcc/arm-none-eabi/4.4.1/thumb2/crti.o
                0x2000b658                _init
 .init          0x2000b65c        0x8 c:/microsemi/libero_v11.2/softconsole/sourcery-g++/bin/../lib/gcc/arm-none-eabi/4.4.1/thumb2/crtn.o
 *(.fini)
 .fini          0x2000b664        0x4 c:/microsemi/libero_v11.2/softconsole/sourcery-g++/bin/../lib/gcc/arm-none-eabi/4.4.1/thumb2/crti.o
                0x2000b664                _fini
 .fini          0x2000b668        0x8 c:/microsemi/libero_v11.2/softconsole/sourcery-g++/bin/../lib/gcc/arm-none-eabi/4.4.1/thumb2/crtn.o
                0x2000b670                PROVIDE (__preinit_array_start, .)
 *(.preinit_array)
                0x2000b670                PROVIDE (__preinit_array_end, .)
                0x2000b670                PROVIDE (__init_array_start, .)
 *(SORT(.init_array.*))
 *(.init_array)
 .init_array    0x2000b670        0x4 c:/microsemi/libero_v11.2/softconsole/sourcery-g++/bin/../lib/gcc/arm-none-eabi/4.4.1/thumb2/crtbegin.o
                0x2000b674                PROVIDE (__init_array_end, .)
                0x2000b674                PROVIDE (__fini_array_start, .)
 *(.fini_array)
 .fini_array    0x2000b674        0x4 c:/microsemi/libero_v11.2/softconsole/sourcery-g++/bin/../lib/gcc/arm-none-eabi/4.4.1/thumb2/crtbegin.o
 *(SORT(.fini_array.*))
                0x2000b678                PROVIDE (__fini_array_end, .)
                0x2000b678                __exidx_start = .

.v4_bx          0x2000b678        0x0
 .v4_bx         0x00000000        0x0 linker stubs

.ARM.exidx      0x2000b678        0x8
 *(.ARM.exidx* .gnu.linkonce.armexidx.*)
 .ARM.exidx     0x2000b678        0x8 c:/microsemi/libero_v11.2/softconsole/sourcery-g++/bin/../lib/gcc/arm-none-eabi/4.4.1/thumb2\libgcc.a(_divdi3.o)
 .ARM.exidx     0x2000b680        0x0 c:/microsemi/libero_v11.2/softconsole/sourcery-g++/bin/../lib/gcc/arm-none-eabi/4.4.1/thumb2\libgcc.a(_udivdi3.o)
                                  0x8 (size before relaxing)
                0x2000b680                __exidx_end = .
                0x2000b680                _etext = .
                0x2000b680                PROVIDE (__text_end, .)

.data           0x2000b680      0x538
                0x2000b680                __data_load = LOADADDR (.data)
                0x2000b680                _sidata = LOADADDR (.data)
                0x2000b680                __data_start = .
                0x2000b680                _sdata = .
 *(.jcr)
 .jcr           0x2000b680        0x0 c:/microsemi/libero_v11.2/softconsole/sourcery-g++/bin/../lib/gcc/arm-none-eabi/4.4.1/thumb2/crtbegin.o
 .jcr           0x2000b680        0x4 c:/microsemi/libero_v11.2/softconsole/sourcery-g++/bin/../lib/gcc/arm-none-eabi/4.4.1/thumb2/crtend.o
 *(.got.plt)
 *(.got)
 *(.shdata)
 *(.data .data.* .gnu.linkonce.d.*)
 .data          0x2000b684        0xc ./main.o
                0x2000b688                action_code
                0x2000b68c                g_bkup
 .data          0x2000b690        0x8 ./drivers/mss_sys_services/mss_sys_services.o
 .data          0x2000b698       0x1c ./CMSIS/system_m2sxxx.o
                0x2000b698                SystemCoreClock
                0x2000b69c                g_FrequencyPCLK0
                0x2000b6a0                g_FrequencyPCLK1
                0x2000b6a4                g_FrequencyPCLK2
                0x2000b6a8                g_FrequencyFIC0
                0x2000b6ac                g_FrequencyFIC1
                0x2000b6b0                g_FrequencyFIC64
 .data          0x2000b6b4       0xf4 c:/microsemi/libero_v11.2/softconsole/sourcery-g++/bin/../lib/gcc/arm-none-eabi/4.4.1/../../../../arm-none-eabi/lib/thumb2\libc.a(lib_a-impure.o)
                0x2000b6b4                _impure_ptr
 .data          0x2000b7a8      0x410 c:/microsemi/libero_v11.2/softconsole/sourcery-g++/bin/../lib/gcc/arm-none-eabi/4.4.1/../../../../arm-none-eabi/lib/thumb2\libc.a(lib_a-mallocr.o)
                0x2000b7a8                __malloc_av_
                0x2000bbb0                __malloc_sbrk_base
                0x2000bbb4                __malloc_trim_threshold
                0x2000bbb8                . = ALIGN (0x4)
                0x2000bbb8                _edata = .

.bss            0x2000bbb8     0x1218
                0x2000bbb8                __bss_start__ = .
                0x2000bbb8                _sbss = .
 *(.shbss)
 *(.bss .bss.* .gnu.linkonce.b.*)
 .bss           0x2000bbb8        0x1 c:/microsemi/libero_v11.2/softconsole/sourcery-g++/bin/../lib/gcc/arm-none-eabi/4.4.1/thumb2/crtbegin.o
 *fill*         0x2000bbb9        0x3 00
 .bss           0x2000bbbc     0x1008 ./main.o
                0x2000cbbc                MDDR_status
 .bss           0x2000cbc4       0x2c ./drivers/mss_sys_services/mss_comblk.o
 .bss           0x2000cbf0       0x24 ./drivers/mss_sys_services/mss_sys_services.o
                0x2000cc00                g_isp_completion_handler
                0x2000cc0c                g_isp_page_read_handler
 .bss           0x2000cc14        0x8 ./CMSIS/startup_gcc/newlib_stubs.o
                0x2000cc18                __env
 .bss           0x2000cc1c       0x34 c:/microsemi/libero_v11.2/softconsole/sourcery-g++/bin/../lib/gcc/arm-none-eabi/4.4.1/../../../../arm-none-eabi/lib/thumb2\libc.a(lib_a-mallocr.o)
                0x2000cc1c                __malloc_top_pad
                0x2000cc20                __malloc_current_mallinfo
                0x2000cc48                __malloc_max_sbrked_mem
                0x2000cc4c                __malloc_max_total_mem
 *(COMMON)
 COMMON         0x2000cc50       0x80 ./drivers/mss_uart/mss_uart.o
                0x2000cc50                g_mss_uart1
                0x2000cc90                g_mss_uart0
 COMMON         0x2000ccd0       0xf8 ./drivers/mss_spi/mss_spi.o
                0x2000ccd0                g_mss_spi1
                0x2000cd4c                g_mss_spi0
 COMMON         0x2000cdc8        0x4 c:/microsemi/libero_v11.2/softconsole/sourcery-g++/bin/../lib/gcc/arm-none-eabi/4.4.1/../../../../arm-none-eabi/lib/thumb2\libc.a(lib_a-reent.o)
                0x2000cdc8                errno
                0x2000cdd0                . = ALIGN (0x8)
 *fill*         0x2000cdcc        0x4 00
                0x2000cdd0                __bss_end__ = .
                0x2000cdd0                _end = .
                0x2000cdd0                __end = _end
                0x2000cdd0                _ebss = .
                0x2000cdd0                PROVIDE (end, .)

.stack          0x2000cdd0     0x2000
                0x2000cdd0                . = ALIGN (0x4)
                0x2000d5d0                . = (. + PROCESS_STACK_SIZE)
 *fill*         0x2000cdd0      0x800 00
                0x2000d5d0                . = ALIGN (0x4)
                0x2000edd0                . = (. + MAIN_STACK_SIZE)
 *fill*         0x2000d5d0     0x1800 00
                0x2000edd0                . = ALIGN (0x4)

.stab
 *(.stab)

.stabstr
 *(.stabstr)

.debug
 *(.debug)

.line
 *(.line)

.debug_srcinfo
 *(.debug_srcinfo)

.debug_sfnames
 *(.debug_sfnames)

.comment        0x00000000      0x1d9
 .comment       0x00000000       0x2b ./main.o
 .comment       0x0000002b       0x2b ./hal/CortexM3/cortex_nvic.o
 .comment       0x00000056       0x2b ./drivers_config/sys_config/sys_config.o
 .comment       0x00000081       0x2b ./drivers/mss_uart/mss_uart.o
 .comment       0x000000ac       0x2b ./drivers/mss_sys_services/mss_comblk.o
 .comment       0x000000d7       0x2b ./drivers/mss_sys_services/mss_sys_services.o
 .comment       0x00000102       0x2b ./drivers/mss_spi/mss_spi.o
 .comment       0x0000012d       0x2b ./drivers/mss_gpio/mss_gpio.o
 .comment       0x00000158       0x2b ./drivers/at25df641/at25df641.o
 .comment       0x00000183       0x2b ./CMSIS/system_m2sxxx.o
 .comment       0x000001ae       0x2b ./CMSIS/startup_gcc/newlib_stubs.o

.debug_aranges  0x00000000      0x140
 *(.debug_aranges)
 .debug_aranges
                0x00000000       0x20 ./main.o
 .debug_aranges
                0x00000020       0x20 ./hal/CortexM3/cortex_nvic.o
 .debug_aranges
                0x00000040       0x20 ./drivers/mss_uart/mss_uart.o
 .debug_aranges
                0x00000060       0x20 ./drivers/mss_sys_services/mss_comblk.o
 .debug_aranges
                0x00000080       0x20 ./drivers/mss_sys_services/mss_sys_services.o
 .debug_aranges
                0x000000a0       0x20 ./drivers/mss_spi/mss_spi.o
 .debug_aranges
                0x000000c0       0x20 ./drivers/mss_gpio/mss_gpio.o
 .debug_aranges
                0x000000e0       0x20 ./drivers/at25df641/at25df641.o
 .debug_aranges
                0x00000100       0x20 ./CMSIS/system_m2sxxx.o
 .debug_aranges
                0x00000120       0x20 ./CMSIS/startup_gcc/newlib_stubs.o

.debug_pubnames
                0x00000000     0x1219
 *(.debug_pubnames)
 .debug_pubnames
                0x00000000      0x141 ./main.o
 .debug_pubnames
                0x00000141       0x99 ./hal/CortexM3/cortex_nvic.o
 .debug_pubnames
                0x000001da       0x43 ./drivers_config/sys_config/sys_config.o
 .debug_pubnames
                0x0000021d      0x50f ./drivers/mss_uart/mss_uart.o
 .debug_pubnames
                0x0000072c       0x93 ./drivers/mss_sys_services/mss_comblk.o
 .debug_pubnames
                0x000007bf      0x50d ./drivers/mss_sys_services/mss_sys_services.o
 .debug_pubnames
                0x00000ccc      0x21a ./drivers/mss_spi/mss_spi.o
 .debug_pubnames
                0x00000ee6       0xb1 ./drivers/mss_gpio/mss_gpio.o
 .debug_pubnames
                0x00000f97       0xcc ./drivers/at25df641/at25df641.o
 .debug_pubnames
                0x00001063       0xcb ./CMSIS/system_m2sxxx.o
 .debug_pubnames
                0x0000112e       0xeb ./CMSIS/startup_gcc/newlib_stubs.o

.debug_info     0x00000000     0xe562
 *(.debug_info .gnu.linkonce.wi.*)
 .debug_info    0x00000000     0x186e ./main.o
 .debug_info    0x0000186e      0x17b ./hal/CortexM3/cortex_nvic.o
 .debug_info    0x000019e9     0x132c ./drivers_config/sys_config/sys_config.o
 .debug_info    0x00002d15     0x29c5 ./drivers/mss_uart/mss_uart.o
 .debug_info    0x000056da      0xdcf ./drivers/mss_sys_services/mss_comblk.o
 .debug_info    0x000064a9     0x27cd ./drivers/mss_sys_services/mss_sys_services.o
 .debug_info    0x00008c76     0x1749 ./drivers/mss_spi/mss_spi.o
 .debug_info    0x0000a3bf     0x1132 ./drivers/mss_gpio/mss_gpio.o
 .debug_info    0x0000b4f1      0xa0c ./drivers/at25df641/at25df641.o
 .debug_info    0x0000befd     0x1f8c ./CMSIS/system_m2sxxx.o
 .debug_info    0x0000de89      0x6d9 ./CMSIS/startup_gcc/newlib_stubs.o

.debug_abbrev   0x00000000     0x19fa
 *(.debug_abbrev)
 .debug_abbrev  0x00000000      0x3c5 ./main.o
 .debug_abbrev  0x000003c5       0x99 ./hal/CortexM3/cortex_nvic.o
 .debug_abbrev  0x0000045e      0x10a ./drivers_config/sys_config/sys_config.o
 .debug_abbrev  0x00000568      0x3ae ./drivers/mss_uart/mss_uart.o
 .debug_abbrev  0x00000916      0x2ae ./drivers/mss_sys_services/mss_comblk.o
 .debug_abbrev  0x00000bc4      0x319 ./drivers/mss_sys_services/mss_sys_services.o
 .debug_abbrev  0x00000edd      0x309 ./drivers/mss_spi/mss_spi.o
 .debug_abbrev  0x000011e6      0x1c2 ./drivers/mss_gpio/mss_gpio.o
 .debug_abbrev  0x000013a8      0x1fe ./drivers/at25df641/at25df641.o
 .debug_abbrev  0x000015a6      0x257 ./CMSIS/system_m2sxxx.o
 .debug_abbrev  0x000017fd      0x1fd ./CMSIS/startup_gcc/newlib_stubs.o

.debug_line     0x00000000     0x3fae
 *(.debug_line)
 .debug_line    0x00000000      0x6db ./main.o
 .debug_line    0x000006db      0x264 ./hal/CortexM3/cortex_nvic.o
 .debug_line    0x0000093f      0x193 ./drivers_config/sys_config/sys_config.o
 .debug_line    0x00000ad2      0xd91 ./drivers/mss_uart/mss_uart.o
 .debug_line    0x00001863      0x641 ./drivers/mss_sys_services/mss_comblk.o
 .debug_line    0x00001ea4      0xd1b ./drivers/mss_sys_services/mss_sys_services.o
 .debug_line    0x00002bbf      0x60b ./drivers/mss_spi/mss_spi.o
 .debug_line    0x000031ca      0x367 ./drivers/mss_gpio/mss_gpio.o
 .debug_line    0x00003531      0x466 ./drivers/at25df641/at25df641.o
 .debug_line    0x00003997      0x29a ./CMSIS/system_m2sxxx.o
 .debug_line    0x00003c31      0x37d ./CMSIS/startup_gcc/newlib_stubs.o

.debug_frame    0x00000000     0x1c38
 *(.debug_frame)
 .debug_frame   0x00000000      0x230 ./main.o
 .debug_frame   0x00000230       0x70 ./hal/CortexM3/cortex_nvic.o
 .debug_frame   0x000002a0      0x450 ./drivers/mss_uart/mss_uart.o
 .debug_frame   0x000006f0      0x10c ./drivers/mss_sys_services/mss_comblk.o
 .debug_frame   0x000007fc      0x65c ./drivers/mss_sys_services/mss_sys_services.o
 .debug_frame   0x00000e58      0x200 ./drivers/mss_spi/mss_spi.o
 .debug_frame   0x00001058       0x9c ./drivers/mss_gpio/mss_gpio.o
 .debug_frame   0x000010f4      0x164 ./drivers/at25df641/at25df641.o
 .debug_frame   0x00001258       0x4c ./CMSIS/system_m2sxxx.o
 .debug_frame   0x000012a4      0x160 ./CMSIS/startup_gcc/newlib_stubs.o
 .debug_frame   0x00001404       0x20 c:/microsemi/libero_v11.2/softconsole/sourcery-g++/bin/../lib/gcc/arm-none-eabi/4.4.1/../../../../arm-none-eabi/lib/thumb2\libc.a(lib_a-errno.o)
 .debug_frame   0x00001424       0x2c c:/microsemi/libero_v11.2/softconsole/sourcery-g++/bin/../lib/gcc/arm-none-eabi/4.4.1/../../../../arm-none-eabi/lib/thumb2\libc.a(lib_a-init.o)
 .debug_frame   0x00001450       0x34 c:/microsemi/libero_v11.2/softconsole/sourcery-g++/bin/../lib/gcc/arm-none-eabi/4.4.1/../../../../arm-none-eabi/lib/thumb2\libc.a(lib_a-memcpy.o)
 .debug_frame   0x00001484       0x64 c:/microsemi/libero_v11.2/softconsole/sourcery-g++/bin/../lib/gcc/arm-none-eabi/4.4.1/../../../../arm-none-eabi/lib/thumb2\libc.a(lib_a-snprintf.o)
 .debug_frame   0x000014e8       0x68 c:/microsemi/libero_v11.2/softconsole/sourcery-g++/bin/../lib/gcc/arm-none-eabi/4.4.1/../../../../arm-none-eabi/lib/thumb2\libc.a(lib_a-svfprintf.o)
 .debug_frame   0x00001550       0x64 c:/microsemi/libero_v11.2/softconsole/sourcery-g++/bin/../lib/gcc/arm-none-eabi/4.4.1/../../../../arm-none-eabi/lib/thumb2\libc.a(lib_a-dtoa.o)
 .debug_frame   0x000015b4       0x50 c:/microsemi/libero_v11.2/softconsole/sourcery-g++/bin/../lib/gcc/arm-none-eabi/4.4.1/../../../../arm-none-eabi/lib/thumb2\libc.a(lib_a-freer.o)
 .debug_frame   0x00001604       0x6c c:/microsemi/libero_v11.2/softconsole/sourcery-g++/bin/../lib/gcc/arm-none-eabi/4.4.1/../../../../arm-none-eabi/lib/thumb2\libc.a(lib_a-locale.o)
 .debug_frame   0x00001670       0x30 c:/microsemi/libero_v11.2/softconsole/sourcery-g++/bin/../lib/gcc/arm-none-eabi/4.4.1/../../../../arm-none-eabi/lib/thumb2\libc.a(lib_a-malloc.o)
 .debug_frame   0x000016a0       0x3c c:/microsemi/libero_v11.2/softconsole/sourcery-g++/bin/../lib/gcc/arm-none-eabi/4.4.1/../../../../arm-none-eabi/lib/thumb2\libc.a(lib_a-mallocr.o)
 .debug_frame   0x000016dc       0x28 c:/microsemi/libero_v11.2/softconsole/sourcery-g++/bin/../lib/gcc/arm-none-eabi/4.4.1/../../../../arm-none-eabi/lib/thumb2\libc.a(lib_a-memchr.o)
 .debug_frame   0x00001704       0x2c c:/microsemi/libero_v11.2/softconsole/sourcery-g++/bin/../lib/gcc/arm-none-eabi/4.4.1/../../../../arm-none-eabi/lib/thumb2\libc.a(lib_a-memmove.o)
 .debug_frame   0x00001730       0x30 c:/microsemi/libero_v11.2/softconsole/sourcery-g++/bin/../lib/gcc/arm-none-eabi/4.4.1/../../../../arm-none-eabi/lib/thumb2\libc.a(lib_a-mlock.o)
 .debug_frame   0x00001760      0x240 c:/microsemi/libero_v11.2/softconsole/sourcery-g++/bin/../lib/gcc/arm-none-eabi/4.4.1/../../../../arm-none-eabi/lib/thumb2\libc.a(lib_a-mprec.o)
 .debug_frame   0x000019a0       0x3c c:/microsemi/libero_v11.2/softconsole/sourcery-g++/bin/../lib/gcc/arm-none-eabi/4.4.1/../../../../arm-none-eabi/lib/thumb2\libc.a(lib_a-reallocr.o)
 .debug_frame   0x000019dc       0x20 c:/microsemi/libero_v11.2/softconsole/sourcery-g++/bin/../lib/gcc/arm-none-eabi/4.4.1/../../../../arm-none-eabi/lib/thumb2\libc.a(lib_a-s_isinfd.o)
 .debug_frame   0x000019fc       0x20 c:/microsemi/libero_v11.2/softconsole/sourcery-g++/bin/../lib/gcc/arm-none-eabi/4.4.1/../../../../arm-none-eabi/lib/thumb2\libc.a(lib_a-s_isnand.o)
 .debug_frame   0x00001a1c       0x2c c:/microsemi/libero_v11.2/softconsole/sourcery-g++/bin/../lib/gcc/arm-none-eabi/4.4.1/../../../../arm-none-eabi/lib/thumb2\libc.a(lib_a-sbrkr.o)
 .debug_frame   0x00001a48       0x30 c:/microsemi/libero_v11.2/softconsole/sourcery-g++/bin/../lib/gcc/arm-none-eabi/4.4.1/../../../../arm-none-eabi/lib/thumb2\libc.a(lib_a-strcmp.o)
 .debug_frame   0x00001a78       0x20 c:/microsemi/libero_v11.2/softconsole/sourcery-g++/bin/../lib/gcc/arm-none-eabi/4.4.1/../../../../arm-none-eabi/lib/thumb2\libc.a(lib_a-strlen.o)
 .debug_frame   0x00001a98       0x2c c:/microsemi/libero_v11.2/softconsole/sourcery-g++/bin/../lib/gcc/arm-none-eabi/4.4.1/../../../../arm-none-eabi/lib/thumb2\libc.a(lib_a-callocr.o)
 .debug_frame   0x00001ac4       0x28 c:/microsemi/libero_v11.2/softconsole/sourcery-g++/bin/../lib/gcc/arm-none-eabi/4.4.1/../../../../arm-none-eabi/lib/thumb2\libc.a(lib_a-memset.o)
 .debug_frame   0x00001aec       0x64 c:/microsemi/libero_v11.2/softconsole/sourcery-g++/bin/../lib/gcc/arm-none-eabi/4.4.1/../../../../arm-none-eabi/lib/thumb2\libc.a(lib_a-reent.o)
 .debug_frame   0x00001b50       0x20 c:/microsemi/libero_v11.2/softconsole/sourcery-g++/bin/../lib/gcc/arm-none-eabi/4.4.1/thumb2\libgcc.a(_udivsi3.o)
 .debug_frame   0x00001b70       0x50 c:/microsemi/libero_v11.2/softconsole/sourcery-g++/bin/../lib/gcc/arm-none-eabi/4.4.1/thumb2\libgcc.a(bpabi.o)
 .debug_frame   0x00001bc0       0x3c c:/microsemi/libero_v11.2/softconsole/sourcery-g++/bin/../lib/gcc/arm-none-eabi/4.4.1/thumb2\libgcc.a(_divdi3.o)
 .debug_frame   0x00001bfc       0x3c c:/microsemi/libero_v11.2/softconsole/sourcery-g++/bin/../lib/gcc/arm-none-eabi/4.4.1/thumb2\libgcc.a(_udivdi3.o)

.debug_str      0x00000000     0x4819
 *(.debug_str)
 .debug_str     0x00000000     0x12ad ./main.o
                               0x1410 (size before relaxing)
 .debug_str     0x000012ad       0xc4 ./hal/CortexM3/cortex_nvic.o
                                0x1e8 (size before relaxing)
 .debug_str     0x00001371      0xf20 ./drivers_config/sys_config/sys_config.o
                               0x107a (size before relaxing)
 .debug_str     0x00002291      0xa4c ./drivers/mss_uart/mss_uart.o
                               0x19b4 (size before relaxing)
 .debug_str     0x00002cdd      0x30c ./drivers/mss_sys_services/mss_comblk.o
                                0xa81 (size before relaxing)
 .debug_str     0x00002fe9      0x90b ./drivers/mss_sys_services/mss_sys_services.o
                               0x191d (size before relaxing)
 .debug_str     0x000038f4      0x6c9 ./drivers/mss_spi/mss_spi.o
                               0x156a (size before relaxing)
 .debug_str     0x00003fbd      0x2e2 ./drivers/mss_gpio/mss_gpio.o
                               0x121e (size before relaxing)
 .debug_str     0x0000429f      0x157 ./drivers/at25df641/at25df641.o
                                0xc09 (size before relaxing)
 .debug_str     0x000043f6      0x241 ./CMSIS/system_m2sxxx.o
                               0x19ae (size before relaxing)
 .debug_str     0x00004637      0x1e2 ./CMSIS/startup_gcc/newlib_stubs.o
                                0x33b (size before relaxing)

.debug_loc      0x00000000     0x3f33
 *(.debug_loc)
 .debug_loc     0x00000000      0x76f ./main.o
 .debug_loc     0x0000076f      0xd80 ./drivers/mss_uart/mss_uart.o
 .debug_loc     0x000014ef      0x7ef ./drivers/mss_sys_services/mss_comblk.o
 .debug_loc     0x00001cde     0x12e1 ./drivers/mss_sys_services/mss_sys_services.o
 .debug_loc     0x00002fbf      0x6f8 ./drivers/mss_spi/mss_spi.o
 .debug_loc     0x000036b7      0x1f9 ./drivers/mss_gpio/mss_gpio.o
 .debug_loc     0x000038b0      0x3da ./drivers/at25df641/at25df641.o
 .debug_loc     0x00003c8a       0x86 ./CMSIS/system_m2sxxx.o
 .debug_loc     0x00003d10      0x223 ./CMSIS/startup_gcc/newlib_stubs.o

.debug_macinfo  0x00000000    0x58407
 *(.debug_macinfo)
 .debug_macinfo
                0x00000000     0xc030 ./main.o
 .debug_macinfo
                0x0000c030     0x193e ./hal/CortexM3/cortex_nvic.o
 .debug_macinfo
                0x0000d96e     0x9596 ./drivers_config/sys_config/sys_config.o
 .debug_macinfo
                0x00016f04     0x8863 ./drivers/mss_uart/mss_uart.o
 .debug_macinfo
                0x0001f767     0x7b9a ./drivers/mss_sys_services/mss_comblk.o
 .debug_macinfo
                0x00027301     0xbaa1 ./drivers/mss_sys_services/mss_sys_services.o
 .debug_macinfo
                0x00032da2     0x7cad ./drivers/mss_spi/mss_spi.o
 .debug_macinfo
                0x0003aa4f     0x7e5b ./drivers/mss_gpio/mss_gpio.o
 .debug_macinfo
                0x000428aa     0x9485 ./drivers/at25df641/at25df641.o
 .debug_macinfo
                0x0004bd2f     0x7ae9 ./CMSIS/system_m2sxxx.o
 .debug_macinfo
                0x00053818     0x4bef ./CMSIS/startup_gcc/newlib_stubs.o

.debug_weaknames
 *(.debug_weaknames)

.debug_funcnames
 *(.debug_funcnames)

.debug_typenames
 *(.debug_typenames)

.debug_varnames
 *(.debug_varnames)

.note.gnu.arm.ident
 *(.note.gnu.arm.ident)

.ARM.attributes
                0x00000000       0x25
 *(.ARM.attributes)
 .ARM.attributes
                0x00000000       0x19 c:/microsemi/libero_v11.2/softconsole/sourcery-g++/bin/../lib/gcc/arm-none-eabi/4.4.1/thumb2/crti.o
 .ARM.attributes
                0x00000019       0x29 c:/microsemi/libero_v11.2/softconsole/sourcery-g++/bin/../lib/gcc/arm-none-eabi/4.4.1/thumb2/crtbegin.o
 .ARM.attributes
                0x00000042       0x31 ./main.o
 .ARM.attributes
                0x00000073       0x31 ./hal/CortexM3/cortex_nvic.o
 .ARM.attributes
                0x000000a4       0x21 ./hal/CortexM3/GNU/hal.o
 .ARM.attributes
                0x000000c5       0x21 ./hal/CortexM3/GNU/hw_reg_access.o
 .ARM.attributes
                0x000000e6       0x31 ./drivers_config/sys_config/sys_config.o
 .ARM.attributes
                0x00000117       0x31 ./drivers/mss_uart/mss_uart.o
 .ARM.attributes
                0x00000148       0x31 ./drivers/mss_sys_services/mss_comblk.o
 .ARM.attributes
                0x00000179       0x31 ./drivers/mss_sys_services/mss_sys_services.o
 .ARM.attributes
                0x000001aa       0x31 ./drivers/mss_spi/mss_spi.o
 .ARM.attributes
                0x000001db       0x31 ./drivers/mss_gpio/mss_gpio.o
 .ARM.attributes
                0x0000020c       0x31 ./drivers/at25df641/at25df641.o
 .ARM.attributes
                0x0000023d       0x31 ./CMSIS/system_m2sxxx.o
 .ARM.attributes
                0x0000026e       0x31 ./CMSIS/startup_gcc/newlib_stubs.o
 .ARM.attributes
                0x0000029f       0x21 ./CMSIS/startup_gcc/startup_m2sxxx.o
 .ARM.attributes
                0x000002c0       0x29 c:/microsemi/libero_v11.2/softconsole/sourcery-g++/bin/../lib/gcc/arm-none-eabi/4.4.1/../../../../arm-none-eabi/lib/thumb2\libc.a(lib_a-errno.o)
 .ARM.attributes
                0x000002e9       0x29 c:/microsemi/libero_v11.2/softconsole/sourcery-g++/bin/../lib/gcc/arm-none-eabi/4.4.1/../../../../arm-none-eabi/lib/thumb2\libc.a(lib_a-impure.o)
 .ARM.attributes
                0x00000312       0x29 c:/microsemi/libero_v11.2/softconsole/sourcery-g++/bin/../lib/gcc/arm-none-eabi/4.4.1/../../../../arm-none-eabi/lib/thumb2\libc.a(lib_a-init.o)
 .ARM.attributes
                0x0000033b       0x29 c:/microsemi/libero_v11.2/softconsole/sourcery-g++/bin/../lib/gcc/arm-none-eabi/4.4.1/../../../../arm-none-eabi/lib/thumb2\libc.a(lib_a-memcpy.o)
 .ARM.attributes
                0x00000364       0x29 c:/microsemi/libero_v11.2/softconsole/sourcery-g++/bin/../lib/gcc/arm-none-eabi/4.4.1/../../../../arm-none-eabi/lib/thumb2\libc.a(lib_a-snprintf.o)
 .ARM.attributes
                0x0000038d       0x29 c:/microsemi/libero_v11.2/softconsole/sourcery-g++/bin/../lib/gcc/arm-none-eabi/4.4.1/../../../../arm-none-eabi/lib/thumb2\libc.a(lib_a-svfprintf.o)
 .ARM.attributes
                0x000003b6       0x29 c:/microsemi/libero_v11.2/softconsole/sourcery-g++/bin/../lib/gcc/arm-none-eabi/4.4.1/../../../../arm-none-eabi/lib/thumb2\libc.a(lib_a-dtoa.o)
 .ARM.attributes
                0x000003df       0x29 c:/microsemi/libero_v11.2/softconsole/sourcery-g++/bin/../lib/gcc/arm-none-eabi/4.4.1/../../../../arm-none-eabi/lib/thumb2\libc.a(lib_a-freer.o)
 .ARM.attributes
                0x00000408       0x29 c:/microsemi/libero_v11.2/softconsole/sourcery-g++/bin/../lib/gcc/arm-none-eabi/4.4.1/../../../../arm-none-eabi/lib/thumb2\libc.a(lib_a-locale.o)
 .ARM.attributes
                0x00000431       0x29 c:/microsemi/libero_v11.2/softconsole/sourcery-g++/bin/../lib/gcc/arm-none-eabi/4.4.1/../../../../arm-none-eabi/lib/thumb2\libc.a(lib_a-malloc.o)
 .ARM.attributes
                0x0000045a       0x29 c:/microsemi/libero_v11.2/softconsole/sourcery-g++/bin/../lib/gcc/arm-none-eabi/4.4.1/../../../../arm-none-eabi/lib/thumb2\libc.a(lib_a-mallocr.o)
 .ARM.attributes
                0x00000483       0x29 c:/microsemi/libero_v11.2/softconsole/sourcery-g++/bin/../lib/gcc/arm-none-eabi/4.4.1/../../../../arm-none-eabi/lib/thumb2\libc.a(lib_a-memchr.o)
 .ARM.attributes
                0x000004ac       0x29 c:/microsemi/libero_v11.2/softconsole/sourcery-g++/bin/../lib/gcc/arm-none-eabi/4.4.1/../../../../arm-none-eabi/lib/thumb2\libc.a(lib_a-memmove.o)
 .ARM.attributes
                0x000004d5       0x29 c:/microsemi/libero_v11.2/softconsole/sourcery-g++/bin/../lib/gcc/arm-none-eabi/4.4.1/../../../../arm-none-eabi/lib/thumb2\libc.a(lib_a-mlock.o)
 .ARM.attributes
                0x000004fe       0x29 c:/microsemi/libero_v11.2/softconsole/sourcery-g++/bin/../lib/gcc/arm-none-eabi/4.4.1/../../../../arm-none-eabi/lib/thumb2\libc.a(lib_a-mprec.o)
 .ARM.attributes
                0x00000527       0x29 c:/microsemi/libero_v11.2/softconsole/sourcery-g++/bin/../lib/gcc/arm-none-eabi/4.4.1/../../../../arm-none-eabi/lib/thumb2\libc.a(lib_a-reallocr.o)
 .ARM.attributes
                0x00000550       0x29 c:/microsemi/libero_v11.2/softconsole/sourcery-g++/bin/../lib/gcc/arm-none-eabi/4.4.1/../../../../arm-none-eabi/lib/thumb2\libc.a(lib_a-s_isinfd.o)
 .ARM.attributes
                0x00000579       0x29 c:/microsemi/libero_v11.2/softconsole/sourcery-g++/bin/../lib/gcc/arm-none-eabi/4.4.1/../../../../arm-none-eabi/lib/thumb2\libc.a(lib_a-s_isnand.o)
 .ARM.attributes
                0x000005a2       0x29 c:/microsemi/libero_v11.2/softconsole/sourcery-g++/bin/../lib/gcc/arm-none-eabi/4.4.1/../../../../arm-none-eabi/lib/thumb2\libc.a(lib_a-sbrkr.o)
 .ARM.attributes
                0x000005cb       0x29 c:/microsemi/libero_v11.2/softconsole/sourcery-g++/bin/../lib/gcc/arm-none-eabi/4.4.1/../../../../arm-none-eabi/lib/thumb2\libc.a(lib_a-strcmp.o)
 .ARM.attributes
                0x000005f4       0x29 c:/microsemi/libero_v11.2/softconsole/sourcery-g++/bin/../lib/gcc/arm-none-eabi/4.4.1/../../../../arm-none-eabi/lib/thumb2\libc.a(lib_a-strlen.o)
 .ARM.attributes
                0x0000061d       0x29 c:/microsemi/libero_v11.2/softconsole/sourcery-g++/bin/../lib/gcc/arm-none-eabi/4.4.1/../../../../arm-none-eabi/lib/thumb2\libc.a(lib_a-callocr.o)
 .ARM.attributes
                0x00000646       0x29 c:/microsemi/libero_v11.2/softconsole/sourcery-g++/bin/../lib/gcc/arm-none-eabi/4.4.1/../../../../arm-none-eabi/lib/thumb2\libc.a(lib_a-memset.o)
 .ARM.attributes
                0x0000066f       0x29 c:/microsemi/libero_v11.2/softconsole/sourcery-g++/bin/../lib/gcc/arm-none-eabi/4.4.1/../../../../arm-none-eabi/lib/thumb2\libc.a(lib_a-reent.o)
 .ARM.attributes
                0x00000698       0x1b c:/microsemi/libero_v11.2/softconsole/sourcery-g++/bin/../lib/gcc/arm-none-eabi/4.4.1/thumb2\libgcc.a(_udivsi3.o)
 .ARM.attributes
                0x000006b3       0x1b c:/microsemi/libero_v11.2/softconsole/sourcery-g++/bin/../lib/gcc/arm-none-eabi/4.4.1/thumb2\libgcc.a(_dvmd_tls.o)
 .ARM.attributes
                0x000006ce       0x1b c:/microsemi/libero_v11.2/softconsole/sourcery-g++/bin/../lib/gcc/arm-none-eabi/4.4.1/thumb2\libgcc.a(_arm_addsubdf3.o)
 .ARM.attributes
                0x000006e9       0x1b c:/microsemi/libero_v11.2/softconsole/sourcery-g++/bin/../lib/gcc/arm-none-eabi/4.4.1/thumb2\libgcc.a(_arm_muldivdf3.o)
 .ARM.attributes
                0x00000704       0x1b c:/microsemi/libero_v11.2/softconsole/sourcery-g++/bin/../lib/gcc/arm-none-eabi/4.4.1/thumb2\libgcc.a(_arm_cmpdf2.o)
 .ARM.attributes
                0x0000071f       0x1b c:/microsemi/libero_v11.2/softconsole/sourcery-g++/bin/../lib/gcc/arm-none-eabi/4.4.1/thumb2\libgcc.a(_arm_fixdfsi.o)
 .ARM.attributes
                0x0000073a       0x1b c:/microsemi/libero_v11.2/softconsole/sourcery-g++/bin/../lib/gcc/arm-none-eabi/4.4.1/thumb2\libgcc.a(_aeabi_uldivmod.o)
 .ARM.attributes
                0x00000755       0x29 c:/microsemi/libero_v11.2/softconsole/sourcery-g++/bin/../lib/gcc/arm-none-eabi/4.4.1/thumb2\libgcc.a(bpabi.o)
 .ARM.attributes
                0x0000077e       0x29 c:/microsemi/libero_v11.2/softconsole/sourcery-g++/bin/../lib/gcc/arm-none-eabi/4.4.1/thumb2\libgcc.a(_divdi3.o)
 .ARM.attributes
                0x000007a7       0x29 c:/microsemi/libero_v11.2/softconsole/sourcery-g++/bin/../lib/gcc/arm-none-eabi/4.4.1/thumb2\libgcc.a(_udivdi3.o)
 .ARM.attributes
                0x000007d0       0x29 c:/microsemi/libero_v11.2/softconsole/sourcery-g++/bin/../lib/gcc/arm-none-eabi/4.4.1/thumb2/crtend.o
 .ARM.attributes
                0x000007f9       0x19 c:/microsemi/libero_v11.2/softconsole/sourcery-g++/bin/../lib/gcc/arm-none-eabi/4.4.1/thumb2/crtn.o

/DISCARD/
 *(.note.GNU-stack)
 *(.isr_vector)
OUTPUT(ISP_USB_SPI_FLASH elf32-littlearm)

.debug_ranges   0x00000000     0x17e8
 .debug_ranges  0x00000000       0x80 ./main.o
 .debug_ranges  0x00000080      0xac8 ./drivers/mss_uart/mss_uart.o
 .debug_ranges  0x00000b48      0x3c0 ./drivers/mss_sys_services/mss_comblk.o
 .debug_ranges  0x00000f08      0x5d8 ./drivers/mss_sys_services/mss_sys_services.o
 .debug_ranges  0x000014e0      0x110 ./drivers/mss_spi/mss_spi.o
 .debug_ranges  0x000015f0       0x68 ./drivers/mss_gpio/mss_gpio.o
 .debug_ranges  0x00001658      0x190 ./CMSIS/system_m2sxxx.o
