Archive member included because of file (symbol)

c:/microsemi/libero_v11.2/softconsole/sourcery-g++/bin/../lib/gcc/arm-none-eabi/4.4.1/../../../../arm-none-eabi/lib/thumb2\libc.a(lib_a-errno.o)
                              ./CMSIS/startup_gcc/newlib_stubs.o (__errno)
c:/microsemi/libero_v11.2/softconsole/sourcery-g++/bin/../lib/gcc/arm-none-eabi/4.4.1/../../../../arm-none-eabi/lib/thumb2\libc.a(lib_a-impure.o)
                              c:/microsemi/libero_v11.2/softconsole/sourcery-g++/bin/../lib/gcc/arm-none-eabi/4.4.1/../../../../arm-none-eabi/lib/thumb2\libc.a(lib_a-errno.o) (_impure_ptr)
c:/microsemi/libero_v11.2/softconsole/sourcery-g++/bin/../lib/gcc/arm-none-eabi/4.4.1/../../../../arm-none-eabi/lib/thumb2\libc.a(lib_a-init.o)
                              ./CMSIS/startup_gcc/startup_m2sxxx.o (__libc_init_array)
c:/microsemi/libero_v11.2/softconsole/sourcery-g++/bin/../lib/gcc/arm-none-eabi/4.4.1/../../../../arm-none-eabi/lib/thumb2\libc.a(lib_a-memcpy.o)
                              ./drivers/mss_sys_services/mss_sys_services.o (memcpy)
c:/microsemi/libero_v11.2/softconsole/sourcery-g++/bin/../lib/gcc/arm-none-eabi/4.4.1/../../../../arm-none-eabi/lib/thumb2\libc.a(lib_a-snprintf.o)
                              ./main.o (snprintf)
c:/microsemi/libero_v11.2/softconsole/sourcery-g++/bin/../lib/gcc/arm-none-eabi/4.4.1/../../../../arm-none-eabi/lib/thumb2\libc.a(lib_a-svfprintf.o)
                              c:/microsemi/libero_v11.2/softconsole/sourcery-g++/bin/../lib/gcc/arm-none-eabi/4.4.1/../../../../arm-none-eabi/lib/thumb2\libc.a(lib_a-snprintf.o) (_svfprintf_r)
c:/microsemi/libero_v11.2/softconsole/sourcery-g++/bin/../lib/gcc/arm-none-eabi/4.4.1/../../../../arm-none-eabi/lib/thumb2\libc.a(lib_a-dtoa.o)
                              c:/microsemi/libero_v11.2/softconsole/sourcery-g++/bin/../lib/gcc/arm-none-eabi/4.4.1/../../../../arm-none-eabi/lib/thumb2\libc.a(lib_a-svfprintf.o) (_dtoa_r)
c:/microsemi/libero_v11.2/softconsole/sourcery-g++/bin/../lib/gcc/arm-none-eabi/4.4.1/../../../../arm-none-eabi/lib/thumb2\libc.a(lib_a-freer.o)
                              c:/microsemi/libero_v11.2/softconsole/sourcery-g++/bin/../lib/gcc/arm-none-eabi/4.4.1/../../../../arm-none-eabi/lib/thumb2\libc.a(lib_a-svfprintf.o) (_free_r)
c:/microsemi/libero_v11.2/softconsole/sourcery-g++/bin/../lib/gcc/arm-none-eabi/4.4.1/../../../../arm-none-eabi/lib/thumb2\libc.a(lib_a-locale.o)
                              c:/microsemi/libero_v11.2/softconsole/sourcery-g++/bin/../lib/gcc/arm-none-eabi/4.4.1/../../../../arm-none-eabi/lib/thumb2\libc.a(lib_a-svfprintf.o) (_localeconv_r)
c:/microsemi/libero_v11.2/softconsole/sourcery-g++/bin/../lib/gcc/arm-none-eabi/4.4.1/../../../../arm-none-eabi/lib/thumb2\libc.a(lib_a-malloc.o)
                              c:/microsemi/libero_v11.2/softconsole/sourcery-g++/bin/../lib/gcc/arm-none-eabi/4.4.1/../../../../arm-none-eabi/lib/thumb2\libc.a(lib_a-dtoa.o) (malloc)
c:/microsemi/libero_v11.2/softconsole/sourcery-g++/bin/../lib/gcc/arm-none-eabi/4.4.1/../../../../arm-none-eabi/lib/thumb2\libc.a(lib_a-mallocr.o)
                              c:/microsemi/libero_v11.2/softconsole/sourcery-g++/bin/../lib/gcc/arm-none-eabi/4.4.1/../../../../arm-none-eabi/lib/thumb2\libc.a(lib_a-svfprintf.o) (_malloc_r)
c:/microsemi/libero_v11.2/softconsole/sourcery-g++/bin/../lib/gcc/arm-none-eabi/4.4.1/../../../../arm-none-eabi/lib/thumb2\libc.a(lib_a-memchr.o)
                              c:/microsemi/libero_v11.2/softconsole/sourcery-g++/bin/../lib/gcc/arm-none-eabi/4.4.1/../../../../arm-none-eabi/lib/thumb2\libc.a(lib_a-svfprintf.o) (memchr)
c:/microsemi/libero_v11.2/softconsole/sourcery-g++/bin/../lib/gcc/arm-none-eabi/4.4.1/../../../../arm-none-eabi/lib/thumb2\libc.a(lib_a-memmove.o)
                              c:/microsemi/libero_v11.2/softconsole/sourcery-g++/bin/../lib/gcc/arm-none-eabi/4.4.1/../../../../arm-none-eabi/lib/thumb2\libc.a(lib_a-svfprintf.o) (memmove)
c:/microsemi/libero_v11.2/softconsole/sourcery-g++/bin/../lib/gcc/arm-none-eabi/4.4.1/../../../../arm-none-eabi/lib/thumb2\libc.a(lib_a-mlock.o)
                              c:/microsemi/libero_v11.2/softconsole/sourcery-g++/bin/../lib/gcc/arm-none-eabi/4.4.1/../../../../arm-none-eabi/lib/thumb2\libc.a(lib_a-freer.o) (__malloc_lock)
c:/microsemi/libero_v11.2/softconsole/sourcery-g++/bin/../lib/gcc/arm-none-eabi/4.4.1/../../../../arm-none-eabi/lib/thumb2\libc.a(lib_a-mprec.o)
                              c:/microsemi/libero_v11.2/softconsole/sourcery-g++/bin/../lib/gcc/arm-none-eabi/4.4.1/../../../../arm-none-eabi/lib/thumb2\libc.a(lib_a-dtoa.o) (__hi0bits)
c:/microsemi/libero_v11.2/softconsole/sourcery-g++/bin/../lib/gcc/arm-none-eabi/4.4.1/../../../../arm-none-eabi/lib/thumb2\libc.a(lib_a-reallocr.o)
                              c:/microsemi/libero_v11.2/softconsole/sourcery-g++/bin/../lib/gcc/arm-none-eabi/4.4.1/../../../../arm-none-eabi/lib/thumb2\libc.a(lib_a-svfprintf.o) (_realloc_r)
c:/microsemi/libero_v11.2/softconsole/sourcery-g++/bin/../lib/gcc/arm-none-eabi/4.4.1/../../../../arm-none-eabi/lib/thumb2\libc.a(lib_a-s_isinfd.o)
                              c:/microsemi/libero_v11.2/softconsole/sourcery-g++/bin/../lib/gcc/arm-none-eabi/4.4.1/../../../../arm-none-eabi/lib/thumb2\libc.a(lib_a-svfprintf.o) (__isinfd)
c:/microsemi/libero_v11.2/softconsole/sourcery-g++/bin/../lib/gcc/arm-none-eabi/4.4.1/../../../../arm-none-eabi/lib/thumb2\libc.a(lib_a-s_isnand.o)
                              c:/microsemi/libero_v11.2/softconsole/sourcery-g++/bin/../lib/gcc/arm-none-eabi/4.4.1/../../../../arm-none-eabi/lib/thumb2\libc.a(lib_a-svfprintf.o) (__isnand)
c:/microsemi/libero_v11.2/softconsole/sourcery-g++/bin/../lib/gcc/arm-none-eabi/4.4.1/../../../../arm-none-eabi/lib/thumb2\libc.a(lib_a-sbrkr.o)
                              c:/microsemi/libero_v11.2/softconsole/sourcery-g++/bin/../lib/gcc/arm-none-eabi/4.4.1/../../../../arm-none-eabi/lib/thumb2\libc.a(lib_a-freer.o) (_sbrk_r)
c:/microsemi/libero_v11.2/softconsole/sourcery-g++/bin/../lib/gcc/arm-none-eabi/4.4.1/../../../../arm-none-eabi/lib/thumb2\libc.a(lib_a-strcmp.o)
                              c:/microsemi/libero_v11.2/softconsole/sourcery-g++/bin/../lib/gcc/arm-none-eabi/4.4.1/../../../../arm-none-eabi/lib/thumb2\libc.a(lib_a-locale.o) (strcmp)
c:/microsemi/libero_v11.2/softconsole/sourcery-g++/bin/../lib/gcc/arm-none-eabi/4.4.1/../../../../arm-none-eabi/lib/thumb2\libc.a(lib_a-strlen.o)
                              c:/microsemi/libero_v11.2/softconsole/sourcery-g++/bin/../lib/gcc/arm-none-eabi/4.4.1/../../../../arm-none-eabi/lib/thumb2\libc.a(lib_a-svfprintf.o) (strlen)
c:/microsemi/libero_v11.2/softconsole/sourcery-g++/bin/../lib/gcc/arm-none-eabi/4.4.1/../../../../arm-none-eabi/lib/thumb2\libc.a(lib_a-callocr.o)
                              c:/microsemi/libero_v11.2/softconsole/sourcery-g++/bin/../lib/gcc/arm-none-eabi/4.4.1/../../../../arm-none-eabi/lib/thumb2\libc.a(lib_a-mprec.o) (_calloc_r)
c:/microsemi/libero_v11.2/softconsole/sourcery-g++/bin/../lib/gcc/arm-none-eabi/4.4.1/../../../../arm-none-eabi/lib/thumb2\libc.a(lib_a-memset.o)
                              c:/microsemi/libero_v11.2/softconsole/sourcery-g++/bin/../lib/gcc/arm-none-eabi/4.4.1/../../../../arm-none-eabi/lib/thumb2\libc.a(lib_a-callocr.o) (memset)
c:/microsemi/libero_v11.2/softconsole/sourcery-g++/bin/../lib/gcc/arm-none-eabi/4.4.1/../../../../arm-none-eabi/lib/thumb2\libc.a(lib_a-reent.o)
                              c:/microsemi/libero_v11.2/softconsole/sourcery-g++/bin/../lib/gcc/arm-none-eabi/4.4.1/../../../../arm-none-eabi/lib/thumb2\libc.a(lib_a-sbrkr.o) (errno)
c:/microsemi/libero_v11.2/softconsole/sourcery-g++/bin/../lib/gcc/arm-none-eabi/4.4.1/thumb2\libgcc.a(_udivsi3.o)
                              c:/microsemi/libero_v11.2/softconsole/sourcery-g++/bin/../lib/gcc/arm-none-eabi/4.4.1/../../../../arm-none-eabi/lib/thumb2\libc.a(lib_a-dtoa.o) (__aeabi_uidiv)
c:/microsemi/libero_v11.2/softconsole/sourcery-g++/bin/../lib/gcc/arm-none-eabi/4.4.1/thumb2\libgcc.a(_dvmd_tls.o)
                              c:/microsemi/libero_v11.2/softconsole/sourcery-g++/bin/../lib/gcc/arm-none-eabi/4.4.1/thumb2\libgcc.a(_udivsi3.o) (__aeabi_idiv0)
c:/microsemi/libero_v11.2/softconsole/sourcery-g++/bin/../lib/gcc/arm-none-eabi/4.4.1/thumb2\libgcc.a(_arm_addsubdf3.o)
                              c:/microsemi/libero_v11.2/softconsole/sourcery-g++/bin/../lib/gcc/arm-none-eabi/4.4.1/../../../../arm-none-eabi/lib/thumb2\libc.a(lib_a-dtoa.o) (__aeabi_dsub)
c:/microsemi/libero_v11.2/softconsole/sourcery-g++/bin/../lib/gcc/arm-none-eabi/4.4.1/thumb2\libgcc.a(_arm_muldivdf3.o)
                              c:/microsemi/libero_v11.2/softconsole/sourcery-g++/bin/../lib/gcc/arm-none-eabi/4.4.1/../../../../arm-none-eabi/lib/thumb2\libc.a(lib_a-dtoa.o) (__aeabi_dmul)
c:/microsemi/libero_v11.2/softconsole/sourcery-g++/bin/../lib/gcc/arm-none-eabi/4.4.1/thumb2\libgcc.a(_arm_cmpdf2.o)
                              c:/microsemi/libero_v11.2/softconsole/sourcery-g++/bin/../lib/gcc/arm-none-eabi/4.4.1/../../../../arm-none-eabi/lib/thumb2\libc.a(lib_a-svfprintf.o) (__aeabi_dcmpeq)
c:/microsemi/libero_v11.2/softconsole/sourcery-g++/bin/../lib/gcc/arm-none-eabi/4.4.1/thumb2\libgcc.a(_arm_fixdfsi.o)
                              c:/microsemi/libero_v11.2/softconsole/sourcery-g++/bin/../lib/gcc/arm-none-eabi/4.4.1/../../../../arm-none-eabi/lib/thumb2\libc.a(lib_a-dtoa.o) (__aeabi_d2iz)
c:/microsemi/libero_v11.2/softconsole/sourcery-g++/bin/../lib/gcc/arm-none-eabi/4.4.1/thumb2\libgcc.a(_aeabi_uldivmod.o)
                              c:/microsemi/libero_v11.2/softconsole/sourcery-g++/bin/../lib/gcc/arm-none-eabi/4.4.1/../../../../arm-none-eabi/lib/thumb2\libc.a(lib_a-svfprintf.o) (__aeabi_uldivmod)
c:/microsemi/libero_v11.2/softconsole/sourcery-g++/bin/../lib/gcc/arm-none-eabi/4.4.1/thumb2\libgcc.a(bpabi.o)
                              c:/microsemi/libero_v11.2/softconsole/sourcery-g++/bin/../lib/gcc/arm-none-eabi/4.4.1/thumb2\libgcc.a(_aeabi_uldivmod.o) (__gnu_uldivmod_helper)
c:/microsemi/libero_v11.2/softconsole/sourcery-g++/bin/../lib/gcc/arm-none-eabi/4.4.1/thumb2\libgcc.a(_divdi3.o)
                              c:/microsemi/libero_v11.2/softconsole/sourcery-g++/bin/../lib/gcc/arm-none-eabi/4.4.1/thumb2\libgcc.a(bpabi.o) (__divdi3)
c:/microsemi/libero_v11.2/softconsole/sourcery-g++/bin/../lib/gcc/arm-none-eabi/4.4.1/thumb2\libgcc.a(_udivdi3.o)
                              c:/microsemi/libero_v11.2/softconsole/sourcery-g++/bin/../lib/gcc/arm-none-eabi/4.4.1/thumb2\libgcc.a(bpabi.o) (__udivdi3)

Allocating common symbols
Common symbol       size              file

errno               0x4               c:/microsemi/libero_v11.2/softconsole/sourcery-g++/bin/../lib/gcc/arm-none-eabi/4.4.1/../../../../arm-none-eabi/lib/thumb2\libc.a(lib_a-reent.o)
g_mss_spi1          0x7c              ./drivers/mss_spi/mss_spi.o
g_mss_uart1         0x40              ./drivers/mss_uart/mss_uart.o
g_mss_uart0         0x40              ./drivers/mss_uart/mss_uart.o
g_mss_spi0          0x7c              ./drivers/mss_spi/mss_spi.o

Discarded input sections

 .text          0x00000000        0x0 c:/microsemi/libero_v11.2/softconsole/sourcery-g++/bin/../lib/gcc/arm-none-eabi/4.4.1/thumb2/crti.o
 .data          0x00000000        0x0 c:/microsemi/libero_v11.2/softconsole/sourcery-g++/bin/../lib/gcc/arm-none-eabi/4.4.1/thumb2/crti.o
 .bss           0x00000000        0x0 c:/microsemi/libero_v11.2/softconsole/sourcery-g++/bin/../lib/gcc/arm-none-eabi/4.4.1/thumb2/crti.o
 .data          0x00000000        0x4 c:/microsemi/libero_v11.2/softconsole/sourcery-g++/bin/../lib/gcc/arm-none-eabi/4.4.1/thumb2/crtbegin.o
 .text          0x00000000       0x18 ./hal/CortexM3/cortex_nvic.o
 .data          0x00000000        0x0 ./hal/CortexM3/cortex_nvic.o
 .bss           0x00000000        0x0 ./hal/CortexM3/cortex_nvic.o
 .text          0x00000000        0xe ./hal/CortexM3/GNU/hal.o
 .data          0x00000000        0x0 ./hal/CortexM3/GNU/hal.o
 .bss           0x00000000        0x0 ./hal/CortexM3/GNU/hal.o
 .text          0x00000000       0x90 ./hal/CortexM3/GNU/hw_reg_access.o
 .data          0x00000000        0x0 ./hal/CortexM3/GNU/hw_reg_access.o
 .bss           0x00000000        0x0 ./hal/CortexM3/GNU/hw_reg_access.o
 .text          0x00000000        0x0 ./drivers_config/sys_config/sys_config.o
 .data          0x00000000        0x0 ./drivers_config/sys_config/sys_config.o
 .bss           0x00000000        0x0 ./drivers_config/sys_config/sys_config.o
 .data          0x00000000        0x0 ./drivers/mss_uart/mss_uart.o
 .bss           0x00000000        0x0 ./drivers/mss_uart/mss_uart.o
 .data          0x00000000        0x0 ./drivers/mss_sys_services/mss_comblk.o
 .data          0x00000000        0x0 ./drivers/mss_spi/mss_spi.o
 .bss           0x00000000        0x0 ./drivers/mss_spi/mss_spi.o
 .text          0x00000000      0x1a8 ./drivers/mss_gpio/mss_gpio.o
 .data          0x00000000        0x0 ./drivers/mss_gpio/mss_gpio.o
 .bss           0x00000000        0x0 ./drivers/mss_gpio/mss_gpio.o
 .rodata        0x00000000       0xa0 ./drivers/mss_gpio/mss_gpio.o
 .data          0x00000000        0x0 ./drivers/at25df641/at25df641.o
 .bss           0x00000000        0x0 ./drivers/at25df641/at25df641.o
 .bss           0x00000000        0x0 ./CMSIS/system_m2sxxx.o
 .data          0x00000000        0x4 ./CMSIS/startup_gcc/newlib_stubs.o
 .text          0x00000000        0x0 ./CMSIS/startup_gcc/startup_m2sxxx.o
 .data          0x00000000        0x0 ./CMSIS/startup_gcc/startup_m2sxxx.o
 .bss           0x00000000        0x0 ./CMSIS/startup_gcc/startup_m2sxxx.o
 .data          0x00000000        0x0 c:/microsemi/libero_v11.2/softconsole/sourcery-g++/bin/../lib/gcc/arm-none-eabi/4.4.1/../../../../arm-none-eabi/lib/thumb2\libc.a(lib_a-errno.o)
 .bss           0x00000000        0x0 c:/microsemi/libero_v11.2/softconsole/sourcery-g++/bin/../lib/gcc/arm-none-eabi/4.4.1/../../../../arm-none-eabi/lib/thumb2\libc.a(lib_a-errno.o)
 .text          0x00000000        0x0 c:/microsemi/libero_v11.2/softconsole/sourcery-g++/bin/../lib/gcc/arm-none-eabi/4.4.1/../../../../arm-none-eabi/lib/thumb2\libc.a(lib_a-impure.o)
 .bss           0x00000000        0x0 c:/microsemi/libero_v11.2/softconsole/sourcery-g++/bin/../lib/gcc/arm-none-eabi/4.4.1/../../../../arm-none-eabi/lib/thumb2\libc.a(lib_a-impure.o)
 .rodata        0x00000000        0x4 c:/microsemi/libero_v11.2/softconsole/sourcery-g++/bin/../lib/gcc/arm-none-eabi/4.4.1/../../../../arm-none-eabi/lib/thumb2\libc.a(lib_a-impure.o)
 .data          0x00000000        0x0 c:/microsemi/libero_v11.2/softconsole/sourcery-g++/bin/../lib/gcc/arm-none-eabi/4.4.1/../../../../arm-none-eabi/lib/thumb2\libc.a(lib_a-init.o)
 .bss           0x00000000        0x0 c:/microsemi/libero_v11.2/softconsole/sourcery-g++/bin/../lib/gcc/arm-none-eabi/4.4.1/../../../../arm-none-eabi/lib/thumb2\libc.a(lib_a-init.o)
 .data          0x00000000        0x0 c:/microsemi/libero_v11.2/softconsole/sourcery-g++/bin/../lib/gcc/arm-none-eabi/4.4.1/../../../../arm-none-eabi/lib/thumb2\libc.a(lib_a-memcpy.o)
 .bss           0x00000000        0x0 c:/microsemi/libero_v11.2/softconsole/sourcery-g++/bin/../lib/gcc/arm-none-eabi/4.4.1/../../../../arm-none-eabi/lib/thumb2\libc.a(lib_a-memcpy.o)
 .data          0x00000000        0x0 c:/microsemi/libero_v11.2/softconsole/sourcery-g++/bin/../lib/gcc/arm-none-eabi/4.4.1/../../../../arm-none-eabi/lib/thumb2\libc.a(lib_a-snprintf.o)
 .bss           0x00000000        0x0 c:/microsemi/libero_v11.2/softconsole/sourcery-g++/bin/../lib/gcc/arm-none-eabi/4.4.1/../../../../arm-none-eabi/lib/thumb2\libc.a(lib_a-snprintf.o)
 .data          0x00000000        0x0 c:/microsemi/libero_v11.2/softconsole/sourcery-g++/bin/../lib/gcc/arm-none-eabi/4.4.1/../../../../arm-none-eabi/lib/thumb2\libc.a(lib_a-svfprintf.o)
 .bss           0x00000000        0x0 c:/microsemi/libero_v11.2/softconsole/sourcery-g++/bin/../lib/gcc/arm-none-eabi/4.4.1/../../../../arm-none-eabi/lib/thumb2\libc.a(lib_a-svfprintf.o)
 .data          0x00000000        0x0 c:/microsemi/libero_v11.2/softconsole/sourcery-g++/bin/../lib/gcc/arm-none-eabi/4.4.1/../../../../arm-none-eabi/lib/thumb2\libc.a(lib_a-dtoa.o)
 .bss           0x00000000        0x0 c:/microsemi/libero_v11.2/softconsole/sourcery-g++/bin/../lib/gcc/arm-none-eabi/4.4.1/../../../../arm-none-eabi/lib/thumb2\libc.a(lib_a-dtoa.o)
 .data          0x00000000        0x0 c:/microsemi/libero_v11.2/softconsole/sourcery-g++/bin/../lib/gcc/arm-none-eabi/4.4.1/../../../../arm-none-eabi/lib/thumb2\libc.a(lib_a-freer.o)
 .bss           0x00000000        0x0 c:/microsemi/libero_v11.2/softconsole/sourcery-g++/bin/../lib/gcc/arm-none-eabi/4.4.1/../../../../arm-none-eabi/lib/thumb2\libc.a(lib_a-freer.o)
 .data          0x00000000       0x10 c:/microsemi/libero_v11.2/softconsole/sourcery-g++/bin/../lib/gcc/arm-none-eabi/4.4.1/../../../../arm-none-eabi/lib/thumb2\libc.a(lib_a-locale.o)
 .bss           0x00000000        0xc c:/microsemi/libero_v11.2/softconsole/sourcery-g++/bin/../lib/gcc/arm-none-eabi/4.4.1/../../../../arm-none-eabi/lib/thumb2\libc.a(lib_a-locale.o)
 .data          0x00000000        0x0 c:/microsemi/libero_v11.2/softconsole/sourcery-g++/bin/../lib/gcc/arm-none-eabi/4.4.1/../../../../arm-none-eabi/lib/thumb2\libc.a(lib_a-malloc.o)
 .bss           0x00000000        0x0 c:/microsemi/libero_v11.2/softconsole/sourcery-g++/bin/../lib/gcc/arm-none-eabi/4.4.1/../../../../arm-none-eabi/lib/thumb2\libc.a(lib_a-malloc.o)
 .data          0x00000000        0x0 c:/microsemi/libero_v11.2/softconsole/sourcery-g++/bin/../lib/gcc/arm-none-eabi/4.4.1/../../../../arm-none-eabi/lib/thumb2\libc.a(lib_a-memchr.o)
 .bss           0x00000000        0x0 c:/microsemi/libero_v11.2/softconsole/sourcery-g++/bin/../lib/gcc/arm-none-eabi/4.4.1/../../../../arm-none-eabi/lib/thumb2\libc.a(lib_a-memchr.o)
 .data          0x00000000        0x0 c:/microsemi/libero_v11.2/softconsole/sourcery-g++/bin/../lib/gcc/arm-none-eabi/4.4.1/../../../../arm-none-eabi/lib/thumb2\libc.a(lib_a-memmove.o)
 .bss           0x00000000        0x0 c:/microsemi/libero_v11.2/softconsole/sourcery-g++/bin/../lib/gcc/arm-none-eabi/4.4.1/../../../../arm-none-eabi/lib/thumb2\libc.a(lib_a-memmove.o)
 .data          0x00000000        0x0 c:/microsemi/libero_v11.2/softconsole/sourcery-g++/bin/../lib/gcc/arm-none-eabi/4.4.1/../../../../arm-none-eabi/lib/thumb2\libc.a(lib_a-mlock.o)
 .bss           0x00000000        0x0 c:/microsemi/libero_v11.2/softconsole/sourcery-g++/bin/../lib/gcc/arm-none-eabi/4.4.1/../../../../arm-none-eabi/lib/thumb2\libc.a(lib_a-mlock.o)
 .data          0x00000000        0x0 c:/microsemi/libero_v11.2/softconsole/sourcery-g++/bin/../lib/gcc/arm-none-eabi/4.4.1/../../../../arm-none-eabi/lib/thumb2\libc.a(lib_a-mprec.o)
 .bss           0x00000000        0x0 c:/microsemi/libero_v11.2/softconsole/sourcery-g++/bin/../lib/gcc/arm-none-eabi/4.4.1/../../../../arm-none-eabi/lib/thumb2\libc.a(lib_a-mprec.o)
 .data          0x00000000        0x0 c:/microsemi/libero_v11.2/softconsole/sourcery-g++/bin/../lib/gcc/arm-none-eabi/4.4.1/../../../../arm-none-eabi/lib/thumb2\libc.a(lib_a-reallocr.o)
 .bss           0x00000000        0x0 c:/microsemi/libero_v11.2/softconsole/sourcery-g++/bin/../lib/gcc/arm-none-eabi/4.4.1/../../../../arm-none-eabi/lib/thumb2\libc.a(lib_a-reallocr.o)
 .data          0x00000000        0x0 c:/microsemi/libero_v11.2/softconsole/sourcery-g++/bin/../lib/gcc/arm-none-eabi/4.4.1/../../../../arm-none-eabi/lib/thumb2\libc.a(lib_a-s_isinfd.o)
 .bss           0x00000000        0x0 c:/microsemi/libero_v11.2/softconsole/sourcery-g++/bin/../lib/gcc/arm-none-eabi/4.4.1/../../../../arm-none-eabi/lib/thumb2\libc.a(lib_a-s_isinfd.o)
 .data          0x00000000        0x0 c:/microsemi/libero_v11.2/softconsole/sourcery-g++/bin/../lib/gcc/arm-none-eabi/4.4.1/../../../../arm-none-eabi/lib/thumb2\libc.a(lib_a-s_isnand.o)
 .bss           0x00000000        0x0 c:/microsemi/libero_v11.2/softconsole/sourcery-g++/bin/../lib/gcc/arm-none-eabi/4.4.1/../../../../arm-none-eabi/lib/thumb2\libc.a(lib_a-s_isnand.o)
 .data          0x00000000        0x0 c:/microsemi/libero_v11.2/softconsole/sourcery-g++/bin/../lib/gcc/arm-none-eabi/4.4.1/../../../../arm-none-eabi/lib/thumb2\libc.a(lib_a-sbrkr.o)
 .bss           0x00000000        0x0 c:/microsemi/libero_v11.2/softconsole/sourcery-g++/bin/../lib/gcc/arm-none-eabi/4.4.1/../../../../arm-none-eabi/lib/thumb2\libc.a(lib_a-sbrkr.o)
 .data          0x00000000        0x0 c:/microsemi/libero_v11.2/softconsole/sourcery-g++/bin/../lib/gcc/arm-none-eabi/4.4.1/../../../../arm-none-eabi/lib/thumb2\libc.a(lib_a-strcmp.o)
 .bss           0x00000000        0x0 c:/microsemi/libero_v11.2/softconsole/sourcery-g++/bin/../lib/gcc/arm-none-eabi/4.4.1/../../../../arm-none-eabi/lib/thumb2\libc.a(lib_a-strcmp.o)
 .data          0x00000000        0x0 c:/microsemi/libero_v11.2/softconsole/sourcery-g++/bin/../lib/gcc/arm-none-eabi/4.4.1/../../../../arm-none-eabi/lib/thumb2\libc.a(lib_a-strlen.o)
 .bss           0x00000000        0x0 c:/microsemi/libero_v11.2/softconsole/sourcery-g++/bin/../lib/gcc/arm-none-eabi/4.4.1/../../../../arm-none-eabi/lib/thumb2\libc.a(lib_a-strlen.o)
 .data          0x00000000        0x0 c:/microsemi/libero_v11.2/softconsole/sourcery-g++/bin/../lib/gcc/arm-none-eabi/4.4.1/../../../../arm-none-eabi/lib/thumb2\libc.a(lib_a-callocr.o)
 .bss           0x00000000        0x0 c:/microsemi/libero_v11.2/softconsole/sourcery-g++/bin/../lib/gcc/arm-none-eabi/4.4.1/../../../../arm-none-eabi/lib/thumb2\libc.a(lib_a-callocr.o)
 .data          0x00000000        0x0 c:/microsemi/libero_v11.2/softconsole/sourcery-g++/bin/../lib/gcc/arm-none-eabi/4.4.1/../../../../arm-none-eabi/lib/thumb2\libc.a(lib_a-memset.o)
 .bss           0x00000000        0x0 c:/microsemi/libero_v11.2/softconsole/sourcery-g++/bin/../lib/gcc/arm-none-eabi/4.4.1/../../../../arm-none-eabi/lib/thumb2\libc.a(lib_a-memset.o)
 .text          0x00000000      0x10c c:/microsemi/libero_v11.2/softconsole/sourcery-g++/bin/../lib/gcc/arm-none-eabi/4.4.1/../../../../arm-none-eabi/lib/thumb2\libc.a(lib_a-reent.o)
 .data          0x00000000        0x0 c:/microsemi/libero_v11.2/softconsole/sourcery-g++/bin/../lib/gcc/arm-none-eabi/4.4.1/../../../../arm-none-eabi/lib/thumb2\libc.a(lib_a-reent.o)
 .bss           0x00000000        0x0 c:/microsemi/libero_v11.2/softconsole/sourcery-g++/bin/../lib/gcc/arm-none-eabi/4.4.1/../../../../arm-none-eabi/lib/thumb2\libc.a(lib_a-reent.o)
 .data          0x00000000        0x0 c:/microsemi/libero_v11.2/softconsole/sourcery-g++/bin/../lib/gcc/arm-none-eabi/4.4.1/thumb2\libgcc.a(_udivsi3.o)
 .bss           0x00000000        0x0 c:/microsemi/libero_v11.2/softconsole/sourcery-g++/bin/../lib/gcc/arm-none-eabi/4.4.1/thumb2\libgcc.a(_udivsi3.o)
 .data          0x00000000        0x0 c:/microsemi/libero_v11.2/softconsole/sourcery-g++/bin/../lib/gcc/arm-none-eabi/4.4.1/thumb2\libgcc.a(_dvmd_tls.o)
 .bss           0x00000000        0x0 c:/microsemi/libero_v11.2/softconsole/sourcery-g++/bin/../lib/gcc/arm-none-eabi/4.4.1/thumb2\libgcc.a(_dvmd_tls.o)
 .data          0x00000000        0x0 c:/microsemi/libero_v11.2/softconsole/sourcery-g++/bin/../lib/gcc/arm-none-eabi/4.4.1/thumb2\libgcc.a(_arm_addsubdf3.o)
 .bss           0x00000000        0x0 c:/microsemi/libero_v11.2/softconsole/sourcery-g++/bin/../lib/gcc/arm-none-eabi/4.4.1/thumb2\libgcc.a(_arm_addsubdf3.o)
 .data          0x00000000        0x0 c:/microsemi/libero_v11.2/softconsole/sourcery-g++/bin/../lib/gcc/arm-none-eabi/4.4.1/thumb2\libgcc.a(_arm_muldivdf3.o)
 .bss           0x00000000        0x0 c:/microsemi/libero_v11.2/softconsole/sourcery-g++/bin/../lib/gcc/arm-none-eabi/4.4.1/thumb2\libgcc.a(_arm_muldivdf3.o)
 .data          0x00000000        0x0 c:/microsemi/libero_v11.2/softconsole/sourcery-g++/bin/../lib/gcc/arm-none-eabi/4.4.1/thumb2\libgcc.a(_arm_cmpdf2.o)
 .bss           0x00000000        0x0 c:/microsemi/libero_v11.2/softconsole/sourcery-g++/bin/../lib/gcc/arm-none-eabi/4.4.1/thumb2\libgcc.a(_arm_cmpdf2.o)
 .data          0x00000000        0x0 c:/microsemi/libero_v11.2/softconsole/sourcery-g++/bin/../lib/gcc/arm-none-eabi/4.4.1/thumb2\libgcc.a(_arm_fixdfsi.o)
 .bss           0x00000000        0x0 c:/microsemi/libero_v11.2/softconsole/sourcery-g++/bin/../lib/gcc/arm-none-eabi/4.4.1/thumb2\libgcc.a(_arm_fixdfsi.o)
 .data          0x00000000        0x0 c:/microsemi/libero_v11.2/softconsole/sourcery-g++/bin/../lib/gcc/arm-none-eabi/4.4.1/thumb2\libgcc.a(_aeabi_uldivmod.o)
 .bss           0x00000000        0x0 c:/microsemi/libero_v11.2/softconsole/sourcery-g++/bin/../lib/gcc/arm-none-eabi/4.4.1/thumb2\libgcc.a(_aeabi_uldivmod.o)
 .data          0x00000000        0x0 c:/microsemi/libero_v11.2/softconsole/sourcery-g++/bin/../lib/gcc/arm-none-eabi/4.4.1/thumb2\libgcc.a(bpabi.o)
 .bss           0x00000000        0x0 c:/microsemi/libero_v11.2/softconsole/sourcery-g++/bin/../lib/gcc/arm-none-eabi/4.4.1/thumb2\libgcc.a(bpabi.o)
 .data          0x00000000        0x0 c:/microsemi/libero_v11.2/softconsole/sourcery-g++/bin/../lib/gcc/arm-none-eabi/4.4.1/thumb2\libgcc.a(_divdi3.o)
 .bss           0x00000000        0x0 c:/microsemi/libero_v11.2/softconsole/sourcery-g++/bin/../lib/gcc/arm-none-eabi/4.4.1/thumb2\libgcc.a(_divdi3.o)
 .ARM.extab     0x00000000        0x0 c:/microsemi/libero_v11.2/softconsole/sourcery-g++/bin/../lib/gcc/arm-none-eabi/4.4.1/thumb2\libgcc.a(_divdi3.o)
 .data          0x00000000        0x0 c:/microsemi/libero_v11.2/softconsole/sourcery-g++/bin/../lib/gcc/arm-none-eabi/4.4.1/thumb2\libgcc.a(_udivdi3.o)
 .bss           0x00000000        0x0 c:/microsemi/libero_v11.2/softconsole/sourcery-g++/bin/../lib/gcc/arm-none-eabi/4.4.1/thumb2\libgcc.a(_udivdi3.o)
 .ARM.extab     0x00000000        0x0 c:/microsemi/libero_v11.2/softconsole/sourcery-g++/bin/../lib/gcc/arm-none-eabi/4.4.1/thumb2\libgcc.a(_udivdi3.o)
 .text          0x00000000        0x0 c:/microsemi/libero_v11.2/softconsole/sourcery-g++/bin/../lib/gcc/arm-none-eabi/4.4.1/thumb2/crtend.o
 .data          0x00000000        0x0 c:/microsemi/libero_v11.2/softconsole/sourcery-g++/bin/../lib/gcc/arm-none-eabi/4.4.1/thumb2/crtend.o
 .bss           0x00000000        0x0 c:/microsemi/libero_v11.2/softconsole/sourcery-g++/bin/../lib/gcc/arm-none-eabi/4.4.1/thumb2/crtend.o
 .text          0x00000000        0x0 c:/microsemi/libero_v11.2/softconsole/sourcery-g++/bin/../lib/gcc/arm-none-eabi/4.4.1/thumb2/crtn.o
 .data          0x00000000        0x0 c:/microsemi/libero_v11.2/softconsole/sourcery-g++/bin/../lib/gcc/arm-none-eabi/4.4.1/thumb2/crtn.o
 .bss           0x00000000        0x0 c:/microsemi/libero_v11.2/softconsole/sourcery-g++/bin/../lib/gcc/arm-none-eabi/4.4.1/thumb2/crtn.o

Memory Configuration

Name             Origin             Length             Attributes
rom              0x00000000         0x00040000         xr
ram              0x20000000         0x00010000         xrw
*default*        0x00000000         0xffffffff

Linker script and memory map

LOAD c:/microsemi/libero_v11.2/softconsole/sourcery-g++/bin/../lib/gcc/arm-none-eabi/4.4.1/thumb2/crti.o
LOAD c:/microsemi/libero_v11.2/softconsole/sourcery-g++/bin/../lib/gcc/arm-none-eabi/4.4.1/thumb2/crtbegin.o
LOAD ./main.o
LOAD ./hal/CortexM3/cortex_nvic.o
LOAD ./hal/CortexM3/GNU/hal.o
LOAD ./hal/CortexM3/GNU/hw_reg_access.o
LOAD ./drivers_config/sys_config/sys_config.o
LOAD ./drivers/mss_uart/mss_uart.o
LOAD ./drivers/mss_sys_services/mss_comblk.o
LOAD ./drivers/mss_sys_services/mss_sys_services.o
LOAD ./drivers/mss_spi/mss_spi.o
LOAD ./drivers/mss_gpio/mss_gpio.o
LOAD ./drivers/at25df641/at25df641.o
LOAD ./CMSIS/system_m2sxxx.o
LOAD ./CMSIS/startup_gcc/newlib_stubs.o
LOAD ./CMSIS/startup_gcc/startup_m2sxxx.o
START GROUP
LOAD c:/microsemi/libero_v11.2/softconsole/sourcery-g++/bin/../lib/gcc/arm-none-eabi/4.4.1/thumb2\libgcc.a
LOAD c:/microsemi/libero_v11.2/softconsole/sourcery-g++/bin/../lib/gcc/arm-none-eabi/4.4.1/../../../../arm-none-eabi/lib/thumb2\libc.a
LOAD c:/microsemi/libero_v11.2/softconsole/sourcery-g++/bin/../lib/gcc/arm-none-eabi/4.4.1/thumb2\libgcc.a
END GROUP
LOAD c:/microsemi/libero_v11.2/softconsole/sourcery-g++/bin/../lib/gcc/arm-none-eabi/4.4.1/thumb2/crtend.o
LOAD c:/microsemi/libero_v11.2/softconsole/sourcery-g++/bin/../lib/gcc/arm-none-eabi/4.4.1/thumb2/crtn.o
START GROUP
LOAD c:/microsemi/libero_v11.2/softconsole/sourcery-g++/bin/../lib/gcc/arm-none-eabi/4.4.1/../../../../arm-none-eabi/lib/thumb2\libc.a
LOAD c:/microsemi/libero_v11.2/softconsole/sourcery-g++/bin/../lib/gcc/arm-none-eabi/4.4.1/thumb2\libgcc.a
LOAD c:/microsemi/libero_v11.2/softconsole/sourcery-g++/bin/../lib/gcc/arm-none-eabi/4.4.1/../../../../arm-none-eabi/lib/thumb2\libm.a
END GROUP
                0x00000000                __DYNAMIC = 0x0
                0x20000000                RAM_START_ADDRESS = 0x20000000
                0x00010000                RAM_SIZE = 0x10000
                0x00002000                MAIN_STACK_SIZE = 0x2000
                0x00001000                PROCESS_STACK_SIZE = 0x1000
                0x20010000                PROVIDE (__main_stack_start, (RAM_START_ADDRESS + RAM_SIZE))
                0x2000e000                PROVIDE (__process_stack_start, (__main_stack_start - MAIN_STACK_SIZE))
                0x20010000                PROVIDE (_estack, __main_stack_start)
                0x00000000                PROVIDE (__mirrored_nvm, 0x0)

.reset          0x00000000      0x2f0
                0x00000000                __vector_table_vma_base_address = .
 *(.isr_vector)
 .isr_vector    0x00000000      0x2f0 ./CMSIS/startup_gcc/startup_m2sxxx.o
                0x00000000                g_pfnVectors
                0x00000188                Reset_Handler
                0x000001f8                NMI_Handler
                0x000001fa                HardFault_Handler
                0x000001fc                MemManage_Handler
                0x000001fe                BusFault_Handler
                0x00000200                UsageFault_Handler
                0x00000202                SVC_Handler
                0x00000204                DebugMon_Handler
                0x00000206                PendSV_Handler
                0x00000208                SysTick_Handler
                0x0000020a                WdogWakeup_IRQHandler
                0x0000020c                RTC_Wakeup_IRQHandler
                0x00000212                I2C0_IRQHandler
                0x00000214                I2C0_SMBAlert_IRQHandler
                0x00000216                I2C0_SMBus_IRQHandler
                0x00000218                I2C1_IRQHandler
                0x0000021a                I2C1_SMBAlert_IRQHandler
                0x0000021c                I2C1_SMBus_IRQHandler
                0x00000222                EthernetMAC_IRQHandler
                0x00000224                DMA_IRQHandler
                0x00000226                Timer1_IRQHandler
                0x00000228                Timer2_IRQHandler
                0x0000022a                CAN_IRQHandler
                0x0000022c                ENVM0_IRQHandler
                0x0000022e                ENVM1_IRQHandler
                0x00000232                USB_IRQHandler
                0x00000234                USB_DMA_IRQHandler
                0x00000236                PLL_Lock_IRQHandler
                0x00000238                PLL_LockLost_IRQHandler
                0x0000023a                CommSwitchError_IRQHandler
                0x0000023c                CacheError_IRQHandler
                0x0000023e                DDR_IRQHandler
                0x00000240                HPDMA_Complete_IRQHandler
                0x00000242                HPDMA_Error_IRQHandler
                0x00000244                ECC_Error_IRQHandler
                0x00000246                MDDR_IOCalib_IRQHandler
                0x00000248                FAB_PLL_Lock_IRQHandler
                0x0000024a                FAB_PLL_LockLost_IRQHandler
                0x0000024c                FIC64_IRQHandler
                0x0000024e                FabricIrq0_IRQHandler
                0x00000250                FabricIrq1_IRQHandler
                0x00000252                FabricIrq2_IRQHandler
                0x00000254                FabricIrq3_IRQHandler
                0x00000256                FabricIrq4_IRQHandler
                0x00000258                FabricIrq5_IRQHandler
                0x0000025a                FabricIrq6_IRQHandler
                0x0000025c                FabricIrq7_IRQHandler
                0x0000025e                FabricIrq8_IRQHandler
                0x00000260                FabricIrq9_IRQHandler
                0x00000262                FabricIrq10_IRQHandler
                0x00000264                FabricIrq11_IRQHandler
                0x00000266                FabricIrq12_IRQHandler
                0x00000268                FabricIrq13_IRQHandler
                0x0000026a                FabricIrq14_IRQHandler
                0x0000026c                FabricIrq15_IRQHandler
                0x0000026e                GPIO0_IRQHandler
                0x00000270                GPIO1_IRQHandler
                0x00000272                GPIO2_IRQHandler
                0x00000274                GPIO3_IRQHandler
                0x00000276                GPIO4_IRQHandler
                0x00000278                GPIO5_IRQHandler
                0x0000027a                GPIO6_IRQHandler
                0x0000027c                GPIO7_IRQHandler
                0x0000027e                GPIO8_IRQHandler
                0x00000280                GPIO9_IRQHandler
                0x00000282                GPIO10_IRQHandler
                0x00000284                GPIO11_IRQHandler
                0x00000286                GPIO12_IRQHandler
                0x00000288                GPIO13_IRQHandler
                0x0000028a                GPIO14_IRQHandler
                0x0000028c                GPIO15_IRQHandler
                0x0000028e                GPIO16_IRQHandler
                0x00000290                GPIO17_IRQHandler
                0x00000292                GPIO18_IRQHandler
                0x00000294                GPIO19_IRQHandler
                0x00000296                GPIO20_IRQHandler
                0x00000298                GPIO21_IRQHandler
                0x0000029a                GPIO22_IRQHandler
                0x0000029c                GPIO23_IRQHandler
                0x0000029e                GPIO24_IRQHandler
                0x000002a0                GPIO25_IRQHandler
                0x000002a2                GPIO26_IRQHandler
                0x000002a4                GPIO27_IRQHandler
                0x000002a6                GPIO28_IRQHandler
                0x000002a8                GPIO29_IRQHandler
                0x000002aa                GPIO30_IRQHandler
                0x000002ac                GPIO31_IRQHandler
                0x000002ae                mscc_post_hw_cfg_init
                0x000002f0                . = ALIGN (0x4)

.text           0x000002f0     0xb278
 CREATE_OBJECT_SYMBOLS
                0x000002f0                __text_load = LOADADDR (.text)
                0x000002f0                __text_start = .
 *(.text .text.* .gnu.linkonce.t.*)
 .text          0x000002f0       0x30 c:/microsemi/libero_v11.2/softconsole/sourcery-g++/bin/../lib/gcc/arm-none-eabi/4.4.1/thumb2/crtbegin.o
 .text          0x00000320     0x1070 ./main.o
                0x00000320                int_to_hex_int
                0x00000394                delay
                0x0000047c                dump_spi_image
                0x00000538                copy_spi_image
                0x0000065c                press_any_key
                0x00000698                action_menu
                0x000007b8                spi_flash_bootloader
                0x00000838                isp_completion_handler
                0x00000938                main
                0x000012ec                page_read_handler
 .text          0x00001390     0x149c ./drivers/mss_uart/mss_uart.o
                0x00001390                MSS_UART_polled_tx
                0x0000143c                MSS_UART_polled_tx_string
                0x000014cc                MSS_UART_irq_tx
                0x00001560                MSS_UART_tx_complete
                0x00001598                MSS_UART_get_rx
                0x0000160c                MSS_UART_enable_irq
                0x00001678                MSS_UART_disable_irq
                0x000016e4                MSS_UART_set_rx_handler
                0x00001768                MSS_UART_set_loopback
                0x00001800                MSS_UART_set_rxstatus_handler
                0x0000186c                MSS_UART_set_tx_handler
                0x000018e4                MSS_UART_set_modemstatus_handler
                0x00001950                MSS_UART_fill_tx_fifo
                0x000019dc                MSS_UART_get_rx_status
                0x00001a0c                MSS_UART_get_modem_status
                0x00001a30                MSS_UART_get_tx_status
                0x00001a60                MSS_UART_set_break
                0x00001a98                MSS_UART_clear_break
                0x00001ad0                MSS_UART_set_pidpei_handler
                0x00001b3c                MSS_UART_set_linbreak_handler
                0x00001ba8                MSS_UART_set_linsync_handler
                0x00001c14                MSS_UART_set_nack_handler
                0x00001c7c                MSS_UART_set_rx_timeout_handler
                0x00001ce4                MSS_UART_enable_half_duplex
                0x00001d1c                MSS_UART_disable_half_duplex
                0x00001d54                MSS_UART_set_rx_endian
                0x00001dac                MSS_UART_set_tx_endian
                0x00001e08                MSS_UART_set_filter_length
                0x00001e30                MSS_UART_enable_afm
                0x00001e68                MSS_UART_disable_afm
                0x00001ea0                MSS_UART_enable_afclear
                0x00001ed8                MSS_UART_disable_afclear
                0x00001f10                MSS_UART_enable_rx_timeout
                0x00001f50                MSS_UART_disable_rx_timeout
                0x00001f88                MSS_UART_enable_tx_time_guard
                0x00001fc8                MSS_UART_disable_tx_time_guard
                0x00002000                MSS_UART_set_address
                0x00002024                MSS_UART_set_ready_mode
                0x00002080                MSS_UART_set_usart_mode
                0x00002214                UART1_IRQHandler
                0x00002234                UART0_IRQHandler
                0x00002610                MSS_UART_smartcard_init
                0x0000267c                MSS_UART_irda_init
                0x00002774                MSS_UART_lin_init
                0x000027cc                MSS_UART_init
 .text          0x0000282c      0x83c ./drivers/mss_sys_services/mss_comblk.o
                0x0000282c                MSS_COMBLK_init
                0x000028ec                MSS_COMBLK_send_cmd_with_ptr
                0x000029a4                MSS_COMBLK_send_paged_cmd
                0x00002ae8                MSS_COMBLK_send_cmd
                0x00002c50                ComBlk_IRQHandler
 .text          0x00003068     0x1180 ./drivers/mss_sys_services/mss_sys_services.o
                0x00003188                MSS_SYS_clear_mesh_short
                0x00003208                MSS_SYS_clear_lock_parity
                0x00003288                MSS_SYS_disable_puf_power_down
                0x00003308                MSS_SYS_enable_puf_power_down
                0x00003388                MSS_SYS_stop_clock_monitor
                0x00003404                MSS_SYS_start_clock_monitor
                0x00003488                MSS_SYS_check_digest
                0x0000350c                MSS_SYS_initiate_iap
                0x00003618                MSS_SYS_zeroize_device
                0x00003674                MSS_SYS_nrbg_uninstantiate
                0x000036ec                MSS_SYS_nrbg_self_test
                0x00003764                MSS_SYS_nrbg_reset
                0x000037e4                MSS_SYS_ecc_get_base_point
                0x00003880                MSS_SYS_ecc_point_addition
                0x000038f0                MSS_SYS_ecc_point_multiplication
                0x00003960                MSS_SYS_puf_get_random_seed
                0x00003990                MSS_SYS_puf_fetch_ecc_public_key
                0x000039c0                MSS_SYS_puf_import_keycodes
                0x000039f4                MSS_SYS_puf_export_keycodes
                0x00003a28                MSS_SYS_puf_fetch_key
                0x00003a5c                MSS_SYS_puf_delete_key
                0x00003a7c                MSS_SYS_puf_enroll_key
                0x00003af0                MSS_SYS_puf_get_number_of_keys
                0x00003b28                MSS_SYS_puf_delete_activation_code
                0x00003b44                MSS_SYS_puf_create_activation_code
                0x00003b60                MSS_SYS_nrbg_reseed
                0x00003b98                MSS_SYS_nrbg_generate
                0x00003bfc                MSS_SYS_nrbg_instantiate
                0x00003c50                MSS_SYS_challenge_response
                0x00003c90                MSS_SYS_key_tree
                0x00003cd8                MSS_SYS_hmac
                0x00003d60                MSS_SYS_sha256
                0x00003dd4                MSS_SYS_256bit_aes
                0x00003e60                MSS_SYS_128bit_aes
                0x00003eec                MSS_SYS_get_secondary_device_certificate
                0x00003f00                MSS_SYS_get_device_certificate
                0x00003f14                MSS_SYS_get_design_version
                0x00003f28                MSS_SYS_get_user_code
                0x00003f3c                MSS_SYS_get_serial_number
                0x00003f50                MSS_SYS_start_isp
                0x00004008                MSS_SYS_flash_freeze
                0x000041bc                MSS_SYS_init
 .text          0x000041e8      0x6c4 ./drivers/mss_spi/mss_spi.o
                0x000041e8                MSS_SPI_init
                0x00004330                MSS_SPI_configure_slave_mode
                0x0000437c                MSS_SPI_configure_master_mode
                0x000043c0                MSS_SPI_set_slave_select
                0x00004408                MSS_SPI_clear_slave_select
                0x00004430                MSS_SPI_transfer_frame
                0x00004464                MSS_SPI_transfer_block
                0x00004564                MSS_SPI_set_frame_rx_handler
                0x000045ac                MSS_SPI_set_slave_tx_frame
                0x000045f8                MSS_SPI_set_slave_block_buffers
                0x000046ac                MSS_SPI_set_cmd_handler
                0x000046bc                MSS_SPI_set_cmd_response
                0x00004708                MSS_SPI_enable
                0x00004714                MSS_SPI_disable
                0x00004720                MSS_SPI_set_transfer_byte_count
                0x0000473c                MSS_SPI_tx_done
                0x0000486c                SPI0_IRQHandler
                0x0000488c                SPI1_IRQHandler
 .text          0x000048ac      0x45c ./drivers/at25df641/at25df641.o
                0x000048ac                FLASH_get_status
                0x00004914                FLASH_erase_4k_block
                0x00004980                FLASH_chip_erase
                0x000049dc                FLASH_global_unprotect
                0x00004a38                FLASH_read
                0x00004a9c                FLASH_read_device_id
                0x00004ae8                write_cmd_data
                0x00004ba0                FLASH_program
                0x00004cdc                FLASH_init
 .text          0x00004d08      0x3bc ./CMSIS/system_m2sxxx.o
                0x00004d08                SystemCoreClockUpdate
                0x00004e2c                SystemCoreClockHardUpdate
                0x00004fc0                DDRInit
                0x00005028                SystemInit
 .text          0x000050c4       0xd4 ./CMSIS/startup_gcc/newlib_stubs.o
                0x000050c4                _close
                0x000050cc                _exit
                0x000050d0                _fstat
                0x000050dc                _getpid
                0x000050e0                _isatty
                0x000050e4                _lseek
                0x000050e8                _open
                0x000050f0                _read
                0x000050f4                _write_r
                0x000050f8                _sbrk
                0x00005124                _stat
                0x00005130                _times
                0x00005138                _wait
                0x00005148                _unlink
                0x00005158                _link
                0x00005168                _kill
                0x00005178                _fork
                0x00005188                _execve
 .text          0x00005198        0xc c:/microsemi/libero_v11.2/softconsole/sourcery-g++/bin/../lib/gcc/arm-none-eabi/4.4.1/../../../../arm-none-eabi/lib/thumb2\libc.a(lib_a-errno.o)
                0x00005198                __errno
 .text          0x000051a4       0x50 c:/microsemi/libero_v11.2/softconsole/sourcery-g++/bin/../lib/gcc/arm-none-eabi/4.4.1/../../../../arm-none-eabi/lib/thumb2\libc.a(lib_a-init.o)
                0x000051a4                __libc_init_array
 .text          0x000051f4      0x190 c:/microsemi/libero_v11.2/softconsole/sourcery-g++/bin/../lib/gcc/arm-none-eabi/4.4.1/../../../../arm-none-eabi/lib/thumb2\libc.a(lib_a-memcpy.o)
                0x000051f4                memcpy
 .text          0x00005384       0xdc c:/microsemi/libero_v11.2/softconsole/sourcery-g++/bin/../lib/gcc/arm-none-eabi/4.4.1/../../../../arm-none-eabi/lib/thumb2\libc.a(lib_a-snprintf.o)
                0x00005384                snprintf
                0x000053f8                _snprintf_r
 .text          0x00005460     0x15a8 c:/microsemi/libero_v11.2/softconsole/sourcery-g++/bin/../lib/gcc/arm-none-eabi/4.4.1/../../../../arm-none-eabi/lib/thumb2\libc.a(lib_a-svfprintf.o)
                0x0000557c                _svfprintf_r
 .text          0x00006a08      0xfb8 c:/microsemi/libero_v11.2/softconsole/sourcery-g++/bin/../lib/gcc/arm-none-eabi/4.4.1/../../../../arm-none-eabi/lib/thumb2\libc.a(lib_a-dtoa.o)
                0x00006b28                _dtoa_r
 .text          0x000079c0      0x268 c:/microsemi/libero_v11.2/softconsole/sourcery-g++/bin/../lib/gcc/arm-none-eabi/4.4.1/../../../../arm-none-eabi/lib/thumb2\libc.a(lib_a-freer.o)
                0x000079c0                _malloc_trim_r
                0x00007a68                _free_r
 .text          0x00007c28       0x74 c:/microsemi/libero_v11.2/softconsole/sourcery-g++/bin/../lib/gcc/arm-none-eabi/4.4.1/../../../../arm-none-eabi/lib/thumb2\libc.a(lib_a-locale.o)
                0x00007c28                __locale_charset
                0x00007c34                _localeconv_r
                0x00007c3c                localeconv
                0x00007c44                _setlocale_r
                0x00007c8c                setlocale
 .text          0x00007c9c       0x20 c:/microsemi/libero_v11.2/softconsole/sourcery-g++/bin/../lib/gcc/arm-none-eabi/4.4.1/../../../../arm-none-eabi/lib/thumb2\libc.a(lib_a-malloc.o)
                0x00007c9c                free
                0x00007cac                malloc
 .text          0x00007cbc      0x5a4 c:/microsemi/libero_v11.2/softconsole/sourcery-g++/bin/../lib/gcc/arm-none-eabi/4.4.1/../../../../arm-none-eabi/lib/thumb2\libc.a(lib_a-mallocr.o)
                0x00007cbc                _malloc_r
 .text          0x00008260       0x74 c:/microsemi/libero_v11.2/softconsole/sourcery-g++/bin/../lib/gcc/arm-none-eabi/4.4.1/../../../../arm-none-eabi/lib/thumb2\libc.a(lib_a-memchr.o)
                0x00008260                memchr
 .text          0x000082d4       0xb8 c:/microsemi/libero_v11.2/softconsole/sourcery-g++/bin/../lib/gcc/arm-none-eabi/4.4.1/../../../../arm-none-eabi/lib/thumb2\libc.a(lib_a-memmove.o)
                0x000082d4                memmove
 .text          0x0000838c        0x8 c:/microsemi/libero_v11.2/softconsole/sourcery-g++/bin/../lib/gcc/arm-none-eabi/4.4.1/../../../../arm-none-eabi/lib/thumb2\libc.a(lib_a-mlock.o)
                0x0000838c                __malloc_lock
                0x00008390                __malloc_unlock
 .text          0x00008394      0x958 c:/microsemi/libero_v11.2/softconsole/sourcery-g++/bin/../lib/gcc/arm-none-eabi/4.4.1/../../../../arm-none-eabi/lib/thumb2\libc.a(lib_a-mprec.o)
                0x00008394                __hi0bits
                0x000083d4                __lo0bits
                0x00008438                __mcmp
                0x00008478                __ulp
                0x000084c4                __b2d
                0x0000856c                __ratio
                0x000085cc                _mprec_log10
                0x00008604                __copybits
                0x00008654                __any_on
                0x000086ac                _Bfree
                0x000086e4                _Balloc
                0x00008750                __d2b
                0x00008820                __mdiff
                0x00008918                __lshift
                0x000089d4                __multiply
                0x00008b08                __i2b
                0x00008b1c                __multadd
                0x00008ba4                __pow5mult
                0x00008c50                __s2b
 .text          0x00008cec      0x3b4 c:/microsemi/libero_v11.2/softconsole/sourcery-g++/bin/../lib/gcc/arm-none-eabi/4.4.1/../../../../arm-none-eabi/lib/thumb2\libc.a(lib_a-reallocr.o)
                0x00008cec                _realloc_r
 .text          0x000090a0       0x24 c:/microsemi/libero_v11.2/softconsole/sourcery-g++/bin/../lib/gcc/arm-none-eabi/4.4.1/../../../../arm-none-eabi/lib/thumb2\libc.a(lib_a-s_isinfd.o)
                0x000090a0                __isinfd
 .text          0x000090c4       0x1c c:/microsemi/libero_v11.2/softconsole/sourcery-g++/bin/../lib/gcc/arm-none-eabi/4.4.1/../../../../arm-none-eabi/lib/thumb2\libc.a(lib_a-s_isnand.o)
                0x000090c4                __isnand
 .text          0x000090e0       0x28 c:/microsemi/libero_v11.2/softconsole/sourcery-g++/bin/../lib/gcc/arm-none-eabi/4.4.1/../../../../arm-none-eabi/lib/thumb2\libc.a(lib_a-sbrkr.o)
                0x000090e0                _sbrk_r
 .text          0x00009108      0x1dc c:/microsemi/libero_v11.2/softconsole/sourcery-g++/bin/../lib/gcc/arm-none-eabi/4.4.1/../../../../arm-none-eabi/lib/thumb2\libc.a(lib_a-strcmp.o)
                0x00009108                strcmp
 .text          0x000092e4       0x60 c:/microsemi/libero_v11.2/softconsole/sourcery-g++/bin/../lib/gcc/arm-none-eabi/4.4.1/../../../../arm-none-eabi/lib/thumb2\libc.a(lib_a-strlen.o)
                0x000092e4                strlen
 .text          0x00009344       0x5c c:/microsemi/libero_v11.2/softconsole/sourcery-g++/bin/../lib/gcc/arm-none-eabi/4.4.1/../../../../arm-none-eabi/lib/thumb2\libc.a(lib_a-callocr.o)
                0x00009344                _calloc_r
 .text          0x000093a0       0xd4 c:/microsemi/libero_v11.2/softconsole/sourcery-g++/bin/../lib/gcc/arm-none-eabi/4.4.1/../../../../arm-none-eabi/lib/thumb2\libc.a(lib_a-memset.o)
                0x000093a0                memset
 *fill*         0x00009474        0x4 00
 .text          0x00009478      0x278 c:/microsemi/libero_v11.2/softconsole/sourcery-g++/bin/../lib/gcc/arm-none-eabi/4.4.1/thumb2\libgcc.a(_udivsi3.o)
                0x00009478                __aeabi_uidiv
                0x00009478                __udivsi3
                0x000096d4                __aeabi_uidivmod
 .text          0x000096f0        0x4 c:/microsemi/libero_v11.2/softconsole/sourcery-g++/bin/../lib/gcc/arm-none-eabi/4.4.1/thumb2\libgcc.a(_dvmd_tls.o)
                0x000096f0                __aeabi_idiv0
                0x000096f0                __aeabi_ldiv0
 .text          0x000096f4      0x370 c:/microsemi/libero_v11.2/softconsole/sourcery-g++/bin/../lib/gcc/arm-none-eabi/4.4.1/thumb2\libgcc.a(_arm_addsubdf3.o)
                0x000096f4                __aeabi_drsub
                0x000096fc                __aeabi_dsub
                0x000096fc                __subdf3
                0x00009700                __aeabi_dadd
                0x00009700                __adddf3
                0x00009978                __floatunsidf
                0x00009978                __aeabi_ui2d
                0x00009998                __floatsidf
                0x00009998                __aeabi_i2d
                0x000099bc                __aeabi_f2d
                0x000099bc                __extendsfdf2
                0x000099f8                __floatundidf
                0x000099f8                __aeabi_ul2d
                0x00009a08                __floatdidf
                0x00009a08                __aeabi_l2d
 .text          0x00009a64      0x424 c:/microsemi/libero_v11.2/softconsole/sourcery-g++/bin/../lib/gcc/arm-none-eabi/4.4.1/thumb2\libgcc.a(_arm_muldivdf3.o)
                0x00009a64                __aeabi_dmul
                0x00009a64                __muldf3
                0x00009cb8                __divdf3
                0x00009cb8                __aeabi_ddiv
 .text          0x00009e88      0x110 c:/microsemi/libero_v11.2/softconsole/sourcery-g++/bin/../lib/gcc/arm-none-eabi/4.4.1/thumb2\libgcc.a(_arm_cmpdf2.o)
                0x00009e88                __gtdf2
                0x00009e88                __gedf2
                0x00009e90                __ltdf2
                0x00009e90                __ledf2
                0x00009e98                __nedf2
                0x00009e98                __eqdf2
                0x00009e98                __cmpdf2
                0x00009f14                __aeabi_cdrcmple
                0x00009f24                __aeabi_cdcmpeq
                0x00009f24                __aeabi_cdcmple
                0x00009f34                __aeabi_dcmpeq
                0x00009f48                __aeabi_dcmplt
                0x00009f5c                __aeabi_dcmple
                0x00009f70                __aeabi_dcmpge
                0x00009f84                __aeabi_dcmpgt
 .text          0x00009f98       0x50 c:/microsemi/libero_v11.2/softconsole/sourcery-g++/bin/../lib/gcc/arm-none-eabi/4.4.1/thumb2\libgcc.a(_arm_fixdfsi.o)
                0x00009f98                __aeabi_d2iz
                0x00009f98                __fixdfsi
 .text          0x00009fe8       0x2c c:/microsemi/libero_v11.2/softconsole/sourcery-g++/bin/../lib/gcc/arm-none-eabi/4.4.1/thumb2\libgcc.a(_aeabi_uldivmod.o)
                0x00009fe8                __aeabi_uldivmod
 .text          0x0000a014       0x58 c:/microsemi/libero_v11.2/softconsole/sourcery-g++/bin/../lib/gcc/arm-none-eabi/4.4.1/thumb2\libgcc.a(bpabi.o)
                0x0000a014                __gnu_uldivmod_helper
                0x0000a040                __gnu_ldivmod_helper
 .text          0x0000a06c      0x364 c:/microsemi/libero_v11.2/softconsole/sourcery-g++/bin/../lib/gcc/arm-none-eabi/4.4.1/thumb2\libgcc.a(_divdi3.o)
                0x0000a06c                __divdi3
 .text          0x0000a3d0      0x300 c:/microsemi/libero_v11.2/softconsole/sourcery-g++/bin/../lib/gcc/arm-none-eabi/4.4.1/thumb2\libgcc.a(_udivdi3.o)
                0x0000a3d0                __udivdi3
 *(.plt)
 *(.gnu.warning)
 *(.glue_7t)
 .glue_7t       0x00000000        0x0 linker stubs
 *(.glue_7)
 .glue_7        0x00000000        0x0 linker stubs
 *(.vfp11_veneer)
 .vfp11_veneer  0x00000000        0x0 linker stubs
                0x0000a6d0                . = ALIGN (0x4)
 *crtbegin.o(.ctors)
 *(EXCLUDE_FILE(*crtend.o) .ctors)
 *(SORT(.ctors.*))
 *crtend.o(.ctors)
 *crtbegin.o(.dtors)
 *(EXCLUDE_FILE(*crtend.o) .dtors)
 *(SORT(.dtors.*))
 *crtend.o(.dtors)
 *(.rodata .rodata.* .gnu.linkonce.r.*)
 .rodata        0x0000a6d0      0x1b8 ./main.o
                0x0000a6d0                g_greeting_msg
                0x0000a884                gp_my_uart
 .rodata.str1.4
                0x0000a888      0x8db ./main.o
                                0x8e4 (size before relaxing)
 *fill*         0x0000b163        0x1 00
 .rodata        0x0000b164      0x110 ./drivers_config/sys_config/sys_config.o
                0x0000b164                g_m2s_mddr_addr
                0x0000b168                g_m2s_mddr_subsys_config
 .rodata        0x0000b274       0x60 ./drivers/mss_sys_services/mss_sys_services.o
 .rodata.str1.4
                0x0000b2d4       0x89 ./drivers/mss_sys_services/mss_sys_services.o
                                 0x8c (size before relaxing)
 *fill*         0x0000b35d        0x3 00
 .rodata        0x0000b360        0x8 ./CMSIS/system_m2sxxx.o
 .rodata.str1.4
                0x0000b368        0x2 c:/microsemi/libero_v11.2/softconsole/sourcery-g++/bin/../lib/gcc/arm-none-eabi/4.4.1/../../../../arm-none-eabi/lib/thumb2\libc.a(lib_a-impure.o)
                                  0x4 (size before relaxing)
 *fill*         0x0000b36a        0x2 00
 .rodata        0x0000b36c       0x20 c:/microsemi/libero_v11.2/softconsole/sourcery-g++/bin/../lib/gcc/arm-none-eabi/4.4.1/../../../../arm-none-eabi/lib/thumb2\libc.a(lib_a-svfprintf.o)
 .rodata.str1.4
                0x0000b38c       0x42 c:/microsemi/libero_v11.2/softconsole/sourcery-g++/bin/../lib/gcc/arm-none-eabi/4.4.1/../../../../arm-none-eabi/lib/thumb2\libc.a(lib_a-svfprintf.o)
                                 0x44 (size before relaxing)
 *fill*         0x0000b3ce        0x2 00
 .rodata.str1.4
                0x0000b3d0       0x10 c:/microsemi/libero_v11.2/softconsole/sourcery-g++/bin/../lib/gcc/arm-none-eabi/4.4.1/../../../../arm-none-eabi/lib/thumb2\libc.a(lib_a-dtoa.o)
                                 0x14 (size before relaxing)
 .rodata        0x0000b3e0       0x34 c:/microsemi/libero_v11.2/softconsole/sourcery-g++/bin/../lib/gcc/arm-none-eabi/4.4.1/../../../../arm-none-eabi/lib/thumb2\libc.a(lib_a-locale.o)
 .rodata.str1.4
                0x0000b414        0xc c:/microsemi/libero_v11.2/softconsole/sourcery-g++/bin/../lib/gcc/arm-none-eabi/4.4.1/../../../../arm-none-eabi/lib/thumb2\libc.a(lib_a-locale.o)
                                 0x18 (size before relaxing)
 .rodata        0x0000b420      0x128 c:/microsemi/libero_v11.2/softconsole/sourcery-g++/bin/../lib/gcc/arm-none-eabi/4.4.1/../../../../arm-none-eabi/lib/thumb2\libc.a(lib_a-mprec.o)
                0x0000b420                __mprec_tens
                0x0000b4f8                __mprec_bigtens
                0x0000b520                __mprec_tinytens
 *(.ARM.extab* .gnu.linkonce.armextab.*)
 *(.gcc_except_table)
 *(.eh_frame_hdr)
 *(.eh_frame)
 *(.init)
 .init          0x0000b548        0x4 c:/microsemi/libero_v11.2/softconsole/sourcery-g++/bin/../lib/gcc/arm-none-eabi/4.4.1/thumb2/crti.o
                0x0000b548                _init
 .init          0x0000b54c        0x8 c:/microsemi/libero_v11.2/softconsole/sourcery-g++/bin/../lib/gcc/arm-none-eabi/4.4.1/thumb2/crtn.o
 *(.fini)
 .fini          0x0000b554        0x4 c:/microsemi/libero_v11.2/softconsole/sourcery-g++/bin/../lib/gcc/arm-none-eabi/4.4.1/thumb2/crti.o
                0x0000b554                _fini
 .fini          0x0000b558        0x8 c:/microsemi/libero_v11.2/softconsole/sourcery-g++/bin/../lib/gcc/arm-none-eabi/4.4.1/thumb2/crtn.o
                0x0000b560                PROVIDE (__preinit_array_start, .)
 *(.preinit_array)
                0x0000b560                PROVIDE (__preinit_array_end, .)
                0x0000b560                PROVIDE (__init_array_start, .)
 *(SORT(.init_array.*))
 *(.init_array)
 .init_array    0x0000b560        0x4 c:/microsemi/libero_v11.2/softconsole/sourcery-g++/bin/../lib/gcc/arm-none-eabi/4.4.1/thumb2/crtbegin.o
                0x0000b564                PROVIDE (__init_array_end, .)
                0x0000b564                PROVIDE (__fini_array_start, .)
 *(.fini_array)
 .fini_array    0x0000b564        0x4 c:/microsemi/libero_v11.2/softconsole/sourcery-g++/bin/../lib/gcc/arm-none-eabi/4.4.1/thumb2/crtbegin.o
 *(SORT(.fini_array.*))
                0x0000b568                PROVIDE (__fini_array_end, .)
                0x0000b568                __exidx_start = .

.v4_bx          0x0000b568        0x0
 .v4_bx         0x00000000        0x0 linker stubs

.ARM.exidx      0x0000b568        0x8
 *(.ARM.exidx* .gnu.linkonce.armexidx.*)
 .ARM.exidx     0x0000b568        0x8 c:/microsemi/libero_v11.2/softconsole/sourcery-g++/bin/../lib/gcc/arm-none-eabi/4.4.1/thumb2\libgcc.a(_divdi3.o)
 .ARM.exidx     0x0000b570        0x0 c:/microsemi/libero_v11.2/softconsole/sourcery-g++/bin/../lib/gcc/arm-none-eabi/4.4.1/thumb2\libgcc.a(_udivdi3.o)
                                  0x8 (size before relaxing)
                0x0000b570                __exidx_end = .
                0x0000b570                _etext = .

.data           0x20000000      0x538 load address 0x0000b570
                0x0000b570                __data_load = LOADADDR (.data)
                0x0000b570                _sidata = LOADADDR (.data)
                0x20000000                __data_start = .
                0x20000000                _sdata = .
 *(.jcr)
 .jcr           0x20000000        0x0 c:/microsemi/libero_v11.2/softconsole/sourcery-g++/bin/../lib/gcc/arm-none-eabi/4.4.1/thumb2/crtbegin.o
 .jcr           0x20000000        0x4 c:/microsemi/libero_v11.2/softconsole/sourcery-g++/bin/../lib/gcc/arm-none-eabi/4.4.1/thumb2/crtend.o
 *(.got.plt)
 *(.got)
 *(.shdata)
 *(.data .data.* .gnu.linkonce.d.*)
 .data          0x20000004        0xc ./main.o
                0x20000004                action_code
                0x2000000c                g_isp_operation_busy
 .data          0x20000010        0x8 ./drivers/mss_sys_services/mss_sys_services.o
 .data          0x20000018       0x1c ./CMSIS/system_m2sxxx.o
                0x20000018                SystemCoreClock
                0x2000001c                g_FrequencyPCLK0
                0x20000020                g_FrequencyPCLK1
                0x20000024                g_FrequencyPCLK2
                0x20000028                g_FrequencyFIC0
                0x2000002c                g_FrequencyFIC1
                0x20000030                g_FrequencyFIC64
 .data          0x20000034       0xf4 c:/microsemi/libero_v11.2/softconsole/sourcery-g++/bin/../lib/gcc/arm-none-eabi/4.4.1/../../../../arm-none-eabi/lib/thumb2\libc.a(lib_a-impure.o)
                0x20000034                _impure_ptr
 .data          0x20000128      0x410 c:/microsemi/libero_v11.2/softconsole/sourcery-g++/bin/../lib/gcc/arm-none-eabi/4.4.1/../../../../arm-none-eabi/lib/thumb2\libc.a(lib_a-mallocr.o)
                0x20000128                __malloc_av_
                0x20000530                __malloc_sbrk_base
                0x20000534                __malloc_trim_threshold
                0x20000538                . = ALIGN (0x4)
                0x20000538                _edata = .

.bss            0x20000538      0x418 load address 0x0000baa8
                0x20000538                __bss_start__ = .
                0x20000538                _sbss = .
 *(.shbss)
 *(.bss .bss.* .gnu.linkonce.b.*)
 .bss           0x20000538        0x1 c:/microsemi/libero_v11.2/softconsole/sourcery-g++/bin/../lib/gcc/arm-none-eabi/4.4.1/thumb2/crtbegin.o
 *fill*         0x20000539        0x3 00
 .bss           0x2000053c      0x208 ./main.o
                0x20000740                MDDR_status
 .bss           0x20000744       0x2c ./drivers/mss_sys_services/mss_comblk.o
 .bss           0x20000770       0x24 ./drivers/mss_sys_services/mss_sys_services.o
                0x20000780                g_isp_completion_handler
                0x2000078c                g_isp_page_read_handler
 .bss           0x20000794        0x8 ./CMSIS/startup_gcc/newlib_stubs.o
                0x20000798                __env
 .bss           0x2000079c       0x34 c:/microsemi/libero_v11.2/softconsole/sourcery-g++/bin/../lib/gcc/arm-none-eabi/4.4.1/../../../../arm-none-eabi/lib/thumb2\libc.a(lib_a-mallocr.o)
                0x2000079c                __malloc_top_pad
                0x200007a0                __malloc_current_mallinfo
                0x200007c8                __malloc_max_sbrked_mem
                0x200007cc                __malloc_max_total_mem
 *(COMMON)
 COMMON         0x200007d0       0x80 ./drivers/mss_uart/mss_uart.o
                0x200007d0                g_mss_uart1
                0x20000810                g_mss_uart0
 COMMON         0x20000850       0xf8 ./drivers/mss_spi/mss_spi.o
                0x20000850                g_mss_spi1
                0x200008cc                g_mss_spi0
 COMMON         0x20000948        0x4 c:/microsemi/libero_v11.2/softconsole/sourcery-g++/bin/../lib/gcc/arm-none-eabi/4.4.1/../../../../arm-none-eabi/lib/thumb2\libc.a(lib_a-reent.o)
                0x20000948                errno
                0x20000950                . = ALIGN (0x8)
 *fill*         0x2000094c        0x4 00
                0x20000950                __bss_end__ = .
                0x20000950                _end = .
                0x20000950                __end = _end
                0x20000950                _ebss = .
                0x20000950                PROVIDE (end, .)

.stab
 *(.stab)

.stabstr
 *(.stabstr)

.debug
 *(.debug)

.line
 *(.line)

.debug_srcinfo
 *(.debug_srcinfo)

.debug_sfnames
 *(.debug_sfnames)

.debug_aranges
 *(.debug_aranges)

.debug_pubnames
 *(.debug_pubnames)

.debug_info
 *(.debug_info .gnu.linkonce.wi.*)

.debug_abbrev
 *(.debug_abbrev)

.debug_line
 *(.debug_line)

.comment        0x00000000      0x1d9
 .comment       0x00000000       0x2b ./main.o
 .comment       0x0000002b       0x2b ./hal/CortexM3/cortex_nvic.o
 .comment       0x00000056       0x2b ./drivers_config/sys_config/sys_config.o
 .comment       0x00000081       0x2b ./drivers/mss_uart/mss_uart.o
 .comment       0x000000ac       0x2b ./drivers/mss_sys_services/mss_comblk.o
 .comment       0x000000d7       0x2b ./drivers/mss_sys_services/mss_sys_services.o
 .comment       0x00000102       0x2b ./drivers/mss_spi/mss_spi.o
 .comment       0x0000012d       0x2b ./drivers/mss_gpio/mss_gpio.o
 .comment       0x00000158       0x2b ./drivers/at25df641/at25df641.o
 .comment       0x00000183       0x2b ./CMSIS/system_m2sxxx.o
 .comment       0x000001ae       0x2b ./CMSIS/startup_gcc/newlib_stubs.o

.debug_frame    0x00000000      0x834
 *(.debug_frame)
 .debug_frame   0x00000000       0x20 c:/microsemi/libero_v11.2/softconsole/sourcery-g++/bin/../lib/gcc/arm-none-eabi/4.4.1/../../../../arm-none-eabi/lib/thumb2\libc.a(lib_a-errno.o)
 .debug_frame   0x00000020       0x2c c:/microsemi/libero_v11.2/softconsole/sourcery-g++/bin/../lib/gcc/arm-none-eabi/4.4.1/../../../../arm-none-eabi/lib/thumb2\libc.a(lib_a-init.o)
 .debug_frame   0x0000004c       0x34 c:/microsemi/libero_v11.2/softconsole/sourcery-g++/bin/../lib/gcc/arm-none-eabi/4.4.1/../../../../arm-none-eabi/lib/thumb2\libc.a(lib_a-memcpy.o)
 .debug_frame   0x00000080       0x64 c:/microsemi/libero_v11.2/softconsole/sourcery-g++/bin/../lib/gcc/arm-none-eabi/4.4.1/../../../../arm-none-eabi/lib/thumb2\libc.a(lib_a-snprintf.o)
 .debug_frame   0x000000e4       0x68 c:/microsemi/libero_v11.2/softconsole/sourcery-g++/bin/../lib/gcc/arm-none-eabi/4.4.1/../../../../arm-none-eabi/lib/thumb2\libc.a(lib_a-svfprintf.o)
 .debug_frame   0x0000014c       0x64 c:/microsemi/libero_v11.2/softconsole/sourcery-g++/bin/../lib/gcc/arm-none-eabi/4.4.1/../../../../arm-none-eabi/lib/thumb2\libc.a(lib_a-dtoa.o)
 .debug_frame   0x000001b0       0x50 c:/microsemi/libero_v11.2/softconsole/sourcery-g++/bin/../lib/gcc/arm-none-eabi/4.4.1/../../../../arm-none-eabi/lib/thumb2\libc.a(lib_a-freer.o)
 .debug_frame   0x00000200       0x6c c:/microsemi/libero_v11.2/softconsole/sourcery-g++/bin/../lib/gcc/arm-none-eabi/4.4.1/../../../../arm-none-eabi/lib/thumb2\libc.a(lib_a-locale.o)
 .debug_frame   0x0000026c       0x30 c:/microsemi/libero_v11.2/softconsole/sourcery-g++/bin/../lib/gcc/arm-none-eabi/4.4.1/../../../../arm-none-eabi/lib/thumb2\libc.a(lib_a-malloc.o)
 .debug_frame   0x0000029c       0x3c c:/microsemi/libero_v11.2/softconsole/sourcery-g++/bin/../lib/gcc/arm-none-eabi/4.4.1/../../../../arm-none-eabi/lib/thumb2\libc.a(lib_a-mallocr.o)
 .debug_frame   0x000002d8       0x28 c:/microsemi/libero_v11.2/softconsole/sourcery-g++/bin/../lib/gcc/arm-none-eabi/4.4.1/../../../../arm-none-eabi/lib/thumb2\libc.a(lib_a-memchr.o)
 .debug_frame   0x00000300       0x2c c:/microsemi/libero_v11.2/softconsole/sourcery-g++/bin/../lib/gcc/arm-none-eabi/4.4.1/../../../../arm-none-eabi/lib/thumb2\libc.a(lib_a-memmove.o)
 .debug_frame   0x0000032c       0x30 c:/microsemi/libero_v11.2/softconsole/sourcery-g++/bin/../lib/gcc/arm-none-eabi/4.4.1/../../../../arm-none-eabi/lib/thumb2\libc.a(lib_a-mlock.o)
 .debug_frame   0x0000035c      0x240 c:/microsemi/libero_v11.2/softconsole/sourcery-g++/bin/../lib/gcc/arm-none-eabi/4.4.1/../../../../arm-none-eabi/lib/thumb2\libc.a(lib_a-mprec.o)
 .debug_frame   0x0000059c       0x3c c:/microsemi/libero_v11.2/softconsole/sourcery-g++/bin/../lib/gcc/arm-none-eabi/4.4.1/../../../../arm-none-eabi/lib/thumb2\libc.a(lib_a-reallocr.o)
 .debug_frame   0x000005d8       0x20 c:/microsemi/libero_v11.2/softconsole/sourcery-g++/bin/../lib/gcc/arm-none-eabi/4.4.1/../../../../arm-none-eabi/lib/thumb2\libc.a(lib_a-s_isinfd.o)
 .debug_frame   0x000005f8       0x20 c:/microsemi/libero_v11.2/softconsole/sourcery-g++/bin/../lib/gcc/arm-none-eabi/4.4.1/../../../../arm-none-eabi/lib/thumb2\libc.a(lib_a-s_isnand.o)
 .debug_frame   0x00000618       0x2c c:/microsemi/libero_v11.2/softconsole/sourcery-g++/bin/../lib/gcc/arm-none-eabi/4.4.1/../../../../arm-none-eabi/lib/thumb2\libc.a(lib_a-sbrkr.o)
 .debug_frame   0x00000644       0x30 c:/microsemi/libero_v11.2/softconsole/sourcery-g++/bin/../lib/gcc/arm-none-eabi/4.4.1/../../../../arm-none-eabi/lib/thumb2\libc.a(lib_a-strcmp.o)
 .debug_frame   0x00000674       0x20 c:/microsemi/libero_v11.2/softconsole/sourcery-g++/bin/../lib/gcc/arm-none-eabi/4.4.1/../../../../arm-none-eabi/lib/thumb2\libc.a(lib_a-strlen.o)
 .debug_frame   0x00000694       0x2c c:/microsemi/libero_v11.2/softconsole/sourcery-g++/bin/../lib/gcc/arm-none-eabi/4.4.1/../../../../arm-none-eabi/lib/thumb2\libc.a(lib_a-callocr.o)
 .debug_frame   0x000006c0       0x28 c:/microsemi/libero_v11.2/softconsole/sourcery-g++/bin/../lib/gcc/arm-none-eabi/4.4.1/../../../../arm-none-eabi/lib/thumb2\libc.a(lib_a-memset.o)
 .debug_frame   0x000006e8       0x64 c:/microsemi/libero_v11.2/softconsole/sourcery-g++/bin/../lib/gcc/arm-none-eabi/4.4.1/../../../../arm-none-eabi/lib/thumb2\libc.a(lib_a-reent.o)
 .debug_frame   0x0000074c       0x20 c:/microsemi/libero_v11.2/softconsole/sourcery-g++/bin/../lib/gcc/arm-none-eabi/4.4.1/thumb2\libgcc.a(_udivsi3.o)
 .debug_frame   0x0000076c       0x50 c:/microsemi/libero_v11.2/softconsole/sourcery-g++/bin/../lib/gcc/arm-none-eabi/4.4.1/thumb2\libgcc.a(bpabi.o)
 .debug_frame   0x000007bc       0x3c c:/microsemi/libero_v11.2/softconsole/sourcery-g++/bin/../lib/gcc/arm-none-eabi/4.4.1/thumb2\libgcc.a(_divdi3.o)
 .debug_frame   0x000007f8       0x3c c:/microsemi/libero_v11.2/softconsole/sourcery-g++/bin/../lib/gcc/arm-none-eabi/4.4.1/thumb2\libgcc.a(_udivdi3.o)

.debug_str
 *(.debug_str)

.debug_loc
 *(.debug_loc)

.debug_macinfo
 *(.debug_macinfo)

.debug_weaknames
 *(.debug_weaknames)

.debug_funcnames
 *(.debug_funcnames)

.debug_typenames
 *(.debug_typenames)

.debug_varnames
 *(.debug_varnames)

.note.gnu.arm.ident
 *(.note.gnu.arm.ident)

.ARM.attributes
                0x00000000       0x25
 *(.ARM.attributes)
 .ARM.attributes
                0x00000000       0x19 c:/microsemi/libero_v11.2/softconsole/sourcery-g++/bin/../lib/gcc/arm-none-eabi/4.4.1/thumb2/crti.o
 .ARM.attributes
                0x00000019       0x29 c:/microsemi/libero_v11.2/softconsole/sourcery-g++/bin/../lib/gcc/arm-none-eabi/4.4.1/thumb2/crtbegin.o
 .ARM.attributes
                0x00000042       0x31 ./main.o
 .ARM.attributes
                0x00000073       0x31 ./hal/CortexM3/cortex_nvic.o
 .ARM.attributes
                0x000000a4       0x21 ./hal/CortexM3/GNU/hal.o
 .ARM.attributes
                0x000000c5       0x21 ./hal/CortexM3/GNU/hw_reg_access.o
 .ARM.attributes
                0x000000e6       0x31 ./drivers_config/sys_config/sys_config.o
 .ARM.attributes
                0x00000117       0x31 ./drivers/mss_uart/mss_uart.o
 .ARM.attributes
                0x00000148       0x31 ./drivers/mss_sys_services/mss_comblk.o
 .ARM.attributes
                0x00000179       0x31 ./drivers/mss_sys_services/mss_sys_services.o
 .ARM.attributes
                0x000001aa       0x31 ./drivers/mss_spi/mss_spi.o
 .ARM.attributes
                0x000001db       0x31 ./drivers/mss_gpio/mss_gpio.o
 .ARM.attributes
                0x0000020c       0x31 ./drivers/at25df641/at25df641.o
 .ARM.attributes
                0x0000023d       0x31 ./CMSIS/system_m2sxxx.o
 .ARM.attributes
                0x0000026e       0x31 ./CMSIS/startup_gcc/newlib_stubs.o
 .ARM.attributes
                0x0000029f       0x21 ./CMSIS/startup_gcc/startup_m2sxxx.o
 .ARM.attributes
                0x000002c0       0x29 c:/microsemi/libero_v11.2/softconsole/sourcery-g++/bin/../lib/gcc/arm-none-eabi/4.4.1/../../../../arm-none-eabi/lib/thumb2\libc.a(lib_a-errno.o)
 .ARM.attributes
                0x000002e9       0x29 c:/microsemi/libero_v11.2/softconsole/sourcery-g++/bin/../lib/gcc/arm-none-eabi/4.4.1/../../../../arm-none-eabi/lib/thumb2\libc.a(lib_a-impure.o)
 .ARM.attributes
                0x00000312       0x29 c:/microsemi/libero_v11.2/softconsole/sourcery-g++/bin/../lib/gcc/arm-none-eabi/4.4.1/../../../../arm-none-eabi/lib/thumb2\libc.a(lib_a-init.o)
 .ARM.attributes
                0x0000033b       0x29 c:/microsemi/libero_v11.2/softconsole/sourcery-g++/bin/../lib/gcc/arm-none-eabi/4.4.1/../../../../arm-none-eabi/lib/thumb2\libc.a(lib_a-memcpy.o)
 .ARM.attributes
                0x00000364       0x29 c:/microsemi/libero_v11.2/softconsole/sourcery-g++/bin/../lib/gcc/arm-none-eabi/4.4.1/../../../../arm-none-eabi/lib/thumb2\libc.a(lib_a-snprintf.o)
 .ARM.attributes
                0x0000038d       0x29 c:/microsemi/libero_v11.2/softconsole/sourcery-g++/bin/../lib/gcc/arm-none-eabi/4.4.1/../../../../arm-none-eabi/lib/thumb2\libc.a(lib_a-svfprintf.o)
 .ARM.attributes
                0x000003b6       0x29 c:/microsemi/libero_v11.2/softconsole/sourcery-g++/bin/../lib/gcc/arm-none-eabi/4.4.1/../../../../arm-none-eabi/lib/thumb2\libc.a(lib_a-dtoa.o)
 .ARM.attributes
                0x000003df       0x29 c:/microsemi/libero_v11.2/softconsole/sourcery-g++/bin/../lib/gcc/arm-none-eabi/4.4.1/../../../../arm-none-eabi/lib/thumb2\libc.a(lib_a-freer.o)
 .ARM.attributes
                0x00000408       0x29 c:/microsemi/libero_v11.2/softconsole/sourcery-g++/bin/../lib/gcc/arm-none-eabi/4.4.1/../../../../arm-none-eabi/lib/thumb2\libc.a(lib_a-locale.o)
 .ARM.attributes
                0x00000431       0x29 c:/microsemi/libero_v11.2/softconsole/sourcery-g++/bin/../lib/gcc/arm-none-eabi/4.4.1/../../../../arm-none-eabi/lib/thumb2\libc.a(lib_a-malloc.o)
 .ARM.attributes
                0x0000045a       0x29 c:/microsemi/libero_v11.2/softconsole/sourcery-g++/bin/../lib/gcc/arm-none-eabi/4.4.1/../../../../arm-none-eabi/lib/thumb2\libc.a(lib_a-mallocr.o)
 .ARM.attributes
                0x00000483       0x29 c:/microsemi/libero_v11.2/softconsole/sourcery-g++/bin/../lib/gcc/arm-none-eabi/4.4.1/../../../../arm-none-eabi/lib/thumb2\libc.a(lib_a-memchr.o)
 .ARM.attributes
                0x000004ac       0x29 c:/microsemi/libero_v11.2/softconsole/sourcery-g++/bin/../lib/gcc/arm-none-eabi/4.4.1/../../../../arm-none-eabi/lib/thumb2\libc.a(lib_a-memmove.o)
 .ARM.attributes
                0x000004d5       0x29 c:/microsemi/libero_v11.2/softconsole/sourcery-g++/bin/../lib/gcc/arm-none-eabi/4.4.1/../../../../arm-none-eabi/lib/thumb2\libc.a(lib_a-mlock.o)
 .ARM.attributes
                0x000004fe       0x29 c:/microsemi/libero_v11.2/softconsole/sourcery-g++/bin/../lib/gcc/arm-none-eabi/4.4.1/../../../../arm-none-eabi/lib/thumb2\libc.a(lib_a-mprec.o)
 .ARM.attributes
                0x00000527       0x29 c:/microsemi/libero_v11.2/softconsole/sourcery-g++/bin/../lib/gcc/arm-none-eabi/4.4.1/../../../../arm-none-eabi/lib/thumb2\libc.a(lib_a-reallocr.o)
 .ARM.attributes
                0x00000550       0x29 c:/microsemi/libero_v11.2/softconsole/sourcery-g++/bin/../lib/gcc/arm-none-eabi/4.4.1/../../../../arm-none-eabi/lib/thumb2\libc.a(lib_a-s_isinfd.o)
 .ARM.attributes
                0x00000579       0x29 c:/microsemi/libero_v11.2/softconsole/sourcery-g++/bin/../lib/gcc/arm-none-eabi/4.4.1/../../../../arm-none-eabi/lib/thumb2\libc.a(lib_a-s_isnand.o)
 .ARM.attributes
                0x000005a2       0x29 c:/microsemi/libero_v11.2/softconsole/sourcery-g++/bin/../lib/gcc/arm-none-eabi/4.4.1/../../../../arm-none-eabi/lib/thumb2\libc.a(lib_a-sbrkr.o)
 .ARM.attributes
                0x000005cb       0x29 c:/microsemi/libero_v11.2/softconsole/sourcery-g++/bin/../lib/gcc/arm-none-eabi/4.4.1/../../../../arm-none-eabi/lib/thumb2\libc.a(lib_a-strcmp.o)
 .ARM.attributes
                0x000005f4       0x29 c:/microsemi/libero_v11.2/softconsole/sourcery-g++/bin/../lib/gcc/arm-none-eabi/4.4.1/../../../../arm-none-eabi/lib/thumb2\libc.a(lib_a-strlen.o)
 .ARM.attributes
                0x0000061d       0x29 c:/microsemi/libero_v11.2/softconsole/sourcery-g++/bin/../lib/gcc/arm-none-eabi/4.4.1/../../../../arm-none-eabi/lib/thumb2\libc.a(lib_a-callocr.o)
 .ARM.attributes
                0x00000646       0x29 c:/microsemi/libero_v11.2/softconsole/sourcery-g++/bin/../lib/gcc/arm-none-eabi/4.4.1/../../../../arm-none-eabi/lib/thumb2\libc.a(lib_a-memset.o)
 .ARM.attributes
                0x0000066f       0x29 c:/microsemi/libero_v11.2/softconsole/sourcery-g++/bin/../lib/gcc/arm-none-eabi/4.4.1/../../../../arm-none-eabi/lib/thumb2\libc.a(lib_a-reent.o)
 .ARM.attributes
                0x00000698       0x1b c:/microsemi/libero_v11.2/softconsole/sourcery-g++/bin/../lib/gcc/arm-none-eabi/4.4.1/thumb2\libgcc.a(_udivsi3.o)
 .ARM.attributes
                0x000006b3       0x1b c:/microsemi/libero_v11.2/softconsole/sourcery-g++/bin/../lib/gcc/arm-none-eabi/4.4.1/thumb2\libgcc.a(_dvmd_tls.o)
 .ARM.attributes
                0x000006ce       0x1b c:/microsemi/libero_v11.2/softconsole/sourcery-g++/bin/../lib/gcc/arm-none-eabi/4.4.1/thumb2\libgcc.a(_arm_addsubdf3.o)
 .ARM.attributes
                0x000006e9       0x1b c:/microsemi/libero_v11.2/softconsole/sourcery-g++/bin/../lib/gcc/arm-none-eabi/4.4.1/thumb2\libgcc.a(_arm_muldivdf3.o)
 .ARM.attributes
                0x00000704       0x1b c:/microsemi/libero_v11.2/softconsole/sourcery-g++/bin/../lib/gcc/arm-none-eabi/4.4.1/thumb2\libgcc.a(_arm_cmpdf2.o)
 .ARM.attributes
                0x0000071f       0x1b c:/microsemi/libero_v11.2/softconsole/sourcery-g++/bin/../lib/gcc/arm-none-eabi/4.4.1/thumb2\libgcc.a(_arm_fixdfsi.o)
 .ARM.attributes
                0x0000073a       0x1b c:/microsemi/libero_v11.2/softconsole/sourcery-g++/bin/../lib/gcc/arm-none-eabi/4.4.1/thumb2\libgcc.a(_aeabi_uldivmod.o)
 .ARM.attributes
                0x00000755       0x29 c:/microsemi/libero_v11.2/softconsole/sourcery-g++/bin/../lib/gcc/arm-none-eabi/4.4.1/thumb2\libgcc.a(bpabi.o)
 .ARM.attributes
                0x0000077e       0x29 c:/microsemi/libero_v11.2/softconsole/sourcery-g++/bin/../lib/gcc/arm-none-eabi/4.4.1/thumb2\libgcc.a(_divdi3.o)
 .ARM.attributes
                0x000007a7       0x29 c:/microsemi/libero_v11.2/softconsole/sourcery-g++/bin/../lib/gcc/arm-none-eabi/4.4.1/thumb2\libgcc.a(_udivdi3.o)
 .ARM.attributes
                0x000007d0       0x29 c:/microsemi/libero_v11.2/softconsole/sourcery-g++/bin/../lib/gcc/arm-none-eabi/4.4.1/thumb2/crtend.o
 .ARM.attributes
                0x000007f9       0x19 c:/microsemi/libero_v11.2/softconsole/sourcery-g++/bin/../lib/gcc/arm-none-eabi/4.4.1/thumb2/crtn.o

/DISCARD/
 *(.note.GNU-stack)
OUTPUT(ISP_USB_SPI_FLASH elf32-littlearm)
